build	Set up job	﻿2026-02-18T05:03:39.4024705Z Current runner version: '2.331.0'
build	Set up job	2026-02-18T05:03:39.4052599Z ##[group]Runner Image Provisioner
build	Set up job	2026-02-18T05:03:39.4053569Z Hosted Compute Agent
build	Set up job	2026-02-18T05:03:39.4054119Z Version: 20260123.484
build	Set up job	2026-02-18T05:03:39.4054813Z Commit: 6bd6555ca37d84114959e1c76d2c01448ff61c5d
build	Set up job	2026-02-18T05:03:39.4055567Z Build Date: 2026-01-23T19:41:17Z
build	Set up job	2026-02-18T05:03:39.4056273Z Worker ID: {1b0fde8b-f868-48f6-acb6-92125772554b}
build	Set up job	2026-02-18T05:03:39.4056966Z Azure Region: westus
build	Set up job	2026-02-18T05:03:39.4057582Z ##[endgroup]
build	Set up job	2026-02-18T05:03:39.4059267Z ##[group]Operating System
build	Set up job	2026-02-18T05:03:39.4059937Z Ubuntu
build	Set up job	2026-02-18T05:03:39.4060514Z 24.04.3
build	Set up job	2026-02-18T05:03:39.4061028Z LTS
build	Set up job	2026-02-18T05:03:39.4061559Z ##[endgroup]
build	Set up job	2026-02-18T05:03:39.4062073Z ##[group]Runner Image
build	Set up job	2026-02-18T05:03:39.4062669Z Image: ubuntu-24.04
build	Set up job	2026-02-18T05:03:39.4063159Z Version: 20260209.23.1
build	Set up job	2026-02-18T05:03:39.4064222Z Included Software: https://github.com/actions/runner-images/blob/ubuntu24/20260209.23/images/ubuntu/Ubuntu2404-Readme.md
build	Set up job	2026-02-18T05:03:39.4065932Z Image Release: https://github.com/actions/runner-images/releases/tag/ubuntu24%2F20260209.23
build	Set up job	2026-02-18T05:03:39.4066899Z ##[endgroup]
build	Set up job	2026-02-18T05:03:39.4067868Z ##[group]GITHUB_TOKEN Permissions
build	Set up job	2026-02-18T05:03:39.4070566Z Contents: write
build	Set up job	2026-02-18T05:03:39.4071276Z Metadata: read
build	Set up job	2026-02-18T05:03:39.4071800Z ##[endgroup]
build	Set up job	2026-02-18T05:03:39.4074067Z Secret source: Actions
build	Set up job	2026-02-18T05:03:39.4074909Z Prepare workflow directory
build	Set up job	2026-02-18T05:03:39.4423128Z Prepare all required actions
build	Set up job	2026-02-18T05:03:39.4464306Z Getting action download info
build	Set up job	2026-02-18T05:03:39.9899657Z Download action repository 'actions/checkout@v4' (SHA:34e114876b0b11c390a56381ad16ebd13914f8d5)
build	Set up job	2026-02-18T05:03:40.1845343Z Download action repository 'actions/setup-node@v4' (SHA:49933ea5288caeca8642d1e84afbd3f7d6820020)
build	Set up job	2026-02-18T05:03:40.3332401Z Download action repository 'actions/setup-java@v4' (SHA:c1e323688fd81a25caa38c78aa6df2d33d3e20d9)
build	Set up job	2026-02-18T05:03:41.5068142Z Download action repository 'android-actions/setup-android@v3' (SHA:9fc6c4e9069bf8d3d10b2204b1fb8f6ef7065407)
build	Set up job	2026-02-18T05:03:42.3191747Z Download action repository 'oven-sh/setup-bun@v1' (SHA:f4d14e03ff726c06358e5557344e1da148b56cf7)
build	Set up job	2026-02-18T05:03:43.2653654Z Download action repository 'softprops/action-gh-release@v2' (SHA:a06a81a03ee405af7f2048a818ed3f03bbf83c7b)
build	Set up job	2026-02-18T05:03:44.2416944Z Complete job name: build
build	Checkout code	﻿2026-02-18T05:03:44.3093225Z ##[group]Run actions/checkout@v4
build	Checkout code	2026-02-18T05:03:44.3094117Z with:
build	Checkout code	2026-02-18T05:03:44.3094514Z   repository: 1williamaoayers/opencode-android-apk
build	Checkout code	2026-02-18T05:03:44.3095107Z   token: ***
build	Checkout code	2026-02-18T05:03:44.3095370Z   ssh-strict: true
build	Checkout code	2026-02-18T05:03:44.3095730Z   ssh-user: git
build	Checkout code	2026-02-18T05:03:44.3096053Z   persist-credentials: true
build	Checkout code	2026-02-18T05:03:44.3096337Z   clean: true
build	Checkout code	2026-02-18T05:03:44.3096717Z   sparse-checkout-cone-mode: true
build	Checkout code	2026-02-18T05:03:44.3097053Z   fetch-depth: 1
build	Checkout code	2026-02-18T05:03:44.3097348Z   fetch-tags: false
build	Checkout code	2026-02-18T05:03:44.3097606Z   show-progress: true
build	Checkout code	2026-02-18T05:03:44.3097997Z   lfs: false
build	Checkout code	2026-02-18T05:03:44.3098239Z   submodules: false
build	Checkout code	2026-02-18T05:03:44.3098558Z   set-safe-directory: true
build	Checkout code	2026-02-18T05:03:44.3099429Z ##[endgroup]
build	Checkout code	2026-02-18T05:03:44.4226323Z Syncing repository: 1williamaoayers/opencode-android-apk
build	Checkout code	2026-02-18T05:03:44.4228278Z ##[group]Getting Git version info
build	Checkout code	2026-02-18T05:03:44.4229261Z Working directory is '/home/runner/work/opencode-android-apk/opencode-android-apk'
build	Checkout code	2026-02-18T05:03:44.4230279Z [command]/usr/bin/git version
build	Checkout code	2026-02-18T05:03:44.4231685Z git version 2.52.0
build	Checkout code	2026-02-18T05:03:44.4258489Z ##[endgroup]
build	Checkout code	2026-02-18T05:03:44.4280993Z Temporarily overriding HOME='/home/runner/work/_temp/de84d3aa-9bda-42f4-a4ff-3380fb023a94' before making global git config changes
build	Checkout code	2026-02-18T05:03:44.4282010Z Adding repository directory to the temporary git global config as a safe directory
build	Checkout code	2026-02-18T05:03:44.4286206Z [command]/usr/bin/git config --global --add safe.directory /home/runner/work/opencode-android-apk/opencode-android-apk
build	Checkout code	2026-02-18T05:03:44.4329948Z Deleting the contents of '/home/runner/work/opencode-android-apk/opencode-android-apk'
build	Checkout code	2026-02-18T05:03:44.4333869Z ##[group]Initializing the repository
build	Checkout code	2026-02-18T05:03:44.4338135Z [command]/usr/bin/git init /home/runner/work/opencode-android-apk/opencode-android-apk
build	Checkout code	2026-02-18T05:03:44.4464424Z hint: Using 'master' as the name for the initial branch. This default branch name
build	Checkout code	2026-02-18T05:03:44.4465626Z hint: will change to "main" in Git 3.0. To configure the initial branch name
build	Checkout code	2026-02-18T05:03:44.4466555Z hint: to use in all of your new repositories, which will suppress this warning,
build	Checkout code	2026-02-18T05:03:44.4467157Z hint: call:
build	Checkout code	2026-02-18T05:03:44.4467482Z hint:
build	Checkout code	2026-02-18T05:03:44.4468780Z hint: 	git config --global init.defaultBranch <name>
build	Checkout code	2026-02-18T05:03:44.4469666Z hint:
build	Checkout code	2026-02-18T05:03:44.4470191Z hint: Names commonly chosen instead of 'master' are 'main', 'trunk' and
build	Checkout code	2026-02-18T05:03:44.4471082Z hint: 'development'. The just-created branch can be renamed via this command:
build	Checkout code	2026-02-18T05:03:44.4471728Z hint:
build	Checkout code	2026-02-18T05:03:44.4472048Z hint: 	git branch -m <name>
build	Checkout code	2026-02-18T05:03:44.4472506Z hint:
build	Checkout code	2026-02-18T05:03:44.4472994Z hint: Disable this message with "git config set advice.defaultBranchName false"
build	Checkout code	2026-02-18T05:03:44.4474158Z Initialized empty Git repository in /home/runner/work/opencode-android-apk/opencode-android-apk/.git/
build	Checkout code	2026-02-18T05:03:44.4481461Z [command]/usr/bin/git remote add origin https://github.com/1williamaoayers/opencode-android-apk
build	Checkout code	2026-02-18T05:03:44.4530665Z ##[endgroup]
build	Checkout code	2026-02-18T05:03:44.4531473Z ##[group]Disabling automatic garbage collection
build	Checkout code	2026-02-18T05:03:44.4535806Z [command]/usr/bin/git config --local gc.auto 0
build	Checkout code	2026-02-18T05:03:44.4593726Z ##[endgroup]
build	Checkout code	2026-02-18T05:03:44.4595216Z ##[group]Setting up auth
build	Checkout code	2026-02-18T05:03:44.4596148Z [command]/usr/bin/git config --local --name-only --get-regexp core\.sshCommand
build	Checkout code	2026-02-18T05:03:44.4647449Z [command]/usr/bin/git submodule foreach --recursive sh -c "git config --local --name-only --get-regexp 'core\.sshCommand' && git config --local --unset-all 'core.sshCommand' || :"
build	Checkout code	2026-02-18T05:03:44.5137723Z [command]/usr/bin/git config --local --name-only --get-regexp http\.https\:\/\/github\.com\/\.extraheader
build	Checkout code	2026-02-18T05:03:44.5178544Z [command]/usr/bin/git submodule foreach --recursive sh -c "git config --local --name-only --get-regexp 'http\.https\:\/\/github\.com\/\.extraheader' && git config --local --unset-all 'http.https://github.com/.extraheader' || :"
build	Checkout code	2026-02-18T05:03:44.5462145Z [command]/usr/bin/git config --local --name-only --get-regexp ^includeIf\.gitdir:
build	Checkout code	2026-02-18T05:03:44.5497891Z [command]/usr/bin/git submodule foreach --recursive git config --local --show-origin --name-only --get-regexp remote.origin.url
build	Checkout code	2026-02-18T05:03:44.5745147Z [command]/usr/bin/git config --local http.https://github.com/.extraheader AUTHORIZATION: basic ***
build	Checkout code	2026-02-18T05:03:44.5784001Z ##[endgroup]
build	Checkout code	2026-02-18T05:03:44.5784998Z ##[group]Fetching the repository
build	Checkout code	2026-02-18T05:03:44.5793331Z [command]/usr/bin/git -c protocol.version=2 fetch --no-tags --prune --no-recurse-submodules --depth=1 origin +aceac8580ef17202407fc0c86ebc1307126f9993:refs/tags/v0.6.4
build	Checkout code	2026-02-18T05:03:46.9171926Z From https://github.com/1williamaoayers/opencode-android-apk
build	Checkout code	2026-02-18T05:03:46.9173235Z  * [new ref]         aceac8580ef17202407fc0c86ebc1307126f9993 -> v0.6.4
build	Checkout code	2026-02-18T05:03:46.9282715Z ##[endgroup]
build	Checkout code	2026-02-18T05:03:46.9283770Z ##[group]Determining the checkout info
build	Checkout code	2026-02-18T05:03:46.9284685Z ##[endgroup]
build	Checkout code	2026-02-18T05:03:46.9285112Z [command]/usr/bin/git sparse-checkout disable
build	Checkout code	2026-02-18T05:03:46.9286382Z [command]/usr/bin/git config --local --unset-all extensions.worktreeConfig
build	Checkout code	2026-02-18T05:03:46.9295352Z ##[group]Checking out the ref
build	Checkout code	2026-02-18T05:03:46.9300293Z [command]/usr/bin/git checkout --progress --force refs/tags/v0.6.4
build	Checkout code	2026-02-18T05:03:47.3690235Z Note: switching to 'refs/tags/v0.6.4'.
build	Checkout code	2026-02-18T05:03:47.3690780Z 
build	Checkout code	2026-02-18T05:03:47.3691153Z You are in 'detached HEAD' state. You can look around, make experimental
build	Checkout code	2026-02-18T05:03:47.3692029Z changes and commit them, and you can discard any commits you make in this
build	Checkout code	2026-02-18T05:03:47.3693266Z state without impacting any branches by switching back to a branch.
build	Checkout code	2026-02-18T05:03:47.3693838Z 
build	Checkout code	2026-02-18T05:03:47.3694212Z If you want to create a new branch to retain commits you create, you may
build	Checkout code	2026-02-18T05:03:47.3695003Z do so (now or later) by using -c with the switch command. Example:
build	Checkout code	2026-02-18T05:03:47.3695469Z 
build	Checkout code	2026-02-18T05:03:47.3695637Z   git switch -c <new-branch-name>
build	Checkout code	2026-02-18T05:03:47.3695946Z 
build	Checkout code	2026-02-18T05:03:47.3697083Z Or undo this operation with:
build	Checkout code	2026-02-18T05:03:47.3697395Z 
build	Checkout code	2026-02-18T05:03:47.3697547Z   git switch -
build	Checkout code	2026-02-18T05:03:47.3697767Z 
build	Checkout code	2026-02-18T05:03:47.3698133Z Turn off this advice by setting config variable advice.detachedHead to false
build	Checkout code	2026-02-18T05:03:47.3698892Z 
build	Checkout code	2026-02-18T05:03:47.3699268Z HEAD is now at aceac85 feat: implement thick client with connect server screen
build	Checkout code	2026-02-18T05:03:47.3730706Z ##[endgroup]
build	Checkout code	2026-02-18T05:03:47.3783569Z [command]/usr/bin/git log -1 --format=%H
build	Checkout code	2026-02-18T05:03:47.3812480Z aceac8580ef17202407fc0c86ebc1307126f9993
build	Set up Node.js	﻿2026-02-18T05:03:47.4084542Z ##[group]Run actions/setup-node@v4
build	Set up Node.js	2026-02-18T05:03:47.4084845Z with:
build	Set up Node.js	2026-02-18T05:03:47.4085034Z   node-version: 20
build	Set up Node.js	2026-02-18T05:03:47.4085225Z   always-auth: false
build	Set up Node.js	2026-02-18T05:03:47.4085425Z   check-latest: false
build	Set up Node.js	2026-02-18T05:03:47.4085812Z   token: ***
build	Set up Node.js	2026-02-18T05:03:47.4085998Z ##[endgroup]
build	Set up Node.js	2026-02-18T05:03:47.6169251Z Found in cache @ /opt/hostedtoolcache/node/20.20.0/x64
build	Set up Node.js	2026-02-18T05:03:47.6177204Z ##[group]Environment details
build	Set up Node.js	2026-02-18T05:03:50.1799389Z node: v20.20.0
build	Set up Node.js	2026-02-18T05:03:50.1799864Z npm: 10.8.2
build	Set up Node.js	2026-02-18T05:03:50.1800326Z yarn: 1.22.22
build	Set up Node.js	2026-02-18T05:03:50.1801685Z ##[endgroup]
build	Set up JDK 17	﻿2026-02-18T05:03:50.1963670Z ##[group]Run actions/setup-java@v4
build	Set up JDK 17	2026-02-18T05:03:50.1963950Z with:
build	Set up JDK 17	2026-02-18T05:03:50.1964120Z   java-version: 17
build	Set up JDK 17	2026-02-18T05:03:50.1964318Z   distribution: temurin
build	Set up JDK 17	2026-02-18T05:03:50.1964532Z   java-package: jdk
build	Set up JDK 17	2026-02-18T05:03:50.1964721Z   check-latest: false
build	Set up JDK 17	2026-02-18T05:03:50.1964947Z   server-id: github
build	Set up JDK 17	2026-02-18T05:03:50.1965134Z   server-username: GITHUB_ACTOR
build	Set up JDK 17	2026-02-18T05:03:50.1965372Z   server-password: GITHUB_TOKEN
build	Set up JDK 17	2026-02-18T05:03:50.1965596Z   overwrite-settings: true
build	Set up JDK 17	2026-02-18T05:03:50.1965811Z   job-status: success
build	Set up JDK 17	2026-02-18T05:03:50.1966110Z   token: ***
build	Set up JDK 17	2026-02-18T05:03:50.1966291Z ##[endgroup]
build	Set up JDK 17	2026-02-18T05:03:50.3994969Z ##[group]Installed distributions
build	Set up JDK 17	2026-02-18T05:03:50.4301961Z Resolved Java 17.0.18+8 from tool-cache
build	Set up JDK 17	2026-02-18T05:03:50.4302621Z Setting Java 17.0.18+8 as the default
build	Set up JDK 17	2026-02-18T05:03:50.4309375Z Creating toolchains.xml for JDK version 17 from temurin
build	Set up JDK 17	2026-02-18T05:03:50.4387666Z Writing to /home/runner/.m2/toolchains.xml
build	Set up JDK 17	2026-02-18T05:03:50.4388257Z 
build	Set up JDK 17	2026-02-18T05:03:50.4388913Z Java configuration:
build	Set up JDK 17	2026-02-18T05:03:50.4389859Z   Distribution: temurin
build	Set up JDK 17	2026-02-18T05:03:50.4390339Z   Version: 17.0.18+8
build	Set up JDK 17	2026-02-18T05:03:50.4391180Z   Path: /opt/hostedtoolcache/Java_Temurin-Hotspot_jdk/17.0.18-8/x64
build	Set up JDK 17	2026-02-18T05:03:50.4391824Z 
build	Set up JDK 17	2026-02-18T05:03:50.4392417Z ##[endgroup]
build	Set up JDK 17	2026-02-18T05:03:50.4397659Z Creating settings.xml with server-id: github
build	Set up JDK 17	2026-02-18T05:03:50.4415318Z Writing to /home/runner/.m2/settings.xml
build	Set up Android SDK	﻿2026-02-18T05:03:50.4534909Z ##[group]Run android-actions/setup-android@v3
build	Set up Android SDK	2026-02-18T05:03:50.4535218Z with:
build	Set up Android SDK	2026-02-18T05:03:50.4535493Z   packages: platform-tools platforms;android-34 build-tools;34.0.0
build	Set up Android SDK	2026-02-18T05:03:50.4535852Z   cmdline-tools-version: 12266719
build	Set up Android SDK	2026-02-18T05:03:50.4536101Z   accept-android-sdk-licenses: true
build	Set up Android SDK	2026-02-18T05:03:50.4536375Z   log-accepted-android-sdk-licenses: true
build	Set up Android SDK	2026-02-18T05:03:50.4536621Z env:
build	Set up Android SDK	2026-02-18T05:03:50.4536897Z   JAVA_HOME: /opt/hostedtoolcache/Java_Temurin-Hotspot_jdk/17.0.18-8/x64
build	Set up Android SDK	2026-02-18T05:03:50.4537357Z   JAVA_HOME_17_X64: /opt/hostedtoolcache/Java_Temurin-Hotspot_jdk/17.0.18-8/x64
build	Set up Android SDK	2026-02-18T05:03:50.4537703Z ##[endgroup]
build	Set up Android SDK	2026-02-18T05:03:50.5618922Z Found preinstalled sdkmanager in /usr/local/lib/android/sdk/cmdline-tools/latest with following source.properties:
build	Set up Android SDK	2026-02-18T05:03:50.5621042Z Pkg.Revision=12.0
build	Set up Android SDK	2026-02-18T05:03:50.5621568Z Pkg.Path=cmdline-tools;12.0
build	Set up Android SDK	2026-02-18T05:03:50.5622299Z Pkg.Desc=Android SDK Command-line Tools
build	Set up Android SDK	2026-02-18T05:03:50.5622741Z 
build	Set up Android SDK	2026-02-18T05:03:50.5623183Z Wrong version in preinstalled sdkmanager
build	Set up Android SDK	2026-02-18T05:03:50.5624893Z Downloading commandline tools from https://dl.google.com/android/repository/commandlinetools-linux-12266719_latest.zip
build	Set up Android SDK	2026-02-18T05:03:51.9072493Z [command]/usr/bin/unzip -o -q /home/runner/work/_temp/e93ef9a9-e0a5-4515-8e53-47ddcb164551
build	Set up Android SDK	2026-02-18T05:03:52.7285315Z Accepting Android SDK licenses
build	Set up Android SDK	2026-02-18T05:03:52.7292915Z [command]/usr/local/lib/android/sdk/cmdline-tools/16.0/bin/sdkmanager --licenses
build	Set up Android SDK	2026-02-18T05:03:59.2452240Z Loading local repository...                                                     
build	Set up Android SDK	2026-02-18T05:03:59.2454023Z [=========                              ] 25% Loading local repository...       
build	Set up Android SDK	2026-02-18T05:04:02.1721876Z [=========                              ] 25% Fetch remote repository...        
build	Set up Android SDK	2026-02-18T05:04:02.7199962Z [==========                             ] 26% Fetch remote repository...        
build	Set up Android SDK	2026-02-18T05:04:02.7202471Z [============                           ] 31% Fetch remote repository...        
build	Set up Android SDK	2026-02-18T05:04:02.7429973Z [============                           ] 32% Fetch remote repository...        
build	Set up Android SDK	2026-02-18T05:04:02.7431950Z [=============                          ] 33% Fetch remote repository...        
build	Set up Android SDK	2026-02-18T05:04:02.7764814Z [=============                          ] 35% Fetch remote repository...        
build	Set up Android SDK	2026-02-18T05:04:02.7777071Z [==============                         ] 36% Fetch remote repository...        
build	Set up Android SDK	2026-02-18T05:04:02.7955481Z [==============                         ] 37% Fetch remote repository...        
build	Set up Android SDK	2026-02-18T05:04:02.7962019Z [===============                        ] 38% Fetch remote repository...        
build	Set up Android SDK	2026-02-18T05:04:02.8085875Z [===============                        ] 39% Fetch remote repository...        
build	Set up Android SDK	2026-02-18T05:04:02.8101636Z [================                       ] 40% Fetch remote repository...        
build	Set up Android SDK	2026-02-18T05:04:02.8288359Z [================                       ] 41% Fetch remote repository...        
build	Set up Android SDK	2026-02-18T05:04:02.8289981Z [================                       ] 42% Fetch remote repository...        
build	Set up Android SDK	2026-02-18T05:04:02.8397958Z [=================                      ] 44% Fetch remote repository...        
build	Set up Android SDK	2026-02-18T05:04:02.8405017Z [=================                      ] 45% Fetch remote repository...        
build	Set up Android SDK	2026-02-18T05:04:02.8509087Z [==================                     ] 46% Fetch remote repository...        
build	Set up Android SDK	2026-02-18T05:04:02.8520444Z [==================                     ] 47% Fetch remote repository...        
build	Set up Android SDK	2026-02-18T05:04:02.8620946Z [===================                    ] 48% Fetch remote repository...        
build	Set up Android SDK	2026-02-18T05:04:02.8626149Z [===================                    ] 49% Fetch remote repository...        
build	Set up Android SDK	2026-02-18T05:04:02.8877667Z [====================                   ] 50% Fetch remote repository...        
build	Set up Android SDK	2026-02-18T05:04:02.8888546Z [====================                   ] 51% Fetch remote repository...        
build	Set up Android SDK	2026-02-18T05:04:02.9007744Z [====================                   ] 53% Fetch remote repository...        
build	Set up Android SDK	2026-02-18T05:04:02.9009919Z [=====================                  ] 54% Fetch remote repository...        
build	Set up Android SDK	2026-02-18T05:04:02.9173124Z [=====================                  ] 55% Fetch remote repository...        
build	Set up Android SDK	2026-02-18T05:04:02.9174636Z [======================                 ] 56% Fetch remote repository...        
build	Set up Android SDK	2026-02-18T05:04:02.9291637Z [======================                 ] 57% Fetch remote repository...        
build	Set up Android SDK	2026-02-18T05:04:02.9297276Z [=======================                ] 58% Fetch remote repository...        
build	Set up Android SDK	2026-02-18T05:04:02.9410647Z [=======================                ] 59% Fetch remote repository...        
build	Set up Android SDK	2026-02-18T05:04:02.9417451Z [========================               ] 60% Fetch remote repository...        
build	Set up Android SDK	2026-02-18T05:04:03.0280788Z [========================               ] 61% Fetch remote repository...        
build	Set up Android SDK	2026-02-18T05:04:03.0286454Z [=========================              ] 63% Fetch remote repository...        
build	Set up Android SDK	2026-02-18T05:04:03.0466864Z [=========================              ] 64% Fetch remote repository...        
build	Set up Android SDK	2026-02-18T05:04:03.0473630Z [=========================              ] 65% Fetch remote repository...        
build	Set up Android SDK	2026-02-18T05:04:03.0595017Z [==========================             ] 66% Fetch remote repository...        
build	Set up Android SDK	2026-02-18T05:04:03.0601121Z [==========================             ] 67% Fetch remote repository...        
build	Set up Android SDK	2026-02-18T05:04:03.0847875Z [===========================            ] 68% Fetch remote repository...        
build	Set up Android SDK	2026-02-18T05:04:03.0851351Z [===========================            ] 69% Fetch remote repository...        
build	Set up Android SDK	2026-02-18T05:04:03.1103941Z [============================           ] 70% Fetch remote repository...        
build	Set up Android SDK	2026-02-18T05:04:03.1126134Z [============================           ] 72% Fetch remote repository...        
build	Set up Android SDK	2026-02-18T05:04:03.1733550Z [=============================          ] 73% Fetch remote repository...        
build	Set up Android SDK	2026-02-18T05:04:03.1740564Z [=============================          ] 74% Fetch remote repository...        
build	Set up Android SDK	2026-02-18T05:04:03.1840649Z [=============================          ] 75% Fetch remote repository...        
build	Set up Android SDK	2026-02-18T05:04:03.1981474Z [=============================          ] 75% Computing updates...              
build	Set up Android SDK	2026-02-18T05:04:03.1990207Z [=======================================] 100% Computing updates...             
build	Set up Android SDK	2026-02-18T05:04:03.2731895Z 6 of 7 SDK package licenses not accepted.
build	Set up Android SDK	2026-02-18T05:04:03.2734474Z Review licenses that have not been accepted (y/N)? 
build	Set up Android SDK	2026-02-18T05:04:03.2736571Z 1/6: License android-googletv-license:
build	Set up Android SDK	2026-02-18T05:04:03.2743400Z ---------------------------------------
build	Set up Android SDK	2026-02-18T05:04:03.2746401Z Terms and Conditions
build	Set up Android SDK	2026-02-18T05:04:03.2746661Z 
build	Set up Android SDK	2026-02-18T05:04:03.2748240Z This is the Google TV Add-on for the Android Software Development Kit License Agreement.
build	Set up Android SDK	2026-02-18T05:04:03.2749059Z 
build	Set up Android SDK	2026-02-18T05:04:03.2749205Z 1. Introduction
build	Set up Android SDK	2026-02-18T05:04:03.2749439Z 
build	Set up Android SDK	2026-02-18T05:04:03.2752612Z 1.1 The Google TV Add-on for the Android Software Development Kit (referred to in this License Agreement as the "Google TV Add-on" and specifically including the Android system files, packaged APIs, and Google APIs add-ons) is licensed to you subject to the terms of this License Agreement. This License Agreement forms a legally binding contract between you and Google in relation to your use of the Google TV Add-on.
build	Set up Android SDK	2026-02-18T05:04:03.2755091Z 
build	Set up Android SDK	2026-02-18T05:04:03.2756236Z 1.2 "Google" means Google Inc., a Delaware corporation with principal place of business at 1600 Amphitheatre Parkway, Mountain View, CA 94043, United States.
build	Set up Android SDK	2026-02-18T05:04:03.2757217Z 
build	Set up Android SDK	2026-02-18T05:04:03.2757476Z 2. Accepting this License Agreement
build	Set up Android SDK	2026-02-18T05:04:03.2757784Z 
build	Set up Android SDK	2026-02-18T05:04:03.2759210Z 2.1 In order to use the Google TV Add-on, you must first agree to this License Agreement. You may not use the Google TV Add-on if you do not accept this License Agreement.
build	Set up Android SDK	2026-02-18T05:04:03.2760300Z 
build	Set up Android SDK	2026-02-18T05:04:03.2761090Z 2.2 You can accept this License Agreement by:
build	Set up Android SDK	2026-02-18T05:04:03.2761463Z 
build	Set up Android SDK	2026-02-18T05:04:03.2762250Z (A) clicking to accept or agree to this License Agreement, where this option is made available to you; or
build	Set up Android SDK	2026-02-18T05:04:03.2763023Z 
build	Set up Android SDK	2026-02-18T05:04:03.2764365Z (B) by actually using the Google TV Add-on. In this case, you agree that use of the Google TV Add-on constitutes acceptance of the License Agreement from that point onwards.
build	Set up Android SDK	2026-02-18T05:04:03.2765527Z 
build	Set up Android SDK	2026-02-18T05:04:03.2767847Z 2.3 You may not use the Google TV Add-on and may not accept the Licensing Agreement if you are a person barred from receiving the Google TV Add-on under the laws of the United States or other countries including the country in which you are resident or from which you use the Google TV Add-on.
build	Set up Android SDK	2026-02-18T05:04:03.2770231Z 
build	Set up Android SDK	2026-02-18T05:04:03.2773277Z 2.4 If you are agreeing to be bound by this License Agreement on behalf of your employer or other entity, you represent and warrant that you have full legal authority to bind your employer or such entity to this License Agreement. If you do not have the requisite authority, you may not accept the Licensing Agreement or use the Google TV Add-on on behalf of your employer or other entity.
build	Set up Android SDK	2026-02-18T05:04:03.2775763Z 
build	Set up Android SDK	2026-02-18T05:04:03.2776065Z 3. Google TV Add-on License from Google
build	Set up Android SDK	2026-02-18T05:04:03.2776393Z 
build	Set up Android SDK	2026-02-18T05:04:03.2778320Z 3.1 Subject to the terms of this License Agreement, Google grants you a limited, worldwide, royalty-free, non- assignable and non-exclusive license to use the Google TV Add-on solely to develop applications to run on the Google TV platform.
build	Set up Android SDK	2026-02-18T05:04:03.2780155Z 
build	Set up Android SDK	2026-02-18T05:04:03.2783486Z 3.2 You agree that Google or third parties own all legal right, title and interest in and to the Google TV Add-on, including any Intellectual Property Rights that subsist in the Google TV Add-on. "Intellectual Property Rights" means any and all rights under patent law, copyright law, trade secret law, trademark law, and any and all other proprietary rights. Google reserves all rights not expressly granted to you.
build	Set up Android SDK	2026-02-18T05:04:03.2786223Z 
build	Set up Android SDK	2026-02-18T05:04:03.2791209Z 3.3 Except to the extent required by applicable third party licenses, you may not copy (except for backup purposes), modify, adapt, redistribute, decompile, reverse engineer, disassemble, or create derivative works of the Google TV Add-on or any part of the Google TV Add-on. Except to the extent required by applicable third party licenses, you may not load any part of the Google TV Add-on onto a mobile handset, television, or any other hardware device except a personal computer, combine any part of the Google TV Add-on with other software, or distribute any software or device incorporating a part of the Google TV Add-on.
build	Set up Android SDK	2026-02-18T05:04:03.2795026Z 
build	Set up Android SDK	2026-02-18T05:04:03.2796770Z 3.4 Use, reproduction and distribution of components of the Google TV Add-on licensed under an open source software license are governed solely by the terms of that open source software license and not this License Agreement.
build	Set up Android SDK	2026-02-18T05:04:03.2798226Z 
build	Set up Android SDK	2026-02-18T05:04:03.2802245Z 3.5 You agree that the form and nature of the Google TV Add-on that Google provides may change without prior notice to you and that future versions of the Google TV Add-on may be incompatible with applications developed on previous versions of the Google TV Add-on. You agree that Google may stop (permanently or temporarily) providing the Google TV Add-on (or any features within the Google TV Add-on) to you or to users generally at Google's sole discretion, without prior notice to you.
build	Set up Android SDK	2026-02-18T05:04:03.2805154Z 
build	Set up Android SDK	2026-02-18T05:04:03.2807065Z 3.6 Nothing in this License Agreement gives you a right to use any of Google's or it’s licensors’ trade names, trademarks, service marks, logos, domain names, or other distinctive brand features.
build	Set up Android SDK	2026-02-18T05:04:03.2808400Z 
build	Set up Android SDK	2026-02-18T05:04:03.2810006Z 3.7 You agree that you will not remove, obscure, or alter any proprietary rights notices (including copyright and trademark notices) that may be affixed to or contained within the Google TV Add-on.
build	Set up Android SDK	2026-02-18T05:04:03.2813994Z 
build	Set up Android SDK	2026-02-18T05:04:03.2814267Z 4. Use of the Google TV Add-on by You
build	Set up Android SDK	2026-02-18T05:04:03.2814589Z 
build	Set up Android SDK	2026-02-18T05:04:03.2816762Z 4.1 Google agrees that it obtains no right, title or interest from you (or your licensors) under this License Agreement in or to any software applications that you develop using the Google TV Add-on, including any intellectual property rights that subsist in those applications.
build	Set up Android SDK	2026-02-18T05:04:03.2818547Z 
build	Set up Android SDK	2026-02-18T05:04:03.2821591Z 4.2 You agree to use the Google TV Add-on and write applications only for purposes that are permitted by (a) this License Agreement and (b) any applicable law, regulation or generally accepted practices or guidelines in the relevant jurisdictions (including any laws regarding the export of data or software to and from the United States or other relevant countries).
build	Set up Android SDK	2026-02-18T05:04:03.2824158Z 
build	Set up Android SDK	2026-02-18T05:04:03.2830969Z 4.3 You agree that if you use the Google TV Add-on to develop applications for general public users, you will protect the privacy and legal rights of those users. If the users provide you with user names, passwords, or other login information or personal information, your must make the users aware that the information will be available to your application, and you must provide legally adequate privacy notice and protection for those users. If your application stores personal or sensitive information provided by users, it must do so securely. If the user provides your application with Google Account information, your application may only use that information to access the user's Google Account when, and for the limited purposes for which, the user has given you explicit permission to do so.
build	Set up Android SDK	2026-02-18T05:04:03.2836205Z 
build	Set up Android SDK	2026-02-18T05:04:03.2839429Z 4.4 You agree that you will not engage in any activity with the Google TV Add-on, including the development or distribution of an application, that interferes with, disrupts, damages, or accesses in an unauthorized manner the servers, networks, or other properties or services of any third party including, but not limited to, Google, Multichannel Video Program Distributors or any mobile communications carrier.
build	Set up Android SDK	2026-02-18T05:04:03.2841940Z 
build	Set up Android SDK	2026-02-18T05:04:03.2847804Z 4.5 You agree that you are solely responsible for (and that Google has no responsibility to you or to any third party for) any data, content, or resources that you create, transmit or display through the Google TV platform and/or applications for the Google TV platform, and for the consequences of your actions (including any loss or damage which Google may suffer) by doing so.
build	Set up Android SDK	2026-02-18T05:04:03.2850355Z 
build	Set up Android SDK	2026-02-18T05:04:03.2853397Z 4.6 You agree that you are solely responsible for (and that Google has no responsibility to you or to any third party for) any breach of your obligations under this License Agreement, any applicable third party contract or Terms of Service, or any applicable law or regulation, and for the consequences (including any loss or damage which Google or any third party may suffer) of any such breach.
build	Set up Android SDK	2026-02-18T05:04:03.2857977Z 
build	Set up Android SDK	2026-02-18T05:04:03.2858213Z 5. Your Developer Credentials
build	Set up Android SDK	2026-02-18T05:04:03.2858497Z 
build	Set up Android SDK	2026-02-18T05:04:03.2861863Z 5.1 You agree that you are responsible for maintaining the confidentiality of any developer credentials that may be issued to you by Google or which you may choose yourself and that you will be solely responsible for all applications that are developed under your developer credentials.
build	Set up Android SDK	2026-02-18T05:04:03.2863772Z 
build	Set up Android SDK	2026-02-18T05:04:03.2863966Z 6. Privacy and Information
build	Set up Android SDK	2026-02-18T05:04:03.2864228Z 
build	Set up Android SDK	2026-02-18T05:04:03.2870402Z 6.1 In order to continually innovate and improve the Google TV Add-on, Google may collect certain usage statistics from the software including but not limited to a unique identifier, associated IP address, version number of the software, and information on which tools and/or services in the Google TV Add-on are being used and how they are being used. Before any of this information is collected, the Google TV Add-on will notify you and seek your consent. If you withhold consent, the information will not be collected.
build	Set up Android SDK	2026-02-18T05:04:03.2873967Z 
build	Set up Android SDK	2026-02-18T05:04:03.2875093Z 6.2 The data collected is examined in the aggregate to improve the Google TV Add-on and is maintained in accordance with Google's Privacy Policy.
build	Set up Android SDK	2026-02-18T05:04:03.2876049Z 
build	Set up Android SDK	2026-02-18T05:04:03.2876435Z 7. Third Party Applications for the Google TV Platform
build	Set up Android SDK	2026-02-18T05:04:03.2876835Z 
build	Set up Android SDK	2026-02-18T05:04:03.2881914Z 7.1 If you use the Google TV Add-on to run applications developed by a third party or that access data, content or resources provided by a third party, you agree that Google is not responsible for those applications, data, content, or resources. You understand that all data, content or resources which you may access through such third party applications are the sole responsibility of the person from which they originated and that Google is not liable for any loss or damage that you may experience as a result of the use or access of any of those third party applications, data, content, or resources.
build	Set up Android SDK	2026-02-18T05:04:03.2885893Z 
build	Set up Android SDK	2026-02-18T05:04:03.2889748Z 7.2 You should be aware the data, content, and resources presented to you through such a third party application may be protected by intellectual property rights which are owned by the providers (or by other persons or companies on their behalf). You may not modify, rent, lease, loan, sell, distribute or create derivative works based on these data, content, or resources (either in whole or in part) unless you have been specifically given permission to do so by the relevant owners.
build	Set up Android SDK	2026-02-18T05:04:03.2892811Z 
build	Set up Android SDK	2026-02-18T05:04:03.2895011Z 7.3 You acknowledge that your use of such third party applications, data, content, or resources may be subject to separate terms between you and the relevant third party. In that case, this License Agreement does not affect your legal relationship with these third parties.
build	Set up Android SDK	2026-02-18T05:04:03.2896882Z 
build	Set up Android SDK	2026-02-18T05:04:03.2897077Z 8. Using Google TV APIs
build	Set up Android SDK	2026-02-18T05:04:03.2897324Z 
build	Set up Android SDK	2026-02-18T05:04:03.2903605Z 8.1 If you use any Google TV API to retrieve data from Google, you acknowledge that the data (“Google TV API Content”) may be protected by intellectual property rights which are owned by Google or those parties that provide the data (or by other persons or companies on their behalf). Your use of any such API may be subject to additional Terms of Service. You may not modify, rent, lease, loan, sell, distribute or create derivative works based on this data (either in whole or in part) unless allowed by the relevant Terms of Service. Some portions of the Google TV API Content are licensed to Google by third parties, including but not limited to Tribune Media Services
build	Set up Android SDK	2026-02-18T05:04:03.2907680Z 
build	Set up Android SDK	2026-02-18T05:04:03.2909766Z 8.2 If you use any API to retrieve a user's data from Google, you acknowledge and agree that you shall retrieve data only with the user's explicit consent and only when, and for the limited purposes for which, the user has given you permission to do so.
build	Set up Android SDK	2026-02-18T05:04:03.2911450Z 
build	Set up Android SDK	2026-02-18T05:04:03.2912192Z 8.3 Except as explicitly permitted in Section 3 (Google TV Add-on License from Google), you must:
build	Set up Android SDK	2026-02-18T05:04:03.2912885Z 
build	Set up Android SDK	2026-02-18T05:04:03.2914317Z (a) not modify nor format the Google TV API Content except to the extent reasonably and technically necessary to optimize the display such Google TV API Content in your application;
build	Set up Android SDK	2026-02-18T05:04:03.2915562Z 
build	Set up Android SDK	2026-02-18T05:04:03.2917062Z (b) not edit the Google TV API Content in a manner that renders the Google TV API Content inaccurate of alters its inherent meaning (provided that displaying excerpts will not violate the foregoing); or
build	Set up Android SDK	2026-02-18T05:04:03.2918340Z 
build	Set up Android SDK	2026-02-18T05:04:03.2919234Z (c) not create any commercial audience measurement tool or service using the Google TV API Content
build	Set up Android SDK	2026-02-18T05:04:03.2919927Z 
build	Set up Android SDK	2026-02-18T05:04:03.2920184Z 9. Terminating this License Agreement
build	Set up Android SDK	2026-02-18T05:04:03.2920724Z 
build	Set up Android SDK	2026-02-18T05:04:03.2921485Z 9.1 This License Agreement will continue to apply until terminated by either you or Google as set out below.
build	Set up Android SDK	2026-02-18T05:04:03.2922202Z 
build	Set up Android SDK	2026-02-18T05:04:03.2923310Z 9.2 If you want to terminate this License Agreement, you may do so by ceasing your use of the Google TV Add-on and any relevant developer credentials.
build	Set up Android SDK	2026-02-18T05:04:03.2924279Z 
build	Set up Android SDK	2026-02-18T05:04:03.2924748Z 9.3 Google may at any time, terminate this License Agreement with you if:
build	Set up Android SDK	2026-02-18T05:04:03.2925241Z 
build	Set up Android SDK	2026-02-18T05:04:03.2925659Z (A) you have breached any provision of this License Agreement; or
build	Set up Android SDK	2026-02-18T05:04:03.2926100Z 
build	Set up Android SDK	2026-02-18T05:04:03.2926358Z (B) Google is required to do so by law; or
build	Set up Android SDK	2026-02-18T05:04:03.2926684Z 
build	Set up Android SDK	2026-02-18T05:04:03.2928209Z (C) the partner with whom Google offered certain parts of Google TV Add-on (such as APIs) to you has terminated its relationship with Google or ceased to offer certain parts of the Google TV Add-on to you; or
build	Set up Android SDK	2026-02-18T05:04:03.2929905Z 
build	Set up Android SDK	2026-02-18T05:04:03.2932446Z (D) Google decides to no longer providing the Google TV Add-on or certain parts of the Google TV Add-on to users in the country in which you are resident or from which you use the service, or the provision of the Google TV Add-on or certain Google TV Add-on services to you by Google is, in Google's sole discretion, no longer commercially viable.
build	Set up Android SDK	2026-02-18T05:04:03.2934506Z 
build	Set up Android SDK	2026-02-18T05:04:03.2938146Z 9.4 When this License Agreement comes to an end, all of the legal rights, obligations and liabilities that you and Google have benefited from, been subject to (or which have accrued over time whilst this License Agreement has been in force) or which are expressed to continue indefinitely, shall be unaffected by this cessation, and the provisions of paragraph 14.7 shall continue to apply to such rights, obligations and liabilities indefinitely.
build	Set up Android SDK	2026-02-18T05:04:03.2941188Z 
build	Set up Android SDK	2026-02-18T05:04:03.2941416Z 10. DISCLAIMER OF WARRANTIES
build	Set up Android SDK	2026-02-18T05:04:03.2941689Z 
build	Set up Android SDK	2026-02-18T05:04:03.2943237Z 10.1 YOU EXPRESSLY UNDERSTAND AND AGREE THAT YOUR USE OF THE GOOGLE TV ADD-ON IS AT YOUR SOLE RISK AND THAT THE GOOGLE TV ADD-ON IS PROVIDED "AS IS" AND "AS AVAILABLE" WITHOUT WARRANTY OF ANY KIND FROM GOOGLE.
build	Set up Android SDK	2026-02-18T05:04:03.2944558Z 
build	Set up Android SDK	2026-02-18T05:04:03.2946772Z 10.2 YOUR USE OF THE GOOGLE TV ADD-ON AND ANY MATERIAL DOWNLOADED OR OTHERWISE OBTAINED THROUGH THE USE OF THE GOOGLE TV ADD-ON IS AT YOUR OWN DISCRETION AND RISK AND YOU ARE SOLELY RESPONSIBLE FOR ANY DAMAGE TO YOUR COMPUTER SYSTEM OR OTHER DEVICE OR LOSS OF DATA THAT RESULTS FROM SUCH USE.
build	Set up Android SDK	2026-02-18T05:04:03.2948574Z 
build	Set up Android SDK	2026-02-18T05:04:03.2950764Z 10.3 GOOGLE FURTHER EXPRESSLY DISCLAIMS ALL WARRANTIES AND CONDITIONS OF ANY KIND, WHETHER EXPRESS OR IMPLIED, INCLUDING, BUT NOT LIMITED TO THE IMPLIED WARRANTIES AND CONDITIONS OF MERCHANTABILITY, FITNESS FOR A PARTICULAR PURPOSE AND NON-INFRINGEMENT.
build	Set up Android SDK	2026-02-18T05:04:03.2952434Z 
build	Set up Android SDK	2026-02-18T05:04:03.2952614Z 11. LIMITATION OF LIABILITY
build	Set up Android SDK	2026-02-18T05:04:03.2952870Z 
build	Set up Android SDK	2026-02-18T05:04:03.2956299Z 11.1 YOU EXPRESSLY UNDERSTAND AND AGREE THAT GOOGLE, ITS SUBSIDIARIES AND AFFILIATES, AND ITS LICENSORS SHALL NOT BE LIABLE TO YOU UNDER ANY THEORY OF LIABILITY FOR ANY DIRECT, INDIRECT, INCIDENTAL, SPECIAL CONSEQUENTIAL OR EXEMPLARY DAMAGES THAT MAY BE INCURRED BY YOU, INCLUDING ANY LOSS OF DATA, WHETHER OR NOT GOOGLE OR ITS REPRESENTATIVES HAVE BEEN ADVISED OF OR SHOULD HAVE BEEN AWARE OF THE POSSIBILITY OF ANY SUCH LOSSES ARISING.
build	Set up Android SDK	2026-02-18T05:04:03.2959099Z 
build	Set up Android SDK	2026-02-18T05:04:03.2959289Z 12. Indemnification
build	Set up Android SDK	2026-02-18T05:04:03.2959537Z 
build	Set up Android SDK	2026-02-18T05:04:03.2965473Z 12.1 To the maximum extent permitted by law, you agree to defend, indemnify and hold harmless Google, its affiliates and their respective directors, officers, employees and agents from and against any and all claims, actions, suits or proceedings, as well as any and all losses, liabilities, damages, costs and expenses (including reasonable attorneys fees) arising out of or accruing from (a) your use of the Google TV Add-on, (b) any application you develop on the Google TV Add-on that infringes any copyright, trademark, trade secret, trade dress, patent or other intellectual property right of any person or defames any person or violates their rights of publicity or privacy, and (c) any non-compliance by you with this License Agreement.
build	Set up Android SDK	2026-02-18T05:04:03.2970505Z 
build	Set up Android SDK	2026-02-18T05:04:03.2970807Z 13. Changes to the License Agreement
build	Set up Android SDK	2026-02-18T05:04:03.2971136Z 
build	Set up Android SDK	2026-02-18T05:04:03.2971942Z 13.1 Google may make changes to the License Agreement as it distributes new versions of the Google TV Add-on.
build	Set up Android SDK	2026-02-18T05:04:03.2972724Z 
build	Set up Android SDK	2026-02-18T05:04:03.2972917Z 14. General Legal Terms
build	Set up Android SDK	2026-02-18T05:04:03.2973159Z 
build	Set up Android SDK	2026-02-18T05:04:03.2975825Z 14.1 This License Agreement constitute the whole legal agreement between you and Google and govern your use of the Google TV Add-on (excluding any services which Google may provide to you under a separate written agreement), and completely replace any prior agreements between you and Google in relation to the Google TV Add-on.
build	Set up Android SDK	2026-02-18T05:04:03.2978233Z 
build	Set up Android SDK	2026-02-18T05:04:03.2980969Z 14.2 You agree that if Google does not exercise or enforce any legal right or remedy which is contained in this License Agreement (or which Google has the benefit of under any applicable law), this will not be taken to be a formal waiver of Google's rights and that those rights or remedies will still be available to Google.
build	Set up Android SDK	2026-02-18T05:04:03.2983012Z 
build	Set up Android SDK	2026-02-18T05:04:03.2985852Z 14.3 If any court of law, having the jurisdiction to decide on this matter, rules that any provision of this License Agreement is invalid, then that provision will be removed from this License Agreement without affecting the rest of this License Agreement. The remaining provisions of this License Agreement will continue to be valid and enforceable.
build	Set up Android SDK	2026-02-18T05:04:03.2988159Z 
build	Set up Android SDK	2026-02-18T05:04:03.2993160Z 14.4 You acknowledge and agree that Google’s API data licensors and each member of the group of companies of which Google is the parent shall be third party beneficiaries to this License Agreement and that such other companies shall be entitled to directly enforce, and rely upon, any provision of this License Agreement that confers a benefit on (or rights in favor of) them. Other than this, no other person or company shall be third party beneficiaries to this License Agreement.
build	Set up Android SDK	2026-02-18T05:04:03.2996216Z 
build	Set up Android SDK	2026-02-18T05:04:03.2998494Z 14.5 EXPORT RESTRICTIONS. THE GOOGLE TV ADD-ON IS SUBJECT TO UNITED STATES EXPORT LAWS AND REGULATIONS. YOU MUST COMPLY WITH ALL DOMESTIC AND INTERNATIONAL EXPORT LAWS AND REGULATIONS THAT APPLY TO THE GOOGLE TV ADD-ON. THESE LAWS INCLUDE RESTRICTIONS ON DESTINATIONS, END USERS AND END USE.
build	Set up Android SDK	2026-02-18T05:04:03.3000589Z 
build	Set up Android SDK	2026-02-18T05:04:03.3003251Z 14.6 The rights granted in this License Agreement may not be assigned or transferred by either you or Google without the prior written approval of the other party. Neither you nor Google shall be permitted to delegate their responsibilities or obligations under this License Agreement without the prior written approval of the other party.
build	Set up Android SDK	2026-02-18T05:04:03.3005480Z 
build	Set up Android SDK	2026-02-18T05:04:03.3010082Z 14.7 This License Agreement, and your relationship with Google under this License Agreement, shall be governed by the laws of the State of California without regard to its conflict of laws provisions. You and Google agree to submit to the exclusive jurisdiction of the courts located within the county of Santa Clara, California to resolve any legal matter arising from this License Agreement. Notwithstanding this, you agree that Google shall still be allowed to apply for injunctive remedies (or an equivalent type of urgent legal relief) in any jurisdiction.
build	Set up Android SDK	2026-02-18T05:04:03.3013567Z 
build	Set up Android SDK	2026-02-18T05:04:03.3013581Z 
build	Set up Android SDK	2026-02-18T05:04:03.3013729Z August 15, 2011
build	Set up Android SDK	2026-02-18T05:04:03.3014167Z ---------------------------------------
build	Set up Android SDK	2026-02-18T05:04:03.3014762Z Accept? (y/N): 
build	Set up Android SDK	2026-02-18T05:04:03.3015223Z 2/6: License android-googlexr-license:
build	Set up Android SDK	2026-02-18T05:04:03.3015766Z ---------------------------------------
build	Set up Android SDK	2026-02-18T05:04:03.3018355Z To get started with the Android XR Emulator System Image SDK, you must agree to the following terms and conditions. As described below, please note that this is a preview, emulated version of the Android XR OS, subject to change, that you use at your own risk.
build	Set up Android SDK	2026-02-18T05:04:03.3020243Z 
build	Set up Android SDK	2026-02-18T05:04:03.3020706Z This is the Android XR Emulator System Image SDK License Agreement
build	Set up Android SDK	2026-02-18T05:04:03.3021177Z 
build	Set up Android SDK	2026-02-18T05:04:03.3021308Z 1. Introduction
build	Set up Android SDK	2026-02-18T05:04:03.3021497Z 
build	Set up Android SDK	2026-02-18T05:04:03.3024977Z 1.1 The Android Android XR Emulator System Image SDK (referred to in the License Agreement as the "SDK" and specifically including the Android system files,, packaged APIs, library files (if and when they are made available), and Google applications and APIs add-ons) is licensed to you subject to the terms of the License Agreement. The License Agreement forms a legally binding contract between you and Google in relation to your use of the SDK.
build	Set up Android SDK	2026-02-18T05:04:03.3027997Z 
build	Set up Android SDK	2026-02-18T05:04:03.3030087Z 1.2 "Android" means the Android software stack for devices, as made available under the Android Open Source Project, which is located at the following URL: https://source.android.com/, as updated from time to time.
build	Set up Android SDK	2026-02-18T05:04:03.3031539Z 
build	Set up Android SDK	2026-02-18T05:04:03.3033234Z 1.3 "Google" means Google LLC, organized under the laws of the State of Delaware, USA, and operating under the laws of the USA with principal place of business at 1600 Amphitheatre Parkway, Mountain View, CA 94043, USA.
build	Set up Android SDK	2026-02-18T05:04:03.3034631Z 
build	Set up Android SDK	2026-02-18T05:04:03.3034887Z 2. Accepting this License Agreement
build	Set up Android SDK	2026-02-18T05:04:03.3035210Z 
build	Set up Android SDK	2026-02-18T05:04:03.3036232Z 2.1 In order to use the SDK, you must first agree to the License Agreement. You may not use the SDK if you do not accept the License Agreement.
build	Set up Android SDK	2026-02-18T05:04:03.3037125Z 
build	Set up Android SDK	2026-02-18T05:04:03.3037822Z 2.2 By clicking to accept and/or using this SDK, you hereby agree to the terms of the License Agreement.
build	Set up Android SDK	2026-02-18T05:04:03.3038482Z 
build	Set up Android SDK	2026-02-18T05:04:03.3040617Z 2.3 You may not use the SDK and may not accept the License Agreement if you are a person barred from receiving the SDK under the laws of the United States or other countries, including the country in which you are resident or from which you use the SDK.
build	Set up Android SDK	2026-02-18T05:04:03.3042293Z 
build	Set up Android SDK	2026-02-18T05:04:03.3045236Z 2.4 If you are agreeing to be bound by the License Agreement on behalf of your employer or other entity, you represent and warrant that you have full legal authority to bind your employer or such entity to the License Agreement. If you do not have the requisite authority, you may not accept the License Agreement or use the SDK on behalf of your employer or other entity.
build	Set up Android SDK	2026-02-18T05:04:03.3047612Z 
build	Set up Android SDK	2026-02-18T05:04:03.3047816Z 3. SDK License from Google
build	Set up Android SDK	2026-02-18T05:04:03.3048105Z 
build	Set up Android SDK	2026-02-18T05:04:03.3050094Z 3.1 Subject to the terms of the License Agreement, Google grants you a limited, worldwide, royalty-free, non-assignable, non-exclusive, and non-sublicensable license to use the SDK solely to develop applications for Android XR.
build	Set up Android SDK	2026-02-18T05:04:03.3051807Z 
build	Set up Android SDK	2026-02-18T05:04:03.3053469Z 3.2 You may not use this SDK to develop applications for other platforms or to develop another SDK. You are of course free to develop applications for other platforms provided that this SDK is not used for that purpose.
build	Set up Android SDK	2026-02-18T05:04:03.3055008Z 
build	Set up Android SDK	2026-02-18T05:04:03.3058210Z 3.3 You agree that Google or third parties own all legal right, title and interest in and to the SDK, including any Intellectual Property Rights that subsist in the SDK. "Intellectual Property Rights" means any and all rights under patent law, copyright law, trade secret law, trademark law, and any and all other proprietary rights. Google reserves all rights not expressly granted to you.
build	Set up Android SDK	2026-02-18T05:04:03.3061076Z 
build	Set up Android SDK	2026-02-18T05:04:03.3065350Z 3.4 You may not use the SDK for any purpose not expressly permitted by the License Agreement. Except to the extent required by applicable third party licenses, you may not (a) copy (except for backup purposes), modify, adapt, redistribute, decompile, reverse engineer, disassemble, or create derivative works of the SDK or any part of the SDK; or (b) load any part of the SDK onto a mobile handset or any other hardware device except a personal computer, combine any part of the SDK with other software, or distribute any software or device incorporating a part of the SDK.
build	Set up Android SDK	2026-02-18T05:04:03.3067499Z 
build	Set up Android SDK	2026-02-18T05:04:03.3069474Z 3.5 Use, reproduction and distribution of components of the SDK licensed under an open source software license are governed solely by the terms of that open source software license and not the License Agreement. You agree to remain a licensee in good standing in regard to such open source software licenses under all the rights granted and to refrain from any actions that may terminate, suspend, or breach such rights.
build	Set up Android SDK	2026-02-18T05:04:03.3071016Z 
build	Set up Android SDK	2026-02-18T05:04:03.3072743Z 3.6 You agree that the form and nature of the SDK that Google provides may change without prior notice to you and that future versions of the SDK may be incompatible with applications developed on previous versions of the SDK. You agree that Google may stop (permanently or temporarily) providing the SDK (or any features within the SDK) to you or to users generally at Google's sole discretion, without prior notice to you.
build	Set up Android SDK	2026-02-18T05:04:03.3074143Z 
build	Set up Android SDK	2026-02-18T05:04:03.3074833Z 3.7 Nothing in the License Agreement gives you a right to use any of Google's trade names, trademarks, service marks, logos, domain names, or other distinctive brand features.
build	Set up Android SDK	2026-02-18T05:04:03.3075434Z 
build	Set up Android SDK	2026-02-18T05:04:03.3076173Z 3.8 You agree that you will not remove, obscure, or alter any proprietary rights notices (including copyright and trademark notices) that may be affixed to or contained within the SDK.
build	Set up Android SDK	2026-02-18T05:04:03.3076832Z 
build	Set up Android SDK	2026-02-18T05:04:03.3076941Z 4. Use of the SDK by You
build	Set up Android SDK	2026-02-18T05:04:03.3077093Z 
build	Set up Android SDK	2026-02-18T05:04:03.3078172Z 4.1 Google agrees that it obtains no right, title or interest from you (or your licensors) under the License Agreement in or to any software applications that you develop using the SDK, including any intellectual property rights that subsist in those applications.
build	Set up Android SDK	2026-02-18T05:04:03.3079263Z 
build	Set up Android SDK	2026-02-18T05:04:03.3080713Z 4.2 You agree to use the SDK and write applications only for purposes that are permitted by (a) the License Agreement and (b) any applicable law, regulation or generally accepted practices or guidelines in the relevant jurisdictions (including any laws regarding the export of data or software to and from the United States or other relevant countries).
build	Set up Android SDK	2026-02-18T05:04:03.3081886Z 
build	Set up Android SDK	2026-02-18T05:04:03.3085104Z 4.3 You agree that if you use the SDK to develop applications for general public users, you will protect the privacy and legal rights of those users. If the users provide you with user names, passwords, or other login information or personal information, you must make the users aware that the information will be available to your application, and you must provide legally adequate privacy notice and protection for those users. If your application stores personal or sensitive information provided by users, it must do so securely. If the user provides your application with Google Account information, your application may only use that information to access the user's Google Account when, and for the limited purposes for which, the user has given you permission to do so.
build	Set up Android SDK	2026-02-18T05:04:03.3087630Z 
build	Set up Android SDK	2026-02-18T05:04:03.3089233Z 4.4 You agree that you will not engage in any activity with the SDK, including the development or distribution of an application, that interferes with, disrupts, damages, or accesses in an unauthorized manner the servers, networks, or other properties or services of any third party including, but not limited to, Google or any mobile communications carrier.
build	Set up Android SDK	2026-02-18T05:04:03.3090430Z 
build	Set up Android SDK	2026-02-18T05:04:03.3091823Z 4.5 You agree that you are solely responsible for (and that Google has no responsibility to you or to any third party for) any data, content, or resources that you create, transmit or display through Android and/or applications for Android, and for the consequences of your actions (including any loss or damage which Google may suffer) by doing so.
build	Set up Android SDK	2026-02-18T05:04:03.3093345Z 
build	Set up Android SDK	2026-02-18T05:04:03.3094947Z 4.6 You agree that you are solely responsible for (and that Google has no responsibility to you or to any third party for) any breach of your obligations under the License Agreement, any applicable third party contract or Terms of Service, or any applicable law or regulation, and for the consequences (including any loss or damage which Google or any third party may suffer) of any such breach.
build	Set up Android SDK	2026-02-18T05:04:03.3096238Z 
build	Set up Android SDK	2026-02-18T05:04:03.3097440Z 4.7 The SDK is in development, and your testing and feedback are an important part of the development process. By using the SDK, you acknowledge that implementation of some features are still under development and that you should not rely on the SDK having the full functionality of a stable release.
build	Set up Android SDK	2026-02-18T05:04:03.3098958Z 
build	Set up Android SDK	2026-02-18T05:04:03.3099098Z 5. Your Developer Credentials
build	Set up Android SDK	2026-02-18T05:04:03.3099292Z 
build	Set up Android SDK	2026-02-18T05:04:03.3100665Z 5.1 You agree that you are responsible for maintaining the confidentiality of any developer credentials that may be issued to you by Google or which you may choose yourself and that you will be solely responsible for all applications that are developed under your developer credentials.
build	Set up Android SDK	2026-02-18T05:04:03.3101750Z 
build	Set up Android SDK	2026-02-18T05:04:03.3101871Z 6. Privacy and Information
build	Set up Android SDK	2026-02-18T05:04:03.3102098Z 
build	Set up Android SDK	2026-02-18T05:04:03.3104993Z 6.1 In order to continually innovate and improve the SDK, Google may collect certain usage statistics from the software including but not limited to a unique identifier, associated IP address, version number of the software, and information on which tools and/or services in the SDK are being used and how they are being used. Before any of this information is collected, the SDK will notify you and seek your consent. If you withhold consent, the information will not be collected.
build	Set up Android SDK	2026-02-18T05:04:03.3107726Z 
build	Set up Android SDK	2026-02-18T05:04:03.3109462Z 6.2 The data collected is examined in the aggregate to improve the SDK and is maintained in accordance with Google's Privacy Policy, which is located at the following URL: https://policies.google.com/privacy
build	Set up Android SDK	2026-02-18T05:04:03.3110880Z 
build	Set up Android SDK	2026-02-18T05:04:03.3111601Z 6.3 Anonymized and aggregated sets of the data may be shared with Google partners to improve the SDK.
build	Set up Android SDK	2026-02-18T05:04:03.3112337Z 
build	Set up Android SDK	2026-02-18T05:04:03.3112547Z 7. Third Party Applications
build	Set up Android SDK	2026-02-18T05:04:03.3112828Z 
build	Set up Android SDK	2026-02-18T05:04:03.3117587Z 7.1 If you use the SDK to run applications developed by a third party or that access data, content or resources provided by a third party, you agree that Google is not responsible for those applications, data, content, or resources. You understand that all data, content or resources which you may access through such third party applications are the sole responsibility of the person from which they originated and that Google is not liable for any loss or damage that you may experience as a result of the use or access of any of those third party applications, data, content, or resources.
build	Set up Android SDK	2026-02-18T05:04:03.3121512Z 
build	Set up Android SDK	2026-02-18T05:04:03.3125461Z 7.2 You should be aware that the data, content, and resources presented to you through such a third party application may be protected by intellectual property rights which are owned by the providers (or by other persons or companies on their behalf). You may not modify, rent, lease, loan, sell, distribute or create derivative works based on these data, content, or resources (either in whole or in part) unless you have been specifically given permission to do so by the relevant owners.
build	Set up Android SDK	2026-02-18T05:04:03.3128736Z 
build	Set up Android SDK	2026-02-18T05:04:03.3131699Z 7.3 You acknowledge that your use of such third party applications, data, content, or resources may be subject to separate terms between you and the relevant third party. In that case, the License Agreement does not affect your legal relationship with these third parties.
build	Set up Android SDK	2026-02-18T05:04:03.3133719Z 
build	Set up Android SDK	2026-02-18T05:04:03.3133922Z 8. Using Android APIs
build	Set up Android SDK	2026-02-18T05:04:03.3134166Z 
build	Set up Android SDK	2026-02-18T05:04:03.3134332Z 8.1 Google Data APIs
build	Set up Android SDK	2026-02-18T05:04:03.3134553Z 
build	Set up Android SDK	2026-02-18T05:04:03.3138536Z 8.1.1 If you use any API to retrieve data from Google, you acknowledge that the data may be protected by intellectual property rights which are owned by Google or those parties that provide the data (or by other persons or companies on their behalf). Your use of any such API may be subject to additional Terms of Service. You may not modify, rent, lease, loan, sell, distribute or create derivative works based on this data (either in whole or in part) unless allowed by the relevant Terms of Service.
build	Set up Android SDK	2026-02-18T05:04:03.3142030Z 
build	Set up Android SDK	2026-02-18T05:04:03.3148765Z 8.1.2 If you use any API to retrieve a user's data from Google, you acknowledge and agree that you shall retrieve data only with the user's explicit consent and only when, and for the limited purposes for which, the user has given you permission to do so. If you use the Android Recognition Service API, documented at the following URL: https://developer.android.com/reference/android/speech/RecognitionService, as updated from time to time, you acknowledge that the use of the API is subject to the Data Processing Addendum for Products where Google is a Data Processor, which is located at the following URL: https://privacy.google.com/businesses/gdprprocessorterms/, as updated from time to time. By clicking to accept, you hereby agree to the terms of the Data Processing Addendum for Products where Google is a Data Processor.
build	Set up Android SDK	2026-02-18T05:04:03.3153776Z 
build	Set up Android SDK	2026-02-18T05:04:03.3154022Z 9. Terminating this License Agreement
build	Set up Android SDK	2026-02-18T05:04:03.3154334Z 
build	Set up Android SDK	2026-02-18T05:04:03.3155066Z 9.1 The License Agreement will continue to apply until terminated by either you or Google as set out below.
build	Set up Android SDK	2026-02-18T05:04:03.3155759Z 
build	Set up Android SDK	2026-02-18T05:04:03.3156669Z 9.2 If you want to terminate the License Agreement, you may do so by ceasing your use of the SDK and any relevant developer credentials.
build	Set up Android SDK	2026-02-18T05:04:03.3157537Z 
build	Set up Android SDK	2026-02-18T05:04:03.3162497Z 9.3 Google may at any time, terminate the License Agreement with you if: (A) you have breached any provision of the License Agreement; or (B) Google is required to do so by law; or (C) the partner with whom Google offered certain parts of SDK (such as APIs) to you has terminated its relationship with Google or ceased to offer certain parts of the SDK to you; or (D) Google decides to no longer provide the SDK or certain parts of the SDK to users in the country in which you are resident or from which you use the service, or the provision of the SDK or certain SDK services to you by Google is, in Google's sole discretion, no longer commercially viable.
build	Set up Android SDK	2026-02-18T05:04:03.3166257Z 
build	Set up Android SDK	2026-02-18T05:04:03.3169732Z 9.4 When the License Agreement comes to an end, all of the legal rights, obligations and liabilities that you and Google have benefited from, been subject to (or which have accrued over time whilst the License Agreement has been in force) or which are expressed to continue indefinitely, shall be unaffected by this cessation, and the provisions of paragraph 14.7 shall continue to apply to such rights, obligations and liabilities indefinitely.
build	Set up Android SDK	2026-02-18T05:04:03.3172396Z 
build	Set up Android SDK	2026-02-18T05:04:03.3172582Z 10. DISCLAIMER OF WARRANTIES
build	Set up Android SDK	2026-02-18T05:04:03.3172833Z 
build	Set up Android SDK	2026-02-18T05:04:03.3174065Z 10.1 YOU EXPRESSLY UNDERSTAND AND AGREE THAT YOUR USE OF THE SDK IS AT YOUR SOLE RISK AND THAT THE SDK IS PROVIDED "AS IS" AND "AS AVAILABLE" WITHOUT WARRANTY OF ANY KIND FROM GOOGLE.
build	Set up Android SDK	2026-02-18T05:04:03.3175127Z 
build	Set up Android SDK	2026-02-18T05:04:03.3177070Z 10.2 YOUR USE OF THE SDK AND ANY MATERIAL DOWNLOADED OR OTHERWISE OBTAINED THROUGH THE USE OF THE SDK IS AT YOUR OWN DISCRETION AND RISK AND YOU ARE SOLELY RESPONSIBLE FOR ANY DAMAGE TO YOUR COMPUTER SYSTEM OR OTHER DEVICE OR LOSS OF DATA THAT RESULTS FROM SUCH USE.
build	Set up Android SDK	2026-02-18T05:04:03.3179084Z 
build	Set up Android SDK	2026-02-18T05:04:03.3181878Z 10.3 GOOGLE FURTHER EXPRESSLY DISCLAIMS ALL WARRANTIES AND CONDITIONS OF ANY KIND, WHETHER EXPRESS OR IMPLIED, INCLUDING, BUT NOT LIMITED TO THE IMPLIED WARRANTIES AND CONDITIONS OF MERCHANTABILITY, FITNESS FOR A PARTICULAR PURPOSE AND NON-INFRINGEMENT.
build	Set up Android SDK	2026-02-18T05:04:03.3183718Z 
build	Set up Android SDK	2026-02-18T05:04:03.3183909Z 11. LIMITATION OF LIABILITY
build	Set up Android SDK	2026-02-18T05:04:03.3184155Z 
build	Set up Android SDK	2026-02-18T05:04:03.3187441Z 11.1 YOU EXPRESSLY UNDERSTAND AND AGREE THAT GOOGLE, ITS SUBSIDIARIES AND AFFILIATES, AND ITS LICENSORS SHALL NOT BE LIABLE TO YOU UNDER ANY THEORY OF LIABILITY FOR ANY DIRECT, INDIRECT, INCIDENTAL, SPECIAL, CONSEQUENTIAL OR EXEMPLARY DAMAGES THAT MAY BE INCURRED BY YOU, INCLUDING ANY LOSS OF DATA, WHETHER OR NOT GOOGLE OR ITS REPRESENTATIVES HAVE BEEN ADVISED OF OR SHOULD HAVE BEEN AWARE OF THE POSSIBILITY OF ANY SUCH LOSSES ARISING.
build	Set up Android SDK	2026-02-18T05:04:03.3190429Z 
build	Set up Android SDK	2026-02-18T05:04:03.3190588Z 12. Indemnification
build	Set up Android SDK	2026-02-18T05:04:03.3190794Z 
build	Set up Android SDK	2026-02-18T05:04:03.3196296Z 12.1 To the maximum extent permitted by law, you agree to defend, indemnify and hold harmless Google, its affiliates and their respective directors, officers, employees and agents from and against any and all claims, actions, suits or proceedings, as well as any and all losses, liabilities, damages, costs and expenses (including reasonable attorneys fees) arising out of or accruing from (a) your use of the SDK, (b) any application you develop on the SDK that infringes any copyright, trademark, trade secret, trade dress, patent or other intellectual property right of any person or defames any person or violates their rights of publicity or privacy, and (c) any non-compliance by you with the License Agreement.
build	Set up Android SDK	2026-02-18T05:04:03.3200710Z 
build	Set up Android SDK	2026-02-18T05:04:03.3200942Z 13. Changes to the License Agreement
build	Set up Android SDK	2026-02-18T05:04:03.3201240Z 
build	Set up Android SDK	2026-02-18T05:04:03.3202964Z 13.1 Google may make changes to the License Agreement as it distributes new versions of the SDK. When these changes are made, Google will make a new version of the License Agreement available on the website where the SDK is made available.
build	Set up Android SDK	2026-02-18T05:04:03.3204407Z 
build	Set up Android SDK	2026-02-18T05:04:03.3204567Z 14. General Legal Terms
build	Set up Android SDK	2026-02-18T05:04:03.3204782Z 
build	Set up Android SDK	2026-02-18T05:04:03.3207058Z 14.1 The License Agreement constitutes the whole legal agreement between you and Google and governs your use of the SDK (excluding any services which Google may provide to you under a separate written agreement), and completely replaces any prior agreements between you and Google in relation to the SDK.
build	Set up Android SDK	2026-02-18T05:04:03.3209074Z 
build	Set up Android SDK	2026-02-18T05:04:03.3211444Z 14.2 You agree that if Google does not exercise or enforce any legal right or remedy which is contained in the License Agreement (or which Google has the benefit of under any applicable law), this will not be taken to be a formal waiver of Google's rights and that those rights or remedies will still be available to Google.
build	Set up Android SDK	2026-02-18T05:04:03.3213353Z 
build	Set up Android SDK	2026-02-18T05:04:03.3215925Z 14.3 If any court of law, having the jurisdiction to decide on this matter, rules that any provision of the License Agreement is invalid, then that provision will be removed from the License Agreement without affecting the rest of the License Agreement. The remaining provisions of the License Agreement will continue to be valid and enforceable.
build	Set up Android SDK	2026-02-18T05:04:03.3218035Z 
build	Set up Android SDK	2026-02-18T05:04:03.3221549Z 14.4 You acknowledge and agree that each member of the group of companies of which Google is the parent shall be third party beneficiaries to the License Agreement and that such other companies shall be entitled to directly enforce, and rely upon, any provision of the License Agreement that confers a benefit on (or rights in favor of) them. Other than this, no other person or company shall be third party beneficiaries to the License Agreement.
build	Set up Android SDK	2026-02-18T05:04:03.3224203Z 
build	Set up Android SDK	2026-02-18T05:04:03.3226240Z 14.5 EXPORT RESTRICTIONS. THE SDK IS SUBJECT TO UNITED STATES EXPORT LAWS AND REGULATIONS. YOU MUST COMPLY WITH ALL DOMESTIC AND INTERNATIONAL EXPORT LAWS AND REGULATIONS THAT APPLY TO THE SDK. THESE LAWS INCLUDE RESTRICTIONS ON DESTINATIONS, END USERS AND END USE.
build	Set up Android SDK	2026-02-18T05:04:03.3228084Z 
build	Set up Android SDK	2026-02-18T05:04:03.3230778Z 14.6 The rights granted in the License Agreement may not be assigned or transferred by either you or Google without the prior written approval of the other party. Neither you nor Google shall be permitted to delegate their responsibilities or obligations under the License Agreement without the prior written approval of the other party.
build	Set up Android SDK	2026-02-18T05:04:03.3232855Z 
build	Set up Android SDK	2026-02-18T05:04:03.3237141Z 14.7 The License Agreement, and your relationship with Google under the License Agreement, shall be governed by the laws of the State of California without regard to its conflict of laws provisions. You and Google agree to submit to the exclusive jurisdiction of the courts located within the county of Santa Clara, California to resolve any legal matter arising from the License Agreement. Notwithstanding this, you agree that Google shall still be allowed to apply for injunctive remedies (or an equivalent type of urgent legal relief) in any jurisdiction.
build	Set up Android SDK	2026-02-18T05:04:03.3241103Z ---------------------------------------
build	Set up Android SDK	2026-02-18T05:04:03.3241510Z Accept? (y/N): 
build	Set up Android SDK	2026-02-18T05:04:03.3241955Z 3/6: License android-sdk-arm-dbt-license:
build	Set up Android SDK	2026-02-18T05:04:03.3242484Z ---------------------------------------
build	Set up Android SDK	2026-02-18T05:04:03.3242893Z Terms and Conditions
build	Set up Android SDK	2026-02-18T05:04:03.3243105Z 
build	Set up Android SDK	2026-02-18T05:04:03.3243490Z This is the Android Software Development Kit License Agreement
build	Set up Android SDK	2026-02-18T05:04:03.3243912Z 
build	Set up Android SDK	2026-02-18T05:04:03.3244046Z 1. Introduction
build	Set up Android SDK	2026-02-18T05:04:03.3244231Z 
build	Set up Android SDK	2026-02-18T05:04:03.3246971Z 1.1 The Android Software Development Kit (referred to in the License Agreement as the "SDK" and specifically including the Android system files, packaged APIs, and Google APIs add-ons) is licensed to you subject to the terms of the License Agreement. The License Agreement forms a legally binding contract between you and Google in relation to your use of the SDK.
build	Set up Android SDK	2026-02-18T05:04:03.3249316Z 
build	Set up Android SDK	2026-02-18T05:04:03.3250891Z 1.2 "Android" means the Android software stack for devices, as made available under the Android Open Source Project, which is located at the following URL: http://source.android.com/, as updated from time to time.
build	Set up Android SDK	2026-02-18T05:04:03.3252222Z 
build	Set up Android SDK	2026-02-18T05:04:03.3254896Z 1.3 A "compatible implementation" means any Android device that (i) complies with the Android Compatibility Definition document, which can be found at the Android compatibility website (http://source.android.com/compatibility) and which may be updated from time to time; and (ii) successfully passes the Android Compatibility Test Suite (CTS).
build	Set up Android SDK	2026-02-18T05:04:03.3257051Z 
build	Set up Android SDK	2026-02-18T05:04:03.3258169Z 1.4 "Google" means Google Inc., a Delaware corporation with principal place of business at 1600 Amphitheatre Parkway, Mountain View, CA 94043, United States.
build	Set up Android SDK	2026-02-18T05:04:03.3259609Z 
build	Set up Android SDK	2026-02-18T05:04:03.3259622Z 
build	Set up Android SDK	2026-02-18T05:04:03.3259854Z 2. Accepting the License Agreement
build	Set up Android SDK	2026-02-18T05:04:03.3260141Z 
build	Set up Android SDK	2026-02-18T05:04:03.3261103Z 2.1 In order to use the SDK, you must first agree to the License Agreement. You may not use the SDK if you do not accept the License Agreement.
build	Set up Android SDK	2026-02-18T05:04:03.3261962Z 
build	Set up Android SDK	2026-02-18T05:04:03.3262471Z 2.2 By clicking to accept, you hereby agree to the terms of the License Agreement.
build	Set up Android SDK	2026-02-18T05:04:03.3263001Z 
build	Set up Android SDK	2026-02-18T05:04:03.3264818Z 2.3 You may not use the SDK and may not accept the License Agreement if you are a person barred from receiving the SDK under the laws of the United States or other countries, including the country in which you are resident or from which you use the SDK.
build	Set up Android SDK	2026-02-18T05:04:03.3266402Z 
build	Set up Android SDK	2026-02-18T05:04:03.3269356Z 2.4 If you are agreeing to be bound by the License Agreement on behalf of your employer or other entity, you represent and warrant that you have full legal authority to bind your employer or such entity to the License Agreement. If you do not have the requisite authority, you may not accept the License Agreement or use the SDK on behalf of your employer or other entity.
build	Set up Android SDK	2026-02-18T05:04:03.3271767Z 
build	Set up Android SDK	2026-02-18T05:04:03.3271777Z 
build	Set up Android SDK	2026-02-18T05:04:03.3271959Z 3. SDK License from Google
build	Set up Android SDK	2026-02-18T05:04:03.3272286Z 
build	Set up Android SDK	2026-02-18T05:04:03.3274197Z 3.1 Subject to the terms of the License Agreement, Google grants you a limited, worldwide, royalty-free, non-assignable, non-exclusive, and non-sublicensable license to use the SDK solely to develop applications for compatible implementations of Android.
build	Set up Android SDK	2026-02-18T05:04:03.3275783Z 
build	Set up Android SDK	2026-02-18T05:04:03.3278274Z 3.2 You may not use this SDK to develop applications for other platforms (including non-compatible implementations of Android) or to develop another SDK. You are of course free to develop applications for other platforms, including non-compatible implementations of Android, provided that this SDK is not used for that purpose.
build	Set up Android SDK	2026-02-18T05:04:03.3280647Z 
build	Set up Android SDK	2026-02-18T05:04:03.3284070Z 3.3 You agree that Google or third parties own all legal right, title and interest in and to the SDK, including any Intellectual Property Rights that subsist in the SDK. "Intellectual Property Rights" means any and all rights under patent law, copyright law, trade secret law, trademark law, and any and all other proprietary rights. Google reserves all rights not expressly granted to you.
build	Set up Android SDK	2026-02-18T05:04:03.3286828Z 
build	Set up Android SDK	2026-02-18T05:04:03.3289542Z 3.4 You may not use the SDK for any purpose not expressly permitted by the License Agreement. Except to the extent required by applicable third party licenses, you may not copy (except for backup purposes), modify, adapt, redistribute, decompile, reverse engineer, disassemble, or create derivative works of the SDK or any part of the SDK.
build	Set up Android SDK	2026-02-18T05:04:03.3291636Z 
build	Set up Android SDK	2026-02-18T05:04:03.3293161Z 3.5 Use, reproduction and distribution of components of the SDK licensed under an open source software license are governed solely by the terms of that open source software license and not the License Agreement.
build	Set up Android SDK	2026-02-18T05:04:03.3294753Z 
build	Set up Android SDK	2026-02-18T05:04:03.3298005Z 3.6 You agree that the form and nature of the SDK that Google provides may change without prior notice to you and that future versions of the SDK may be incompatible with applications developed on previous versions of the SDK. You agree that Google may stop (permanently or temporarily) providing the SDK (or any features within the SDK) to you or to users generally at Google's sole discretion, without prior notice to you.
build	Set up Android SDK	2026-02-18T05:04:03.3300679Z 
build	Set up Android SDK	2026-02-18T05:04:03.3301920Z 3.7 Nothing in the License Agreement gives you a right to use any of Google's trade names, trademarks, service marks, logos, domain names, or other distinctive brand features.
build	Set up Android SDK	2026-02-18T05:04:03.3302986Z 
build	Set up Android SDK	2026-02-18T05:04:03.3304311Z 3.8 You agree that you will not remove, obscure, or alter any proprietary rights notices (including copyright and trademark notices) that may be affixed to or contained within the SDK.
build	Set up Android SDK	2026-02-18T05:04:03.3305473Z 
build	Set up Android SDK	2026-02-18T05:04:03.3305483Z 
build	Set up Android SDK	2026-02-18T05:04:03.3305643Z 4. Use of the SDK by You
build	Set up Android SDK	2026-02-18T05:04:03.3305875Z 
build	Set up Android SDK	2026-02-18T05:04:03.3307815Z 4.1 Google agrees that it obtains no right, title or interest from you (or your licensors) under the License Agreement in or to any software applications that you develop using the SDK, including any intellectual property rights that subsist in those applications.
build	Set up Android SDK	2026-02-18T05:04:03.3309645Z 
build	Set up Android SDK	2026-02-18T05:04:03.3312287Z 4.2 You agree to use the SDK and write applications only for purposes that are permitted by (a) the License Agreement and (b) any applicable law, regulation or generally accepted practices or guidelines in the relevant jurisdictions (including any laws regarding the export of data or software to and from the United States or other relevant countries).
build	Set up Android SDK	2026-02-18T05:04:03.3314438Z 
build	Set up Android SDK	2026-02-18T05:04:03.3320583Z 4.3 You agree that if you use the SDK to develop applications for general public users, you will protect the privacy and legal rights of those users. If the users provide you with user names, passwords, or other login information or personal information, you must make the users aware that the information will be available to your application, and you must provide legally adequate privacy notice and protection for those users. If your application stores personal or sensitive information provided by users, it must do so securely. If the user provides your application with Google Account information, your application may only use that information to access the user's Google Account when, and for the limited purposes for which, the user has given you permission to do so.
build	Set up Android SDK	2026-02-18T05:04:03.3325466Z 
build	Set up Android SDK	2026-02-18T05:04:03.3328164Z 4.4 You agree that you will not engage in any activity with the SDK, including the development or distribution of an application, that interferes with, disrupts, damages, or accesses in an unauthorized manner the servers, networks, or other properties or services of any third party including, but not limited to, Google or any mobile communications carrier.
build	Set up Android SDK	2026-02-18T05:04:03.3330654Z 
build	Set up Android SDK	2026-02-18T05:04:03.3333251Z 4.5 You agree that you are solely responsible for (and that Google has no responsibility to you or to any third party for) any data, content, or resources that you create, transmit or display through Android and/or applications for Android, and for the consequences of your actions (including any loss or damage which Google may suffer) by doing so.
build	Set up Android SDK	2026-02-18T05:04:03.3335346Z 
build	Set up Android SDK	2026-02-18T05:04:03.3338311Z 4.6 You agree that you are solely responsible for (and that Google has no responsibility to you or to any third party for) any breach of your obligations under the License Agreement, any applicable third party contract or Terms of Service, or any applicable law or regulation, and for the consequences (including any loss or damage which Google or any third party may suffer) of any such breach.
build	Set up Android SDK	2026-02-18T05:04:03.3340830Z 
build	Set up Android SDK	2026-02-18T05:04:03.3344318Z 4.7 This software enables the execution of intellectual property owned by Arm Limited. You agree that your use of the software, that allows execution of ARM Instruction Set Architecture (“ISA”) compliant executables for application development and debug only on x86 desktop, laptop, customer on-premise servers, and customer-procured cloud-based environments.
build	Set up Android SDK	2026-02-18T05:04:03.3346576Z 
build	Set up Android SDK	2026-02-18T05:04:03.3346767Z 5. Your Developer Credentials
build	Set up Android SDK	2026-02-18T05:04:03.3347032Z 
build	Set up Android SDK	2026-02-18T05:04:03.3349343Z 5.1 You agree that you are responsible for maintaining the confidentiality of any developer credentials that may be issued to you by Google or which you may choose yourself and that you will be solely responsible for all applications that are developed under your developer credentials.
build	Set up Android SDK	2026-02-18T05:04:03.3351104Z 
build	Set up Android SDK	2026-02-18T05:04:03.3351281Z 6. Privacy and Information
build	Set up Android SDK	2026-02-18T05:04:03.3351534Z 
build	Set up Android SDK	2026-02-18T05:04:03.3355136Z 6.1 In order to continually innovate and improve the SDK, Google may collect certain usage statistics from the software including but not limited to a unique identifier, associated IP address, version number of the software, and information on which tools and/or services in the SDK are being used and how they are being used. Before any of this information is collected, the SDK will notify you and seek your consent. If you withhold consent, the information will not be collected.
build	Set up Android SDK	2026-02-18T05:04:03.3358018Z 
build	Set up Android SDK	2026-02-18T05:04:03.3359069Z 6.2 The data collected is examined in the aggregate to improve the SDK and is maintained in accordance with Google's Privacy Policy.
build	Set up Android SDK	2026-02-18T05:04:03.3359890Z 
build	Set up Android SDK	2026-02-18T05:04:03.3359900Z 
build	Set up Android SDK	2026-02-18T05:04:03.3360078Z 7. Third Party Applications
build	Set up Android SDK	2026-02-18T05:04:03.3360324Z 
build	Set up Android SDK	2026-02-18T05:04:03.3364783Z 7.1 If you use the SDK to run applications developed by a third party or that access data, content or resources provided by a third party, you agree that Google is not responsible for those applications, data, content, or resources. You understand that all data, content or resources which you may access through such third party applications are the sole responsibility of the person from which they originated and that Google is not liable for any loss or damage that you may experience as a result of the use or access of any of those third party applications, data, content, or resources.
build	Set up Android SDK	2026-02-18T05:04:03.3368542Z 
build	Set up Android SDK	2026-02-18T05:04:03.3372328Z 7.2 You should be aware the data, content, and resources presented to you through such a third party application may be protected by intellectual property rights which are owned by the providers (or by other persons or companies on their behalf). You may not modify, rent, lease, loan, sell, distribute or create derivative works based on these data, content, or resources (either in whole or in part) unless you have been specifically given permission to do so by the relevant owners.
build	Set up Android SDK	2026-02-18T05:04:03.3375251Z 
build	Set up Android SDK	2026-02-18T05:04:03.3377275Z 7.3 You acknowledge that your use of such third party applications, data, content, or resources may be subject to separate terms between you and the relevant third party. In that case, the License Agreement does not affect your legal relationship with these third parties.
build	Set up Android SDK	2026-02-18T05:04:03.3379263Z 
build	Set up Android SDK	2026-02-18T05:04:03.3379274Z 
build	Set up Android SDK	2026-02-18T05:04:03.3379432Z 8. Using Android APIs
build	Set up Android SDK	2026-02-18T05:04:03.3379653Z 
build	Set up Android SDK	2026-02-18T05:04:03.3379803Z 8.1 Google Data APIs
build	Set up Android SDK	2026-02-18T05:04:03.3380004Z 
build	Set up Android SDK	2026-02-18T05:04:03.3383738Z 8.1.1 If you use any API to retrieve data from Google, you acknowledge that the data may be protected by intellectual property rights which are owned by Google or those parties that provide the data (or by other persons or companies on their behalf). Your use of any such API may be subject to additional Terms of Service. You may not modify, rent, lease, loan, sell, distribute or create derivative works based on this data (either in whole or in part) unless allowed by the relevant Terms of Service.
build	Set up Android SDK	2026-02-18T05:04:03.3386658Z 
build	Set up Android SDK	2026-02-18T05:04:03.3393262Z 8.1.2 If you use any API to retrieve a user's data from Google, you acknowledge and agree that you shall retrieve data only with the user's explicit consent and only when, and for the limited purposes for which, the user has given you permission to do so. If you use the Android Recognition Service API, documented at the following URL: https://developer.android.com/reference/android/speech/RecognitionService, as updated from time to time, you acknowledge that the use of the API is subject to the Data Processing Addendum for Products where Google is a Data Processor, which is located at the following URL: https://privacy.google.com/businesses/gdprprocessorterms/, as updated from time to time. By clicking to accept, you hereby agree to the terms of the Data Processing Addendum for Products where Google is a Data Processor.
build	Set up Android SDK	2026-02-18T05:04:03.3398246Z 
build	Set up Android SDK	2026-02-18T05:04:03.3398257Z 
build	Set up Android SDK	2026-02-18T05:04:03.3398490Z 9. Terminating the License Agreement
build	Set up Android SDK	2026-02-18T05:04:03.3398960Z 
build	Set up Android SDK	2026-02-18T05:04:03.3399702Z 9.1 The License Agreement will continue to apply until terminated by either you or Google as set out below.
build	Set up Android SDK	2026-02-18T05:04:03.3400408Z 
build	Set up Android SDK	2026-02-18T05:04:03.3401320Z 9.2 If you want to terminate the License Agreement, you may do so by ceasing your use of the SDK and any relevant developer credentials.
build	Set up Android SDK	2026-02-18T05:04:03.3402158Z 
build	Set up Android SDK	2026-02-18T05:04:03.3406948Z 9.3 Google may at any time, terminate the License Agreement with you if: (A) you have breached any provision of the License Agreement; or (B) Google is required to do so by law; or (C) the partner with whom Google offered certain parts of SDK (such as APIs) to you has terminated its relationship with Google or ceased to offer certain parts of the SDK to you; or (D) Google decides to no longer provide the SDK or certain parts of the SDK to users in the country in which you are resident or from which you use the service, or the provision of the SDK or certain SDK services to you by Google is, in Google's sole discretion, no longer commercially viable.
build	Set up Android SDK	2026-02-18T05:04:03.3410881Z 
build	Set up Android SDK	2026-02-18T05:04:03.3414215Z 9.4 When the License Agreement comes to an end, all of the legal rights, obligations and liabilities that you and Google have benefited from, been subject to (or which have accrued over time whilst the License Agreement has been in force) or which are expressed to continue indefinitely, shall be unaffected by this cessation, and the provisions of paragraph 14.7 shall continue to apply to such rights, obligations and liabilities indefinitely.
build	Set up Android SDK	2026-02-18T05:04:03.3417063Z 
build	Set up Android SDK	2026-02-18T05:04:03.3417073Z 
build	Set up Android SDK	2026-02-18T05:04:03.3417247Z 10. DISCLAIMER OF WARRANTIES
build	Set up Android SDK	2026-02-18T05:04:03.3417505Z 
build	Set up Android SDK	2026-02-18T05:04:03.3418901Z 10.1 YOU EXPRESSLY UNDERSTAND AND AGREE THAT YOUR USE OF THE SDK IS AT YOUR SOLE RISK AND THAT THE SDK IS PROVIDED "AS IS" AND "AS AVAILABLE" WITHOUT WARRANTY OF ANY KIND FROM GOOGLE.
build	Set up Android SDK	2026-02-18T05:04:03.3419976Z 
build	Set up Android SDK	2026-02-18T05:04:03.3421876Z 10.2 YOUR USE OF THE SDK AND ANY MATERIAL DOWNLOADED OR OTHERWISE OBTAINED THROUGH THE USE OF THE SDK IS AT YOUR OWN DISCRETION AND RISK AND YOU ARE SOLELY RESPONSIBLE FOR ANY DAMAGE TO YOUR COMPUTER SYSTEM OR OTHER DEVICE OR LOSS OF DATA THAT RESULTS FROM SUCH USE.
build	Set up Android SDK	2026-02-18T05:04:03.3423623Z 
build	Set up Android SDK	2026-02-18T05:04:03.3425534Z 10.3 GOOGLE FURTHER EXPRESSLY DISCLAIMS ALL WARRANTIES AND CONDITIONS OF ANY KIND, WHETHER EXPRESS OR IMPLIED, INCLUDING, BUT NOT LIMITED TO THE IMPLIED WARRANTIES AND CONDITIONS OF MERCHANTABILITY, FITNESS FOR A PARTICULAR PURPOSE AND NON-INFRINGEMENT.
build	Set up Android SDK	2026-02-18T05:04:03.3427136Z 
build	Set up Android SDK	2026-02-18T05:04:03.3427147Z 
build	Set up Android SDK	2026-02-18T05:04:03.3427318Z 11. LIMITATION OF LIABILITY
build	Set up Android SDK	2026-02-18T05:04:03.3427559Z 
build	Set up Android SDK	2026-02-18T05:04:03.3430991Z 11.1 YOU EXPRESSLY UNDERSTAND AND AGREE THAT GOOGLE, ITS SUBSIDIARIES AND AFFILIATES, AND ITS LICENSORS SHALL NOT BE LIABLE TO YOU UNDER ANY THEORY OF LIABILITY FOR ANY DIRECT, INDIRECT, INCIDENTAL, SPECIAL, CONSEQUENTIAL OR EXEMPLARY DAMAGES THAT MAY BE INCURRED BY YOU, INCLUDING ANY LOSS OF DATA, WHETHER OR NOT GOOGLE OR ITS REPRESENTATIVES HAVE BEEN ADVISED OF OR SHOULD HAVE BEEN AWARE OF THE POSSIBILITY OF ANY SUCH LOSSES ARISING.
build	Set up Android SDK	2026-02-18T05:04:03.3433637Z 
build	Set up Android SDK	2026-02-18T05:04:03.3433649Z 
build	Set up Android SDK	2026-02-18T05:04:03.3433799Z 12. Indemnification
build	Set up Android SDK	2026-02-18T05:04:03.3434087Z 
build	Set up Android SDK	2026-02-18T05:04:03.3461918Z 12.1 To the maximum extent permitted by law, you agree to defend, indemnify and hold harmless Google, its affiliates and their respective directors, officers, employees and agents from and against any and all claims, actions, suits or proceedings, as well as any and all losses, liabilities, damages, costs and expenses (including reasonable attorneys fees) arising out of or accruing from (a) your use of the SDK, (b) any application you develop on the SDK that infringes any copyright, trademark, trade secret, trade dress, patent or other intellectual property right of any person or defames any person or violates their rights of publicity or privacy, and (c) any non-compliance by you with the License Agreement.
build	Set up Android SDK	2026-02-18T05:04:03.3464793Z 
build	Set up Android SDK	2026-02-18T05:04:03.3464806Z 
build	Set up Android SDK	2026-02-18T05:04:03.3464989Z 13. Changes to the License Agreement
build	Set up Android SDK	2026-02-18T05:04:03.3465202Z 
build	Set up Android SDK	2026-02-18T05:04:03.3466177Z 13.1 Google may make changes to the License Agreement as it distributes new versions of the SDK. When these changes are made, Google will make a new version of the License Agreement available on the website where the SDK is made available.
build	Set up Android SDK	2026-02-18T05:04:03.3467029Z 
build	Set up Android SDK	2026-02-18T05:04:03.3467036Z 
build	Set up Android SDK	2026-02-18T05:04:03.3467153Z 14. General Legal Terms
build	Set up Android SDK	2026-02-18T05:04:03.3467304Z 
build	Set up Android SDK	2026-02-18T05:04:03.3468565Z 14.1 The License Agreement constitutes the whole legal agreement between you and Google and governs your use of the SDK (excluding any services which Google may provide to you under a separate written agreement), and completely replaces any prior agreements between you and Google in relation to the SDK.
build	Set up Android SDK	2026-02-18T05:04:03.3470383Z 
build	Set up Android SDK	2026-02-18T05:04:03.3472108Z 14.2 You agree that if Google does not exercise or enforce any legal right or remedy which is contained in the License Agreement (or which Google has the benefit of under any applicable law), this will not be taken to be a formal waiver of Google's rights and that those rights or remedies will still be available to Google.
build	Set up Android SDK	2026-02-18T05:04:03.3473199Z 
build	Set up Android SDK	2026-02-18T05:04:03.3475124Z 14.3 If any court of law, having the jurisdiction to decide on this matter, rules that any provision of the License Agreement is invalid, then that provision will be removed from the License Agreement without affecting the rest of the License Agreement. The remaining provisions of the License Agreement will continue to be valid and enforceable.
build	Set up Android SDK	2026-02-18T05:04:03.3477179Z 
build	Set up Android SDK	2026-02-18T05:04:03.3479436Z 14.4 You acknowledge and agree that each member of the group of companies of which Google is the parent shall be third party beneficiaries to the License Agreement and that such other companies shall be entitled to directly enforce, and rely upon, any provision of the License Agreement that confers a benefit on (or rights in favor of) them. Other than this, no other person or company shall be third party beneficiaries to the License Agreement.
build	Set up Android SDK	2026-02-18T05:04:03.3481142Z 
build	Set up Android SDK	2026-02-18T05:04:03.3482559Z 14.5 EXPORT RESTRICTIONS. THE SDK IS SUBJECT TO UNITED STATES EXPORT LAWS AND REGULATIONS. YOU MUST COMPLY WITH ALL DOMESTIC AND INTERNATIONAL EXPORT LAWS AND REGULATIONS THAT APPLY TO THE SDK. THESE LAWS INCLUDE RESTRICTIONS ON DESTINATIONS, END USERS AND END USE.
build	Set up Android SDK	2026-02-18T05:04:03.3483868Z 
build	Set up Android SDK	2026-02-18T05:04:03.3485992Z 14.6 The rights granted in the License Agreement may not be assigned or transferred by either you or Google without the prior written approval of the other party. Neither you nor Google shall be permitted to delegate their responsibilities or obligations under the License Agreement without the prior written approval of the other party.
build	Set up Android SDK	2026-02-18T05:04:03.3487163Z 
build	Set up Android SDK	2026-02-18T05:04:03.3489657Z 14.7 The License Agreement, and your relationship with Google under the License Agreement, shall be governed by the laws of the State of California without regard to its conflict of laws provisions. You and Google agree to submit to the exclusive jurisdiction of the courts located within the county of Santa Clara, California to resolve any legal matter arising from the License Agreement. Notwithstanding this, you agree that Google shall still be allowed to apply for injunctive remedies (or an equivalent type of urgent legal relief) in any jurisdiction.
build	Set up Android SDK	2026-02-18T05:04:03.3491520Z 
build	Set up Android SDK	2026-02-18T05:04:03.3491527Z 
build	Set up Android SDK	2026-02-18T05:04:03.3491634Z January 16, 2019
build	Set up Android SDK	2026-02-18T05:04:03.3491907Z ---------------------------------------
build	Set up Android SDK	2026-02-18T05:04:03.3492200Z Accept? (y/N): 
build	Set up Android SDK	2026-02-18T05:04:03.3492505Z 4/6: License android-sdk-preview-license:
build	Set up Android SDK	2026-02-18T05:04:03.3492853Z ---------------------------------------
build	Set up Android SDK	2026-02-18T05:04:03.3494627Z To get started with the Android SDK Preview, you must agree to the following terms and conditions. As described below, please note that this is a preview version of the Android SDK, subject to change, that you use at your own risk. The Android SDK Preview is not a stable release, and may contain errors and defects that can result in serious damage to your computer systems, devices and data.
build	Set up Android SDK	2026-02-18T05:04:03.3495915Z 
build	Set up Android SDK	2026-02-18T05:04:03.3496222Z This is the Android SDK Preview License Agreement (the "License Agreement").
build	Set up Android SDK	2026-02-18T05:04:03.3496533Z 
build	Set up Android SDK	2026-02-18T05:04:03.3496630Z 1. Introduction
build	Set up Android SDK	2026-02-18T05:04:03.3496807Z 
build	Set up Android SDK	2026-02-18T05:04:03.3499189Z 1.1 The Android SDK Preview (referred to in the License Agreement as the “Preview” and specifically including the Android system files, packaged APIs, and Preview library files, if and when they are made available) is licensed to you subject to the terms of the License Agreement. The License Agreement forms a legally binding contract between you and Google in relation to your use of the Preview.
build	Set up Android SDK	2026-02-18T05:04:03.3500545Z 
build	Set up Android SDK	2026-02-18T05:04:03.3501425Z 1.2 "Android" means the Android software stack for devices, as made available under the Android Open Source Project, which is located at the following URL: http://source.android.com/, as updated from time to time.
build	Set up Android SDK	2026-02-18T05:04:03.3502175Z 
build	Set up Android SDK	2026-02-18T05:04:03.3502790Z 1.3 "Google" means Google Inc., a Delaware corporation with principal place of business at 1600 Amphitheatre Parkway, Mountain View, CA 94043, United States.
build	Set up Android SDK	2026-02-18T05:04:03.3503519Z 
build	Set up Android SDK	2026-02-18T05:04:03.3503664Z 2. Accepting the License Agreement
build	Set up Android SDK	2026-02-18T05:04:03.3503851Z 
build	Set up Android SDK	2026-02-18T05:04:03.3504435Z 2.1 In order to use the Preview, you must first agree to the License Agreement. You may not use the Preview if you do not accept the License Agreement.
build	Set up Android SDK	2026-02-18T05:04:03.3504957Z 
build	Set up Android SDK	2026-02-18T05:04:03.3505367Z 2.2 By clicking to accept and/or using the Preview, you hereby agree to the terms of the License Agreement.
build	Set up Android SDK	2026-02-18T05:04:03.3506011Z 
build	Set up Android SDK	2026-02-18T05:04:03.3507155Z 2.3 You may not use the Preview and may not accept the License Agreement if you are a person barred from receiving the Preview under the laws of the United States or other countries including the country in which you are resident or from which you use the Preview.
build	Set up Android SDK	2026-02-18T05:04:03.3508186Z 
build	Set up Android SDK	2026-02-18T05:04:03.3510226Z 2.4 If you will use the Preview internally within your company or organization you agree to be bound by the License Agreement on behalf of your employer or other entity, and you represent and warrant that you have full legal authority to bind your employer or such entity to the License Agreement. If you do not have the requisite authority, you may not accept the License Agreement or use the Preview on behalf of your employer or other entity.
build	Set up Android SDK	2026-02-18T05:04:03.3511698Z 
build	Set up Android SDK	2026-02-18T05:04:03.3511837Z 3. Preview License from Google
build	Set up Android SDK	2026-02-18T05:04:03.3512012Z 
build	Set up Android SDK	2026-02-18T05:04:03.3513287Z 3.1 Subject to the terms of the License Agreement, Google grants you a royalty-free, non-assignable, non-exclusive, non-sublicensable, limited, revocable license to use the Preview, personally or internally within your company or organization, solely to develop applications to run on the Android platform.
build	Set up Android SDK	2026-02-18T05:04:03.3514366Z 
build	Set up Android SDK	2026-02-18T05:04:03.3516022Z 3.2 You agree that Google or third parties owns all legal right, title and interest in and to the Preview, including any Intellectual Property Rights that subsist in the Preview. "Intellectual Property Rights" means any and all rights under patent law, copyright law, trade secret law, trademark law, and any and all other proprietary rights. Google reserves all rights not expressly granted to you.
build	Set up Android SDK	2026-02-18T05:04:03.3517369Z 
build	Set up Android SDK	2026-02-18T05:04:03.3520084Z 3.3 You may not use the Preview for any purpose not expressly permitted by the License Agreement. Except to the extent required by applicable third party licenses, you may not: (a) copy (except for backup purposes), modify, adapt, redistribute, decompile, reverse engineer, disassemble, or create derivative works of the Preview or any part of the Preview; or (b) load any part of the Preview onto a mobile handset or any other hardware device except a personal computer, combine any part of the Preview with other software, or distribute any software or device incorporating a part of the Preview.
build	Set up Android SDK	2026-02-18T05:04:03.3522045Z 
build	Set up Android SDK	2026-02-18T05:04:03.3523087Z 3.4 You agree that you will not take any actions that may cause or result in the fragmentation of Android, including but not limited to distributing, participating in the creation of, or promoting in any way a software development kit derived from the Preview.
build	Set up Android SDK	2026-02-18T05:04:03.3523959Z 
build	Set up Android SDK	2026-02-18T05:04:03.3525699Z 3.5 Use, reproduction and distribution of components of the Preview licensed under an open source software license are governed solely by the terms of that open source software license and not the License Agreement. You agree to remain a licensee in good standing in regard to such open source software licenses under all the rights granted and to refrain from any actions that may terminate, suspend, or breach such rights.
build	Set up Android SDK	2026-02-18T05:04:03.3527108Z 
build	Set up Android SDK	2026-02-18T05:04:03.3529137Z 3.6 You agree that the form and nature of the Preview that Google provides may change without prior notice to you and that future versions of the Preview may be incompatible with applications developed on previous versions of the Preview. You agree that Google may stop (permanently or temporarily) providing the Preview (or any features within the Preview) to you or to users generally at Google's sole discretion, without prior notice to you.
build	Set up Android SDK	2026-02-18T05:04:03.3530837Z 
build	Set up Android SDK	2026-02-18T05:04:03.3531539Z 3.7 Nothing in the License Agreement gives you a right to use any of Google's trade names, trademarks, service marks, logos, domain names, or other distinctive brand features.
build	Set up Android SDK	2026-02-18T05:04:03.3532135Z 
build	Set up Android SDK	2026-02-18T05:04:03.3532880Z 3.8 You agree that you will not remove, obscure, or alter any proprietary rights notices (including copyright and trademark notices) that may be affixed to or contained within the Preview.
build	Set up Android SDK	2026-02-18T05:04:03.3533545Z 
build	Set up Android SDK	2026-02-18T05:04:03.3533662Z 4. Use of the Preview by You
build	Set up Android SDK	2026-02-18T05:04:03.3533824Z 
build	Set up Android SDK	2026-02-18T05:04:03.3535086Z 4.1 Google agrees that nothing in the License Agreement gives Google any right, title or interest from you (or your licensors) under the License Agreement in or to any software applications that you develop using the Preview, including any intellectual property rights that subsist in those applications.
build	Set up Android SDK	2026-02-18T05:04:03.3536245Z 
build	Set up Android SDK	2026-02-18T05:04:03.3537727Z 4.2 You agree to use the Preview and write applications only for purposes that are permitted by (a) the License Agreement, and (b) any applicable law, regulation or generally accepted practices or guidelines in the relevant jurisdictions (including any laws regarding the export of data or software to and from the United States or other relevant countries).
build	Set up Android SDK	2026-02-18T05:04:03.3539146Z 
build	Set up Android SDK	2026-02-18T05:04:03.3542190Z 4.3 You agree that if you use the Preview to develop applications, you will protect the privacy and legal rights of users. If users provide you with user names, passwords, or other login information or personal information, you must make the users aware that the information will be available to your application, and you must provide legally adequate privacy notice and protection for those users. If your application stores personal or sensitive information provided by users, it must do so securely. If users provide you with Google Account information, your application may only use that information to access the user's Google Account when, and for the limited purposes for which, each user has given you permission to do so.
build	Set up Android SDK	2026-02-18T05:04:03.3544596Z 
build	Set up Android SDK	2026-02-18T05:04:03.3545809Z 4.4 You agree that you will not engage in any activity with the Preview, including the development or distribution of an application, that interferes with, disrupts, damages, or accesses in an unauthorized manner the servers, networks, or other properties or services of Google or any third party.
build	Set up Android SDK	2026-02-18T05:04:03.3546814Z 
build	Set up Android SDK	2026-02-18T05:04:03.3548229Z 4.5 You agree that you are solely responsible for (and that Google has no responsibility to you or to any third party for) any data, content, or resources that you create, transmit or display through Android and/or applications for Android, and for the consequences of your actions (including any loss or damage which Google may suffer) by doing so.
build	Set up Android SDK	2026-02-18T05:04:03.3549489Z 
build	Set up Android SDK	2026-02-18T05:04:03.3551096Z 4.6 You agree that you are solely responsible for (and that Google has no responsibility to you or to any third party for) any breach of your obligations under the License Agreement, any applicable third party contract or Terms of Service, or any applicable law or regulation, and for the consequences (including any loss or damage which Google or any third party may suffer) of any such breach.
build	Set up Android SDK	2026-02-18T05:04:03.3552393Z 
build	Set up Android SDK	2026-02-18T05:04:03.3554362Z 4.7 The Preview is in development, and your testing and feedback are an important part of the development process. By using the Preview, you acknowledge that implementation of some features are still under development and that you should not rely on the Preview having the full functionality of a stable release. You agree not to publicly distribute or ship any application using this Preview as this Preview will no longer be supported after the official Android SDK is released.
build	Set up Android SDK	2026-02-18T05:04:03.3555962Z 
build	Set up Android SDK	2026-02-18T05:04:03.3556081Z 5. Your Developer Credentials
build	Set up Android SDK	2026-02-18T05:04:03.3556392Z 
build	Set up Android SDK	2026-02-18T05:04:03.3557567Z 5.1 You agree that you are responsible for maintaining the confidentiality of any developer credentials that may be issued to you by Google or which you may choose yourself and that you will be solely responsible for all applications that are developed under your developer credentials.
build	Set up Android SDK	2026-02-18T05:04:03.3558547Z 
build	Set up Android SDK	2026-02-18T05:04:03.3558858Z 6. Privacy and Information
build	Set up Android SDK	2026-02-18T05:04:03.3559086Z 
build	Set up Android SDK	2026-02-18T05:04:03.3561146Z 6.1 In order to continually innovate and improve the Preview, Google may collect certain usage statistics from the software including but not limited to a unique identifier, associated IP address, version number of the software, and information on which tools and/or services in the Preview are being used and how they are being used. Before any of this information is collected, the Preview will notify you and seek your consent. If you withhold consent, the information will not be collected.
build	Set up Android SDK	2026-02-18T05:04:03.3562937Z 
build	Set up Android SDK	2026-02-18T05:04:03.3563720Z 6.2 The data collected is examined in the aggregate to improve the Preview and is maintained in accordance with Google's Privacy Policy located at http://www.google.com/policies/privacy/.
build	Set up Android SDK	2026-02-18T05:04:03.3564393Z 
build	Set up Android SDK	2026-02-18T05:04:03.3564513Z 7. Third Party Applications
build	Set up Android SDK	2026-02-18T05:04:03.3564681Z 
build	Set up Android SDK	2026-02-18T05:04:03.3567156Z 7.1 If you use the Preview to run applications developed by a third party or that access data, content or resources provided by a third party, you agree that Google is not responsible for those applications, data, content, or resources. You understand that all data, content or resources which you may access through such third party applications are the sole responsibility of the person from which they originated and that Google is not liable for any loss or damage that you may experience as a result of the use or access of any of those third party applications, data, content, or resources.
build	Set up Android SDK	2026-02-18T05:04:03.3569410Z 
build	Set up Android SDK	2026-02-18T05:04:03.3571409Z 7.2 You should be aware the data, content, and resources presented to you through such a third party application may be protected by intellectual property rights which are owned by the providers (or by other persons or companies on their behalf). You may not modify, rent, lease, loan, sell, distribute or create derivative works based on these data, content, or resources (either in whole or in part) unless you have been specifically given permission to do so by the relevant owners.
build	Set up Android SDK	2026-02-18T05:04:03.3573011Z 
build	Set up Android SDK	2026-02-18T05:04:03.3573691Z 7.3 You acknowledge that your use of such third party applications, data, content, or resources may be subject to separate terms between you and the relevant third party.
build	Set up Android SDK	2026-02-18T05:04:03.3574301Z 
build	Set up Android SDK	2026-02-18T05:04:03.3574420Z 8. Using Google APIs
build	Set up Android SDK	2026-02-18T05:04:03.3574564Z 
build	Set up Android SDK	2026-02-18T05:04:03.3574653Z 8.1 Google APIs
build	Set up Android SDK	2026-02-18T05:04:03.3574782Z 
build	Set up Android SDK	2026-02-18T05:04:03.3576819Z 8.1.1 If you use any API to retrieve data from Google, you acknowledge that the data may be protected by intellectual property rights which are owned by Google or those parties that provide the data (or by other persons or companies on their behalf). Your use of any such API may be subject to additional Terms of Service. You may not modify, rent, lease, loan, sell, distribute or create derivative works based on this data (either in whole or in part) unless allowed by the relevant Terms of Service.
build	Set up Android SDK	2026-02-18T05:04:03.3578462Z 
build	Set up Android SDK	2026-02-18T05:04:03.3579681Z 8.1.2 If you use any API to retrieve a user's data from Google, you acknowledge and agree that you shall retrieve data only with the user's explicit consent and only when, and for the limited purposes for which, the user has given you permission to do so.
build	Set up Android SDK	2026-02-18T05:04:03.3580534Z 
build	Set up Android SDK	2026-02-18T05:04:03.3580678Z 9. Terminating the License Agreement
build	Set up Android SDK	2026-02-18T05:04:03.3580867Z 
build	Set up Android SDK	2026-02-18T05:04:03.3581295Z 9.1 the License Agreement will continue to apply until terminated by either you or Google as set out below.
build	Set up Android SDK	2026-02-18T05:04:03.3581846Z 
build	Set up Android SDK	2026-02-18T05:04:03.3582378Z 9.2 If you want to terminate the License Agreement, you may do so by ceasing your use of the Preview and any relevant developer credentials.
build	Set up Android SDK	2026-02-18T05:04:03.3582874Z 
build	Set up Android SDK	2026-02-18T05:04:03.3583264Z 9.3 Google may at any time, terminate the License Agreement, with or without cause, upon notice to you.
build	Set up Android SDK	2026-02-18T05:04:03.3583652Z 
build	Set up Android SDK	2026-02-18T05:04:03.3585004Z 9.4 The License Agreement will automatically terminate without notice or other action upon the earlier of: (A) when Google ceases to provide the Preview or certain parts of the Preview to users in the country in which you are resident or from which you use the service; and (B) Google issues a final release version of the Android SDK.
build	Set up Android SDK	2026-02-18T05:04:03.3586110Z 
build	Set up Android SDK	2026-02-18T05:04:03.3587086Z 9.5 When the License Agreement is terminated, the license granted to you in the License Agreement will terminate, you will immediately cease all use of the Preview, and the provisions of paragraphs 10, 11, 12 and 14 shall survive indefinitely.
build	Set up Android SDK	2026-02-18T05:04:03.3588023Z 
build	Set up Android SDK	2026-02-18T05:04:03.3588118Z 10. DISCLAIMERS
build	Set up Android SDK	2026-02-18T05:04:03.3588242Z 
build	Set up Android SDK	2026-02-18T05:04:03.3589123Z 10.1 YOU EXPRESSLY UNDERSTAND AND AGREE THAT YOUR USE OF THE PREVIEW IS AT YOUR SOLE RISK AND THAT THE PREVIEW IS PROVIDED "AS IS" AND "AS AVAILABLE" WITHOUT WARRANTY OF ANY KIND FROM GOOGLE.
build	Set up Android SDK	2026-02-18T05:04:03.3589763Z 
build	Set up Android SDK	2026-02-18T05:04:03.3592041Z 10.2 YOUR USE OF THE PREVIEW AND ANY MATERIAL DOWNLOADED OR OTHERWISE OBTAINED THROUGH THE USE OF THE PREVIEW IS AT YOUR OWN DISCRETION AND RISK AND YOU ARE SOLELY RESPONSIBLE FOR ANY DAMAGE TO YOUR COMPUTER SYSTEM OR OTHER DEVICE OR LOSS OF DATA THAT RESULTS FROM SUCH USE. WITHOUT LIMITING THE FOREGOING, YOU UNDERSTAND THAT THE PREVIEW IS NOT A STABLE RELEASE AND MAY CONTAIN ERRORS, DEFECTS AND SECURITY VULNERABILITIES THAT CAN RESULT IN SIGNIFICANT DAMAGE, INCLUDING THE COMPLETE, IRRECOVERABLE LOSS OF USE OF YOUR COMPUTER SYSTEM OR OTHER DEVICE.
build	Set up Android SDK	2026-02-18T05:04:03.3593873Z 
build	Set up Android SDK	2026-02-18T05:04:03.3594912Z 10.3 GOOGLE FURTHER EXPRESSLY DISCLAIMS ALL WARRANTIES AND CONDITIONS OF ANY KIND, WHETHER EXPRESS OR IMPLIED, INCLUDING, BUT NOT LIMITED TO THE IMPLIED WARRANTIES AND CONDITIONS OF MERCHANTABILITY, FITNESS FOR A PARTICULAR PURPOSE AND NON-INFRINGEMENT.
build	Set up Android SDK	2026-02-18T05:04:03.3595803Z 
build	Set up Android SDK	2026-02-18T05:04:03.3595920Z 11. LIMITATION OF LIABILITY
build	Set up Android SDK	2026-02-18T05:04:03.3596075Z 
build	Set up Android SDK	2026-02-18T05:04:03.3597882Z 11.1 YOU EXPRESSLY UNDERSTAND AND AGREE THAT GOOGLE, ITS SUBSIDIARIES AND AFFILIATES, AND ITS LICENSORS SHALL NOT BE LIABLE TO YOU UNDER ANY THEORY OF LIABILITY FOR ANY DIRECT, INDIRECT, INCIDENTAL, SPECIAL, CONSEQUENTIAL OR EXEMPLARY DAMAGES THAT MAY BE INCURRED BY YOU, INCLUDING ANY LOSS OF DATA, WHETHER OR NOT GOOGLE OR ITS REPRESENTATIVES HAVE BEEN ADVISED OF OR SHOULD HAVE BEEN AWARE OF THE POSSIBILITY OF ANY SUCH LOSSES ARISING.
build	Set up Android SDK	2026-02-18T05:04:03.3599430Z 
build	Set up Android SDK	2026-02-18T05:04:03.3599538Z 12. Indemnification
build	Set up Android SDK	2026-02-18T05:04:03.3599669Z 
build	Set up Android SDK	2026-02-18T05:04:03.3604108Z 12.1 To the maximum extent permitted by law, you agree to defend, indemnify and hold harmless Google, its affiliates and their respective directors, officers, employees and agents from and against any and all claims, actions, suits or proceedings, as well as any and all losses, liabilities, damages, costs and expenses (including reasonable attorneys’ fees) arising out of or accruing from (a) your use of the Preview, (b) any application you develop on the Preview that infringes any Intellectual Property Rights of any person or defames any person or violates their rights of publicity or privacy, and (c) any non-compliance by you of the License Agreement.
build	Set up Android SDK	2026-02-18T05:04:03.3606359Z 
build	Set up Android SDK	2026-02-18T05:04:03.3606532Z 13. Changes to the License Agreement
build	Set up Android SDK	2026-02-18T05:04:03.3606726Z 
build	Set up Android SDK	2026-02-18T05:04:03.3607722Z 13.1 Google may make changes to the License Agreement as it distributes new versions of the Preview. When these changes are made, Google will make a new version of the License Agreement available on the website where the Preview is made available.
build	Set up Android SDK	2026-02-18T05:04:03.3609097Z 
build	Set up Android SDK	2026-02-18T05:04:03.3609223Z 14. General Legal Terms
build	Set up Android SDK	2026-02-18T05:04:03.3609375Z 
build	Set up Android SDK	2026-02-18T05:04:03.3610669Z 14.1 the License Agreement constitutes the whole legal agreement between you and Google and governs your use of the Preview (excluding any services which Google may provide to you under a separate written agreement), and completely replaces any prior agreements between you and Google in relation to the Preview.
build	Set up Android SDK	2026-02-18T05:04:03.3611743Z 
build	Set up Android SDK	2026-02-18T05:04:03.3613034Z 14.2 You agree that if Google does not exercise or enforce any legal right or remedy which is contained in the License Agreement (or which Google has the benefit of under any applicable law), this will not be taken to be a formal waiver of Google's rights and that those rights or remedies will still be available to Google.
build	Set up Android SDK	2026-02-18T05:04:03.3614239Z 
build	Set up Android SDK	2026-02-18T05:04:03.3615651Z 14.3 If any court of law, having the jurisdiction to decide on this matter, rules that any provision of the License Agreement is invalid, then that provision will be removed from the License Agreement without affecting the rest of the License Agreement. The remaining provisions of the License Agreement will continue to be valid and enforceable.
build	Set up Android SDK	2026-02-18T05:04:03.3616816Z 
build	Set up Android SDK	2026-02-18T05:04:03.3618802Z 14.4 You acknowledge and agree that each member of the group of companies of which Google is the parent shall be third party beneficiaries to the License Agreement and that such other companies shall be entitled to directly enforce, and rely upon, any provision of the License Agreement that confers a benefit on (or rights in favor of) them. Other than this, no other person or company shall be third party beneficiaries to the License Agreement.
build	Set up Android SDK	2026-02-18T05:04:03.3620490Z 
build	Set up Android SDK	2026-02-18T05:04:03.3622220Z 14.5 EXPORT RESTRICTIONS. THE PREVIEW IS SUBJECT TO UNITED STATES EXPORT LAWS AND REGULATIONS. YOU MUST COMPLY WITH ALL DOMESTIC AND INTERNATIONAL EXPORT LAWS AND REGULATIONS THAT APPLY TO THE PREVIEW. THESE LAWS INCLUDE RESTRICTIONS ON DESTINATIONS, END USERS AND END USE.
build	Set up Android SDK	2026-02-18T05:04:03.3623424Z 
build	Set up Android SDK	2026-02-18T05:04:03.3624732Z 14.6 The License Agreement may not be assigned or transferred by you without the prior written approval of Google, and any attempted assignment without such approval will be void. You shall not delegate your responsibilities or obligations under the License Agreement without the prior written approval of Google.
build	Set up Android SDK	2026-02-18T05:04:03.3625814Z 
build	Set up Android SDK	2026-02-18T05:04:03.3629116Z 14.7 The License Agreement, and your relationship with Google under the License Agreement, shall be governed by the laws of the State of California without regard to its conflict of laws provisions. You and Google agree to submit to the exclusive jurisdiction of the courts located within the county of Santa Clara, California to resolve any legal matter arising from the License Agreement. Notwithstanding this, you agree that Google shall still be allowed to apply for injunctive remedies (or an equivalent type of urgent legal relief) in any jurisdiction.
build	Set up Android SDK	2026-02-18T05:04:03.3632605Z 
build	Set up Android SDK	2026-02-18T05:04:03.3632731Z June 2014.
build	Set up Android SDK	2026-02-18T05:04:03.3633006Z ---------------------------------------
build	Set up Android SDK	2026-02-18T05:04:03.3633280Z Accept? (y/N): 
build	Set up Android SDK	2026-02-18T05:04:03.3633552Z 5/6: License google-gdk-license:
build	Set up Android SDK	2026-02-18T05:04:03.3633862Z ---------------------------------------
build	Set up Android SDK	2026-02-18T05:04:03.3634287Z This is a Developer Preview of the GDK that is subject to change.
build	Set up Android SDK	2026-02-18T05:04:03.3634552Z 
build	Set up Android SDK	2026-02-18T05:04:03.3634666Z Terms and Conditions
build	Set up Android SDK	2026-02-18T05:04:03.3634833Z 
build	Set up Android SDK	2026-02-18T05:04:03.3635170Z This is the Glass Development Kit License Agreement.
build	Set up Android SDK	2026-02-18T05:04:03.3635558Z 
build	Set up Android SDK	2026-02-18T05:04:03.3635693Z 1. Introduction
build	Set up Android SDK	2026-02-18T05:04:03.3635884Z 
build	Set up Android SDK	2026-02-18T05:04:03.3638836Z 1.1 The Glass Development Kit (referred to in this License Agreement as the "GDK" and specifically including the Android system files, packaged APIs, and GDK library files, if and when they are made available) is licensed to you subject to the terms of this License Agreement. This License Agreement forms a legally binding contract between you and Google in relation to your use of the GDK.
build	Set up Android SDK	2026-02-18T05:04:03.3640395Z 
build	Set up Android SDK	2026-02-18T05:04:03.3640750Z 1.2 "Glass" means Glass devices and the Glass software stack for use on Glass devices.
build	Set up Android SDK	2026-02-18T05:04:03.3641084Z 
build	Set up Android SDK	2026-02-18T05:04:03.3641090Z 
build	Set up Android SDK	2026-02-18T05:04:03.3641971Z 1.3 "Android" means the Android software stack for devices, as made available under the Android Open Source Project, which is located at the following URL: http://source.android.com/, as updated from time to time.
build	Set up Android SDK	2026-02-18T05:04:03.3642708Z 
build	Set up Android SDK	2026-02-18T05:04:03.3643328Z 1.4 "Google" means Google Inc., a Delaware corporation with principal place of business at 1600 Amphitheatre Parkway, Mountain View, CA 94043, United States.
build	Set up Android SDK	2026-02-18T05:04:03.3643893Z 
build	Set up Android SDK	2026-02-18T05:04:03.3644157Z 2. Accepting this License Agreement
build	Set up Android SDK	2026-02-18T05:04:03.3644346Z 
build	Set up Android SDK	2026-02-18T05:04:03.3644905Z 2.1 In order to use the GDK, you must first agree to this License Agreement. You may not use the GDK if you do not accept this License Agreement.
build	Set up Android SDK	2026-02-18T05:04:03.3645407Z 
build	Set up Android SDK	2026-02-18T05:04:03.3645718Z 2.2 By clicking to accept, you hereby agree to the terms of this License Agreement.
build	Set up Android SDK	2026-02-18T05:04:03.3646035Z 
build	Set up Android SDK	2026-02-18T05:04:03.3647023Z 2.3 You may not use the GDK and may not accept the License Agreement if you are a person barred from receiving the GDK under the laws of the United States or other countries including the country in which you are resident or from which you use the GDK.
build	Set up Android SDK	2026-02-18T05:04:03.3647867Z 
build	Set up Android SDK	2026-02-18T05:04:03.3649678Z 2.4 If you are agreeing to be bound by this License Agreement on behalf of your employer or other entity, you represent and warrant that you have full legal authority to bind your employer or such entity to this License Agreement. If you do not have the requisite authority, you may not accept the License Agreement or use the GDK on behalf of your employer or other entity.
build	Set up Android SDK	2026-02-18T05:04:03.3650910Z 
build	Set up Android SDK	2026-02-18T05:04:03.3651038Z 3. GDK License from Google
build	Set up Android SDK	2026-02-18T05:04:03.3651199Z 
build	Set up Android SDK	2026-02-18T05:04:03.3652202Z 3.1 Subject to the terms of this License Agreement, Google grants you a limited, worldwide, royalty-free, non-assignable and non-exclusive license to use the GDK solely to develop applications to run on the Glass platform for Glass devices.
build	Set up Android SDK	2026-02-18T05:04:03.3653331Z 
build	Set up Android SDK	2026-02-18T05:04:03.3655536Z 3.2 You agree that Google or third parties own all legal right, title and interest in and to the GDK, including any Intellectual Property Rights that subsist in the GDK. "Intellectual Property Rights" means any and all rights under patent law, copyright law, trade secret law, trademark law, and any and all other proprietary rights. Google reserves all rights not expressly granted to you.
build	Set up Android SDK	2026-02-18T05:04:03.3656878Z 
build	Set up Android SDK	2026-02-18T05:04:03.3660139Z 3.3 You may not use the GDK for any purpose not expressly permitted by this License Agreement. Except to the extent required by applicable third party licenses, you may not: (a) copy (except for backup purposes), modify, adapt, redistribute, decompile, reverse engineer, disassemble, or create derivative works of the GDK or any part of the GDK; or (b) load any part of the GDK onto a mobile handset or wearable computing device or any other hardware device except a Glass device personal computer, combine any part of the GDK with other software, or distribute any software or device incorporating a part of the GDK.
build	Set up Android SDK	2026-02-18T05:04:03.3663085Z 
build	Set up Android SDK	2026-02-18T05:04:03.3664127Z 3.4 You agree that you will not take any actions that may cause or result in the fragmentation of Glass, including but not limited to distributing, participating in the creation of, or promoting in any way a software development kit derived from the GDK.
build	Set up Android SDK	2026-02-18T05:04:03.3664999Z 
build	Set up Android SDK	2026-02-18T05:04:03.3665852Z 3.5 Use, reproduction and distribution of components of the GDK licensed under an open source software license are governed solely by the terms of that open source software license and not this License Agreement.
build	Set up Android SDK	2026-02-18T05:04:03.3666644Z 
build	Set up Android SDK	2026-02-18T05:04:03.3668536Z 3.6 You agree that the form and nature of the GDK that Google provides may change without prior notice to you and that future versions of the GDK may be incompatible with applications developed on previous versions of the GDK. You agree that Google may stop (permanently or temporarily) providing the GDK (or any features within the GDK) to you or to users generally at Google's sole discretion, without prior notice to you.
build	Set up Android SDK	2026-02-18T05:04:03.3670184Z 
build	Set up Android SDK	2026-02-18T05:04:03.3670878Z 3.7 Nothing in this License Agreement gives you a right to use any of Google's trade names, trademarks, service marks, logos, domain names, or other distinctive brand features.
build	Set up Android SDK	2026-02-18T05:04:03.3671497Z 
build	Set up Android SDK	2026-02-18T05:04:03.3672220Z 3.8 You agree that you will not remove, obscure, or alter any proprietary rights notices (including copyright and trademark notices) that may be affixed to or contained within the GDK.
build	Set up Android SDK	2026-02-18T05:04:03.3672992Z 
build	Set up Android SDK	2026-02-18T05:04:03.3672999Z 
build	Set up Android SDK	2026-02-18T05:04:03.3674497Z 3.9 Your use of any Android system files, packaged APIs, or other components of the GDK which are part of the Android Software Development Kit is subject to the terms of the Android Software Development Kit License Agreement located at http://developer.android.com/sdk/terms.html. These terms are hereby incorporated by reference into this License Agreement.
build	Set up Android SDK	2026-02-18T05:04:03.3675817Z 
build	Set up Android SDK	2026-02-18T05:04:03.3675940Z 4. Use of the GDK by You
build	Set up Android SDK	2026-02-18T05:04:03.3676090Z 
build	Set up Android SDK	2026-02-18T05:04:03.3677545Z 4.1 Google agrees that it obtains no right, title or interest from you (or your licensors) under this License Agreement in or to any software applications that you develop using the GDK, including any intellectual property rights that subsist in those applications.
build	Set up Android SDK	2026-02-18T05:04:03.3678462Z 
build	Set up Android SDK	2026-02-18T05:04:03.3680908Z 4.2 You agree to use the GDK and write applications only for purposes that are permitted by (a) this License Agreement, (b) the Glass Platform Developer Policies (located at https://developers.google.com/glass/policies, and hereby incorporated into this License Agreement by reference), and (c) any applicable law, regulation or generally accepted practices or guidelines in the relevant jurisdictions (including any laws regarding the export of data or software to and from the United States or other relevant countries).
build	Set up Android SDK	2026-02-18T05:04:03.3682684Z 
build	Set up Android SDK	2026-02-18T05:04:03.3685887Z 4.3 You agree that if you use the GDK to develop applications for general public users, you will protect the privacy and legal rights of those users. If the users provide you with user names, passwords, or other login information or personal information, you must make the users aware that the information will be available to your application, and you must provide legally adequate privacy notice and protection for those users. If your application stores personal or sensitive information provided by users, it must do so securely. If the user provides your application with Google Account information, your application may only use that information to access the user's Google Account when, and for the limited purposes for which, the user has given you permission to do so.
build	Set up Android SDK	2026-02-18T05:04:03.3688426Z 
build	Set up Android SDK	2026-02-18T05:04:03.3689942Z 4.4 You agree that you will not engage in any activity with the GDK, including the development or distribution of an application, that interferes with, disrupts, damages, or accesses in an unauthorized manner the servers, networks, or other properties or services of any third party including, but not limited to, Google.
build	Set up Android SDK	2026-02-18T05:04:03.3691019Z 
build	Set up Android SDK	2026-02-18T05:04:03.3692402Z 4.5 You agree that you are solely responsible for (and that Google has no responsibility to you or to any third party for) any data, content, or resources that you create, transmit or display through Glass and/or applications for Glass, and for the consequences of your actions (including any loss or damage which Google may suffer) by doing so.
build	Set up Android SDK	2026-02-18T05:04:03.3693568Z 
build	Set up Android SDK	2026-02-18T05:04:03.3695171Z 4.6 You agree that you are solely responsible for (and that Google has no responsibility to you or to any third party for) any breach of your obligations under this License Agreement, any applicable third party contract or Terms of Service, or any applicable law or regulation, and for the consequences (including any loss or damage which Google or any third party may suffer) of any such breach.
build	Set up Android SDK	2026-02-18T05:04:03.3696676Z 
build	Set up Android SDK	2026-02-18T05:04:03.3696683Z 
build	Set up Android SDK	2026-02-18T05:04:03.3699449Z 4.7 The GDK is in development, and your testing and feedback are an important part of the development process. By using the GDK, you acknowledge that implementation of some features are still under development and that you should not rely on the GDK, Glass devices, Glass system software, Google Mirror API, or Glass services having the full functionality of a stable release.
build	Set up Android SDK	2026-02-18T05:04:03.3701981Z 
build	Set up Android SDK	2026-02-18T05:04:03.3702196Z 5. Your Developer Credentials
build	Set up Android SDK	2026-02-18T05:04:03.3702482Z 
build	Set up Android SDK	2026-02-18T05:04:03.3704684Z 5.1 You agree that you are responsible for maintaining the confidentiality of any developer credentials that may be issued to you by Google or which you may choose yourself and that you will be solely responsible for all applications that are developed under your developer credentials.
build	Set up Android SDK	2026-02-18T05:04:03.3706139Z 
build	Set up Android SDK	2026-02-18T05:04:03.3706279Z 6. Privacy and Information
build	Set up Android SDK	2026-02-18T05:04:03.3706440Z 
build	Set up Android SDK	2026-02-18T05:04:03.3706447Z 
build	Set up Android SDK	2026-02-18T05:04:03.3708414Z 6.1 In order to continually innovate and improve the GDK, Google may collect certain usage statistics from the software including but not limited to a unique identifier, associated IP address, version number of the software, and information on which tools and/or services in the GDK are being used and how they are being used. Before any of this information is collected, the GDK will notify you and seek your consent. If you withhold consent, the information will not be collected.
build	Set up Android SDK	2026-02-18T05:04:03.3710215Z 
build	Set up Android SDK	2026-02-18T05:04:03.3710726Z 6.2 The data collected is examined in the aggregate to improve the GDK and is maintained in accordance with Google's Privacy Policy.
build	Set up Android SDK	2026-02-18T05:04:03.3711220Z 
build	Set up Android SDK	2026-02-18T05:04:03.3711340Z 7. Third Party Applications
build	Set up Android SDK	2026-02-18T05:04:03.3711515Z 
build	Set up Android SDK	2026-02-18T05:04:03.3713933Z 7.1 If you use the GDK to run applications developed by a third party or that access data, content or resources provided by a third party, you agree that Google is not responsible for those applications, data, content, or resources. You understand that all data, content or resources which you may access through such third party applications are the sole responsibility of the person from which they originated and that Google is not liable for any loss or damage that you may experience as a result of the use or access of any of those third party applications, data, content, or resources.
build	Set up Android SDK	2026-02-18T05:04:03.3715860Z 
build	Set up Android SDK	2026-02-18T05:04:03.3717847Z 7.2 You should be aware the data, content, and resources presented to you through such a third party application may be protected by intellectual property rights which are owned by the providers (or by other persons or companies on their behalf). You may not modify, rent, lease, loan, sell, distribute or create derivative works based on these data, content, or resources (either in whole or in part) unless you have been specifically given permission to do so by the relevant owners.
build	Set up Android SDK	2026-02-18T05:04:03.3719810Z 
build	Set up Android SDK	2026-02-18T05:04:03.3720924Z 7.3 You acknowledge that your use of such third party applications, data, content, or resources may be subject to separate terms between you and the relevant third party. In that case, this License Agreement does not affect your legal relationship with these third parties.
build	Set up Android SDK	2026-02-18T05:04:03.3721843Z 
build	Set up Android SDK	2026-02-18T05:04:03.3721955Z 8. Using Google APIs
build	Set up Android SDK	2026-02-18T05:04:03.3722099Z 
build	Set up Android SDK	2026-02-18T05:04:03.3722188Z 8.1 Google APIs
build	Set up Android SDK	2026-02-18T05:04:03.3722328Z 
build	Set up Android SDK	2026-02-18T05:04:03.3724356Z 8.1.1 If you use any API to retrieve data from Google, you acknowledge that the data may be protected by intellectual property rights which are owned by Google or those parties that provide the data (or by other persons or companies on their behalf). Your use of any such API may be subject to additional Terms of Service. You may not modify, rent, lease, loan, sell, distribute or create derivative works based on this data (either in whole or in part) unless allowed by the relevant Terms of Service.
build	Set up Android SDK	2026-02-18T05:04:03.3726168Z 
build	Set up Android SDK	2026-02-18T05:04:03.3727180Z 8.1.2 If you use any API to retrieve a user's data from Google, you acknowledge and agree that you shall retrieve data only with the user's explicit consent and only when, and for the limited purposes for which, the user has given you permission to do so.
build	Set up Android SDK	2026-02-18T05:04:03.3728018Z 
build	Set up Android SDK	2026-02-18T05:04:03.3728175Z 9. Terminating this License Agreement
build	Set up Android SDK	2026-02-18T05:04:03.3728363Z 
build	Set up Android SDK	2026-02-18T05:04:03.3728995Z 9.1 This License Agreement will continue to apply until terminated by either you or Google as set out below.
build	Set up Android SDK	2026-02-18T05:04:03.3729555Z 
build	Set up Android SDK	2026-02-18T05:04:03.3730079Z 9.2 If you want to terminate this License Agreement, you may do so by ceasing your use of the GDK and any relevant developer credentials.
build	Set up Android SDK	2026-02-18T05:04:03.3730581Z 
build	Set up Android SDK	2026-02-18T05:04:03.3733196Z 9.3 Google may at any time, terminate this License Agreement with you if: (A) you have breached any provision of this License Agreement; or (B) Google is required to do so by law; or (C) the partner with whom Google offered certain parts of GDK (such as APIs) to you has terminated its relationship with Google or ceased to offer certain parts of the GDK to you; or (D) Google decides to no longer provide the GDK or certain parts of the GDK to users in the country in which you are resident or from which you use the service, or the provision of the GDK or certain GDK services to you by Google is, in Google's sole discretion, no longer commercially viable.
build	Set up Android SDK	2026-02-18T05:04:03.3735273Z 
build	Set up Android SDK	2026-02-18T05:04:03.3737093Z 9.4 When this License Agreement comes to an end, all of the legal rights, obligations and liabilities that you and Google have benefited from, been subject to (or which have accrued over time whilst this License Agreement has been in force) or which are expressed to continue indefinitely, shall be unaffected by this cessation, and the provisions of paragraph 14.7 shall continue to apply to such rights, obligations and liabilities indefinitely.
build	Set up Android SDK	2026-02-18T05:04:03.3738571Z 
build	Set up Android SDK	2026-02-18T05:04:03.3738862Z 10. DISCLAIMER OF WARRANTIES
build	Set up Android SDK	2026-02-18T05:04:03.3739041Z 
build	Set up Android SDK	2026-02-18T05:04:03.3739741Z 10.1 YOU EXPRESSLY UNDERSTAND AND AGREE THAT YOUR USE OF THE GDK IS AT YOUR SOLE RISK AND THAT THE GDK IS PROVIDED "AS IS" AND "AS AVAILABLE" WITHOUT WARRANTY OF ANY KIND FROM GOOGLE.
build	Set up Android SDK	2026-02-18T05:04:03.3740345Z 
build	Set up Android SDK	2026-02-18T05:04:03.3741401Z 10.2 YOUR USE OF THE GDK AND ANY MATERIAL DOWNLOADED OR OTHERWISE OBTAINED THROUGH THE USE OF THE GDK IS AT YOUR OWN DISCRETION AND RISK AND YOU ARE SOLELY RESPONSIBLE FOR ANY DAMAGE TO YOUR COMPUTER SYSTEM OR OTHER DEVICE OR LOSS OF DATA THAT RESULTS FROM SUCH USE.
build	Set up Android SDK	2026-02-18T05:04:03.3742291Z 
build	Set up Android SDK	2026-02-18T05:04:03.3743342Z 10.3 GOOGLE FURTHER EXPRESSLY DISCLAIMS ALL WARRANTIES AND CONDITIONS OF ANY KIND, WHETHER EXPRESS OR IMPLIED, INCLUDING, BUT NOT LIMITED TO THE IMPLIED WARRANTIES AND CONDITIONS OF MERCHANTABILITY, FITNESS FOR A PARTICULAR PURPOSE AND NON-INFRINGEMENT.
build	Set up Android SDK	2026-02-18T05:04:03.3744228Z 
build	Set up Android SDK	2026-02-18T05:04:03.3744340Z 11. LIMITATION OF LIABILITY
build	Set up Android SDK	2026-02-18T05:04:03.3744503Z 
build	Set up Android SDK	2026-02-18T05:04:03.3746294Z 11.1 YOU EXPRESSLY UNDERSTAND AND AGREE THAT GOOGLE, ITS SUBSIDIARIES AND AFFILIATES, AND ITS LICENSORS SHALL NOT BE LIABLE TO YOU UNDER ANY THEORY OF LIABILITY FOR ANY DIRECT, INDIRECT, INCIDENTAL, SPECIAL, CONSEQUENTIAL OR EXEMPLARY DAMAGES THAT MAY BE INCURRED BY YOU, INCLUDING ANY LOSS OF DATA, WHETHER OR NOT GOOGLE OR ITS REPRESENTATIVES HAVE BEEN ADVISED OF OR SHOULD HAVE BEEN AWARE OF THE POSSIBILITY OF ANY SUCH LOSSES ARISING.
build	Set up Android SDK	2026-02-18T05:04:03.3747758Z 
build	Set up Android SDK	2026-02-18T05:04:03.3747861Z 12. Indemnification
build	Set up Android SDK	2026-02-18T05:04:03.3747994Z 
build	Set up Android SDK	2026-02-18T05:04:03.3752211Z 12.1 To the maximum extent permitted by law, you agree to defend, indemnify and hold harmless Google, its affiliates and their respective directors, officers, employees and agents from and against any and all claims, actions, suits or proceedings, as well as any and all losses, liabilities, damages, costs and expenses (including reasonable attorneys fees) arising out of or accruing from (a) your use of the GDK, (b) any application you develop on the GDK that infringes any copyright, trademark, trade secret, trade dress, patent or other intellectual property right of any person or defames any person or violates their rights of publicity or privacy, and (c) any non-compliance by you with this License Agreement.
build	Set up Android SDK	2026-02-18T05:04:03.3754778Z 
build	Set up Android SDK	2026-02-18T05:04:03.3754939Z 13. Changes to the License Agreement
build	Set up Android SDK	2026-02-18T05:04:03.3755129Z 
build	Set up Android SDK	2026-02-18T05:04:03.3756097Z 13.1 Google may make changes to the License Agreement as it distributes new versions of the GDK. When these changes are made, Google will make a new version of the License Agreement available on the website where the GDK is made available.
build	Set up Android SDK	2026-02-18T05:04:03.3757023Z 
build	Set up Android SDK	2026-02-18T05:04:03.3757133Z 14. General Legal Terms
build	Set up Android SDK	2026-02-18T05:04:03.3757286Z 
build	Set up Android SDK	2026-02-18T05:04:03.3758540Z 14.1 This License Agreement constitutes the whole legal agreement between you and Google and governs your use of the GDK (excluding any services which Google may provide to you under a separate written agreement), and completely replaces any prior agreements between you and Google in relation to the GDK.
build	Set up Android SDK	2026-02-18T05:04:03.3759966Z 
build	Set up Android SDK	2026-02-18T05:04:03.3761260Z 14.2 You agree that if Google does not exercise or enforce any legal right or remedy which is contained in this License Agreement (or which Google has the benefit of under any applicable law), this will not be taken to be a formal waiver of Google's rights and that those rights or remedies will still be available to Google.
build	Set up Android SDK	2026-02-18T05:04:03.3762739Z 
build	Set up Android SDK	2026-02-18T05:04:03.3764697Z 14.3 If any court of law, having the jurisdiction to decide on this matter, rules that any provision of this License Agreement is invalid, then that provision will be removed from this License Agreement without affecting the rest of this License Agreement. The remaining provisions of this License Agreement will continue to be valid and enforceable.
build	Set up Android SDK	2026-02-18T05:04:03.3765899Z 
build	Set up Android SDK	2026-02-18T05:04:03.3767791Z 14.4 You acknowledge and agree that each member of the group of companies of which Google is the parent shall be third party beneficiaries to this License Agreement and that such other companies shall be entitled to directly enforce, and rely upon, any provision of this License Agreement that confers a benefit on (or rights in favor of) them. Other than this, no other person or company shall be third party beneficiaries to this License Agreement.
build	Set up Android SDK	2026-02-18T05:04:03.3769499Z 
build	Set up Android SDK	2026-02-18T05:04:03.3770588Z 14.5 EXPORT RESTRICTIONS. THE GDK IS SUBJECT TO UNITED STATES EXPORT LAWS AND REGULATIONS. YOU MUST COMPLY WITH ALL DOMESTIC AND INTERNATIONAL EXPORT LAWS AND REGULATIONS THAT APPLY TO THE GDK. THESE LAWS INCLUDE RESTRICTIONS ON DESTINATIONS, END USERS AND END USE.
build	Set up Android SDK	2026-02-18T05:04:03.3771513Z 
build	Set up Android SDK	2026-02-18T05:04:03.3772921Z 14.6 The rights granted in this License Agreement may not be assigned or transferred by either you or Google without the prior written approval of the other party. Neither you nor Google shall be permitted to delegate their responsibilities or obligations under this License Agreement without the prior written approval of the other party.
build	Set up Android SDK	2026-02-18T05:04:03.3774080Z 
build	Set up Android SDK	2026-02-18T05:04:03.3776392Z 14.7 This License Agreement, and your relationship with Google under this License Agreement, shall be governed by the laws of the State of California without regard to its conflict of laws provisions. You and Google agree to submit to the exclusive jurisdiction of the courts located within the county of Santa Clara, California to resolve any legal matter arising from this License Agreement. Notwithstanding this, you agree that Google shall still be allowed to apply for injunctive remedies (or an equivalent type of urgent legal relief) in any jurisdiction.
build	Set up Android SDK	2026-02-18T05:04:03.3778460Z 
build	Set up Android SDK	2026-02-18T05:04:03.3778582Z November 19, 2013
build	Set up Android SDK	2026-02-18T05:04:03.3779123Z ---------------------------------------
build	Set up Android SDK	2026-02-18T05:04:03.3779416Z Accept? (y/N): 
build	Set up Android SDK	2026-02-18T05:04:03.3779719Z 6/6: License mips-android-sysimage-license:
build	Set up Android SDK	2026-02-18T05:04:03.3780073Z ---------------------------------------
build	Set up Android SDK	2026-02-18T05:04:03.3782849Z MIPS Technologies, Inc. (“MIPS”) Internal Evaluation License Agreement for MIPS Android™ System Images for Android Software Development Kit (SDK): This Internal Evaluation License Agreement (this "Agreement") is entered into by and between MIPS and you (as an individual developer or a legal entity -- identified below as “Recipient”). MIPS shall make the Evaluation Software available to Recipient as described in accordance with the terms and conditions set forth below.
build	Set up Android SDK	2026-02-18T05:04:03.3784632Z 
build	Set up Android SDK	2026-02-18T05:04:03.3787099Z By clicking on the “Accept” button, downloading, installing, or otherwise using the Evaluation Materials (defined below), you agree to be bound by the terms of this Agreement effective as of the date you click “Accept” (the “Effective Date”), and if doing so on behalf of an entity, you represent that you are authorized to bind the entity to the terms and conditions of this Agreement. If you do not agree to be bound by the terms and conditions of this Agreement, do not download, install, or use the Evaluation Materials.
build	Set up Android SDK	2026-02-18T05:04:03.3788944Z 
build	Set up Android SDK	2026-02-18T05:04:03.3789196Z 1. DEFINITIONS. These terms shall have the following meanings:
build	Set up Android SDK	2026-02-18T05:04:03.3789464Z 
build	Set up Android SDK	2026-02-18T05:04:03.3790193Z 1.1 “MIPS” shall mean MIPS Technologies, Inc., a Delaware corporation having a principal place of business at: 955 East Arques Ave., Sunnyvale, CA 94085
build	Set up Android SDK	2026-02-18T05:04:03.3790750Z 
build	Set up Android SDK	2026-02-18T05:04:03.3791475Z 1.2 “Evaluation Software” shall mean MIPS Android™ emulator system images for Android Software Development Kit (SDK), as made available to Recipient.
build	Set up Android SDK	2026-02-18T05:04:03.3792038Z 
build	Set up Android SDK	2026-02-18T05:04:03.3793532Z 1.3 “Evaluation Materials" means, collectively, the Evaluation Software (in source and/or object code form) and documentation (including, without limitation, any design documents, specifications, reference manuals, and other related materials) related to the Evaluation Software as made available to Recipient.
build	Set up Android SDK	2026-02-18T05:04:03.3794627Z 
build	Set up Android SDK	2026-02-18T05:04:03.3799441Z 1.4 “Open Source Software” means any software that requires (as a condition of use, modification and/or distribution of such software) that such software or other software incorporated into, derived from or distributed with such software (a) be disclosed or distributed in source code form; or (b) be licensed by the user to third parties for the purpose of making and/or distributing derivative works; or (c) be redistributable at no charge. Open Source Software includes, without limitation, software licensed or distributed under any of the following licenses or distribution models, or licenses or distribution models substantially similar to any of the following: (a) GNU’s General Public License (GPL) or Lesser/Library GPL (LGPL), (b) the Artistic License (e.g., PERL), (c) the Mozilla Public License, (d) the Netscape Public License, (e) the Sun Community Source License (SCSL), (f) the Sun Industry Source License (SISL), (g) the Apache Software license and (h) the Common Public License (CPL).
build	Set up Android SDK	2026-02-18T05:04:03.3802712Z 
build	Set up Android SDK	2026-02-18T05:04:03.3804124Z 1.5 “Pre-Release Materials” means “alpha” or “beta” designated pre-release features, which may not be fully functional, which MIPS may substantially modify in producing any production version of the Evaluation Materials, and/or which is still under development by MIPS and/or MIPS’ suppliers.
build	Set up Android SDK	2026-02-18T05:04:03.3805147Z 
build	Set up Android SDK	2026-02-18T05:04:03.3807524Z 2. PURPOSE. MIPS desires to make the Evaluation Materials available to Recipient solely for Recipient's internal evaluation of the Evaluation Software to evaluate the desirability of cooperating with MIPS in developing products that are compatible with the Evaluation Software and/or to advise MIPS as to possible modifications to the Evaluation Software. Recipient may not disclose, distribute, modify (except to facilitate the above-mentioned internal evaluation), or make commercial use of the Evaluation Materials or any modifications of the Evaluation Materials.
build	Set up Android SDK	2026-02-18T05:04:03.3809849Z 
build	Set up Android SDK	2026-02-18T05:04:03.3811597Z THE EVALUATION MATERIALS ARE PROVIDED FOR EVALUATION PURPOSES ONLY AND MAY NOT BE MODIFIED (EXCEPT TO FACILITATE THE INTERNAL EVALUATION) OR DISTRIBUTED BY RECIPIENT OR INCORPORATED INTO RECIPIENT’S PRODUCTS OR SOFTWARE. PLEASE CONTACT A MIPS SALES REPRESENTATIVE TO LEARN ABOUT THE AVAILABILITY AND COST OF A COMMERCIAL VERSION OF THE EVALUATION SOFTWARE.
build	Set up Android SDK	2026-02-18T05:04:03.3812836Z 
build	Set up Android SDK	2026-02-18T05:04:03.3814000Z 3. TITLE. Title to the Evaluation Materials remains with MIPS or its suppliers. Recipient shall not mortgage, pledge or encumber the Evaluation Materials in any way. Recipient shall return all Evaluation Materials, keeping no copies, upon termination or expiration of this Agreement.
build	Set up Android SDK	2026-02-18T05:04:03.3815137Z 
build	Set up Android SDK	2026-02-18T05:04:03.3819847Z 4. LICENSE. MIPS grants Recipient a royalty-free, personal, nontransferable, nonexclusive license under its copyrights to use the Evaluation Software only for the purposes described in paragraph 2 above and only for a period beginning on the Effective Date and extending to the first anniversary of the Effective Date (the “Evaluation Period”). Unless otherwise communicated in writing by MIPS to Recipient, to the extent the Evaluation Software is provided in more than one delivery or release (each, a “Release”) the license grant in this Section 4 and the Evaluation Period shall apply to each Release, in which case the Evaluation Period shall begin on the date that the Release is made generally available and continue to the first anniversary of such date. Recipient may not make modifications to the Evaluation Software. Recipient shall not disassemble, reverse-engineer, or decompile any software that is not provided to Recipient in source code form.
build	Set up Android SDK	2026-02-18T05:04:03.3823054Z 
build	Set up Android SDK	2026-02-18T05:04:03.3823061Z 
build	Set up Android SDK	2026-02-18T05:04:03.3824456Z EXCEPT AS PROVIDED HEREIN, NO OTHER LICENSE, EXPRESS OR IMPLIED, BY ESTOPPEL OR OTHERWISE, TO ANY OTHER MIPS INTELLECTUAL PROPERTY RIGHTS IS GRANTED TO THE RECIPIENT. OTHER THAN AS EXPLICITLY SET FORTH IN PARAGRAPH 2 ABOVE, NO RIGHT TO COPY, TO REPRODUCE, TO MODIFY, OR TO CREATE DERIVATIVE WORKS OF, THE EVALUATION MATERIALS IS GRANTED HEREIN.
build	Set up Android SDK	2026-02-18T05:04:03.3825603Z 
build	Set up Android SDK	2026-02-18T05:04:03.3826652Z 5. NO OBLIGATION. Recipient shall have no duty to purchase or license any product from MIPS. MIPS and its suppliers shall have no obligation to provide support for, or develop a non-evaluation version of, the Evaluation Software or to license any version of it.
build	Set up Android SDK	2026-02-18T05:04:03.3827548Z 
build	Set up Android SDK	2026-02-18T05:04:03.3832235Z 6. MODIFICATIONS. This Agreement does not obligate Recipient to provide MIPS with comments or suggestions regarding Evaluation Materials. However, should Recipient provide MIPS with comments or suggestions for the modification, correction, improvement or enhancement of (a) the Evaluation Materials or (b) MIPS products or processes which may embody the Evaluation Materials, then Recipient agrees to grant and hereby grants to MIPS a non-exclusive, irrevocable, worldwide, fully paid-up, royalty-free license, with the right to sublicense MIPS’ licensees and customers, under Recipient’s Intellectual property rights, to use and disclose such comments and suggestions in any manner MIPS chooses and to display, perform, copy, make, have made, use, sell, offer to sell, import, and otherwise dispose of MIPS’ and its sublicensee’s products embodying such comments and suggestions in any manner and via any media MIPS chooses, without reference to the source.
build	Set up Android SDK	2026-02-18T05:04:03.3835457Z 
build	Set up Android SDK	2026-02-18T05:04:03.3837528Z 7. WARRANTY DISCLAIMER. MIPS AND ITS SUPPLIERS MAKE NO WARRANTIES WITH RESPECT TO EVALUATION MATERIALS, EITHER EXPRESS OR IMPLIED, INCLUDING ANY IMPLIED WARRANTIES OF MERCHANTABILITY OR FITNESS FOR A PARTICULAR PURPOSE, OR ANY IMPLIED WARRANTY OF NONINFRINGEMENT WITH RESPECT TO THIRD PARTY INTELLECTUAL PROPERTY. RECIPIENT ACKNOWLEDGES AND AGREES THAT THE EVALUATION MATERIALS ARE PROVIDED “AS IS,” WITHOUT WARRANTY OF ANY KIND.
build	Set up Android SDK	2026-02-18T05:04:03.3839266Z 
build	Set up Android SDK	2026-02-18T05:04:03.3841663Z 8. LIMITATION OF LIABILITY. MIPS AND ITS SUPPLIERS SHALL NOT BE LIABLE FOR ANY PROPERTY DAMAGE, PERSONAL INJURY, LOSS OF PROFITS, INTERRUPTION OF BUSINESS OR FOR ANY DIRECT, INDIRECT, SPECIAL, CONSEQUENTIAL OR INCIDENTAL DAMAGES, HOWEVER CAUSED OR ALLEGED, WHETHER FOR BREACH OF WARRANTY, CONTRACT, STRICT LIABILITY OR OTHERWISE, INCLUDING WITHOUT LIMITATION, UNDER TORT OR OTHER LEGAL THEORY. MIPS AND ITS SUPPLIERS DISCLAIM ANY AND ALL LIABILITY, INCLUDING LIABILITY FOR INFRINGEMENT OF ANY INTELLECTUAL PROPERTY RIGHTS OF ANY KIND RELATING TO THE EVALUATION MATERIALS.
build	Set up Android SDK	2026-02-18T05:04:03.3843708Z 
build	Set up Android SDK	2026-02-18T05:04:03.3844616Z 9. EXPIRATION. MIPS may terminate this Agreement immediately after a breach by Recipient or otherwise at MIPS’ reasonable discretion and upon five (5) business days’ notice to Recipient.
build	Set up Android SDK	2026-02-18T05:04:03.3845292Z 
build	Set up Android SDK	2026-02-18T05:04:03.3845381Z 10. GENERAL.
build	Set up Android SDK	2026-02-18T05:04:03.3845503Z 
build	Set up Android SDK	2026-02-18T05:04:03.3849647Z 10.1 Controlling Law. This Agreement shall be governed by California law excluding its choice of law rules. With the exception of MIPS’ rights to enforce its intellectual property rights and any confidentiality obligations under this Agreement or any licenses distributed with the Evaluation Materials, all disputes and any claims arising under or relating to this Agreement shall be subject to the exclusive jurisdiction and venue of the state and federal courts located in Santa Clara County, California. Each party hereby agrees to jurisdiction and venue in the courts set forth in the preceding sentence. The parties agree that the United Nations Convention on Contracts for the International Sale of Goods is specifically excluded from application to this Agreement. The parties consent to the personal jurisdiction of the above courts.
build	Set up Android SDK	2026-02-18T05:04:03.3852464Z 
build	Set up Android SDK	2026-02-18T05:04:03.3854508Z 10.2 Remedies. Recipient acknowledges and agrees that any breach of confidentiality obligations under this Agreement or any licenses distributed with the Evaluation Materials, as well as any disclosure, commercialization, or public use of the Evaluation Materials, would cause irreparable injury to MIPS, and therefore Recipient agrees to consent to, and hereby consents to, the grant of an injunction by any court of competent jurisdiction in the event of an actual or threatened breach.
build	Set up Android SDK	2026-02-18T05:04:03.3856154Z 
build	Set up Android SDK	2026-02-18T05:04:03.3858727Z 10.3 Assignment. Recipient may not delegate, assign or transfer this Agreement, the license granted or any of Recipient’s rights, obligations, or duties hereunder, expressly, by implication, by operation of law, by way of merger (regardless of whether Recipient is the surviving entity) or acquisition, or otherwise and any attempt to do so, without MIPS’ express prior written consent, shall be ineffective, null and void. MIPS may freely assign this Agreement, and its rights and obligations hereunder, in its sole discretion.
build	Set up Android SDK	2026-02-18T05:04:03.3860497Z 
build	Set up Android SDK	2026-02-18T05:04:03.3862489Z 10.4 Entire Agreement. This Agreement constitutes the entire agreement between Recipient and MIPS and supersedes in their entirety any and all oral or written agreements previously existing between Recipient and MIPS with respect to the subject matter hereof. This Agreement may only be amended or supplemented by a writing that refers explicitly to this Agreement and that is signed or otherwise accepted by duly authorized representatives of Recipient and MIPS.
build	Set up Android SDK	2026-02-18T05:04:03.3864046Z 
build	Set up Android SDK	2026-02-18T05:04:03.3865927Z 10.5 Severability. In the event that any provision of this Agreement is finally adjudicated to be unenforceable or invalid under any applicable law, such unenforceability or invalidity shall not render this Agreement unenforceable or invalid as a whole, and, in such event, such unenforceable or invalid provision shall be interpreted so as to best accomplish the objectives of such provision within the limits of applicable law or applicable court decisions.
build	Set up Android SDK	2026-02-18T05:04:03.3867654Z 
build	Set up Android SDK	2026-02-18T05:04:03.3873787Z 10.6 Export Regulations / Export Control. Recipient shall not export, either directly or indirectly, any product, service or technical data or system incorporating the Evaluation Materials without first obtaining any required license or other necessary approval from the U.S. Department of Commerce or any other governing agency or department of the United States Government. In the event any product is exported from the United States or re-exported from a foreign destination by Recipient, Recipient shall ensure that the distribution and export/re-export or import of the product is in compliance with all applicable laws, regulations, orders, or other restrictions of the U.S. Export Administration Regulations and the appropriate foreign government. Recipient agrees that neither it nor any of its subsidiaries will export/re-export any technical data, process, product, or service, directly or indirectly, to any country for which the United States government or any agency thereof or the foreign government from where it is shipping requires an export license, or other governmental approval, without first obtaining such license or approval. Recipient also agrees to implement measures to ensure that foreign national employees are authorized to receive any information controlled by U.S. export control laws. An export is "deemed" to take place when information is released to a foreign national wherever located.
build	Set up Android SDK	2026-02-18T05:04:03.3881226Z 
build	Set up Android SDK	2026-02-18T05:04:03.3890266Z 10.7 Special Terms for Pre-Release Materials. If so indicated in the description of the Evaluation Software, the Evaluation Software may contain Pre-Release Materials. Recipient hereby understands, acknowledges and agrees that: (i) Pre-Release Materials may not be fully tested and may contain bugs or errors; (ii) Pre-Release materials are not suitable for commercial release in their current state; (iii) regulatory approvals for Pre-Release Materials (such as UL or FCC) have not been obtained, and Pre-Release Materials may therefore not be certified for use in certain countries or environments or may not be suitable for certain applications and (iv) MIPS can provide no assurance that it will ever produce or make generally available a production version of the Pre-Release Materials . MIPS is not under any obligation to develop and/or release or offer for sale or license a final product based upon the Pre-Release Materials and may unilaterally elect to abandon the Pre-Release Materials or any such development platform at any time and without any obligation or liability whatsoever to Recipient or any other person.
build	Set up Android SDK	2026-02-18T05:04:03.3897849Z 
build	Set up Android SDK	2026-02-18T05:04:03.3899895Z ANY PRE-RELEASE MATERIALS ARE NON-QUALIFIED AND, AS SUCH, ARE PROVIDED “AS IS” AND “AS AVAILABLE”, POSSIBLY WITH FAULTS, AND WITHOUT REPRESENTATION OR WARRANTY OF ANY KIND.
build	Set up Android SDK	2026-02-18T05:04:03.3901175Z 
build	Set up Android SDK	2026-02-18T05:04:03.3906407Z 10.8 Open Source Software. In the event Open Source software is included with Evaluation Software, such Open Source software is licensed pursuant to the applicable Open Source software license agreement identified in the Open Source software comments in the applicable source code file(s) and/or file header as indicated in the Evaluation Software. Additional detail may be available (where applicable) in the accompanying on-line documentation. With respect to the Open Source software, nothing in this Agreement limits any rights under, or grants rights that supersede, the terms of any applicable Open Source software license agreement.
build	Set up Android SDK	2026-02-18T05:04:03.3911147Z ---------------------------------------
build	Set up Android SDK	2026-02-18T05:04:03.3911874Z Accept? (y/N): All SDK package licenses accepted
build	Set up Android SDK	2026-02-18T05:04:03.3912295Z 
build	Set up Android SDK	2026-02-18T05:04:03.3912940Z [command]/usr/local/lib/android/sdk/cmdline-tools/16.0/bin/sdkmanager platform-tools
build	Set up Android SDK	2026-02-18T05:04:04.1281823Z Loading package information...                                                  
build	Set up Android SDK	2026-02-18T05:04:04.2307194Z Loading local repository...                                                     
build	Set up Android SDK	2026-02-18T05:04:04.2315411Z [                                       ] 3% Loading local repository...        
build	Set up Android SDK	2026-02-18T05:04:04.2435571Z [                                       ] 3% Fetch remote repository...         
build	Set up Android SDK	2026-02-18T05:04:04.5956357Z [=                                      ] 3% Fetch remote repository...         
build	Set up Android SDK	2026-02-18T05:04:04.6659934Z [=                                      ] 4% Fetch remote repository...         
build	Set up Android SDK	2026-02-18T05:04:04.6972498Z [=                                      ] 5% Fetch remote repository...         
build	Set up Android SDK	2026-02-18T05:04:04.7631085Z [==                                     ] 5% Fetch remote repository...         
build	Set up Android SDK	2026-02-18T05:04:04.8517216Z [==                                     ] 6% Fetch remote repository...         
build	Set up Android SDK	2026-02-18T05:04:04.9280506Z [==                                     ] 7% Fetch remote repository...         
build	Set up Android SDK	2026-02-18T05:04:04.9281915Z [==                                     ] 7% Computing updates...               
build	Set up Android SDK	2026-02-18T05:04:04.9469194Z [===                                    ] 8% Computing updates...               
build	Set up Android SDK	2026-02-18T05:04:04.9540614Z [===                                    ] 10% Computing updates...              
build	Set up Android SDK	2026-02-18T05:04:04.9553263Z [=======================================] 100% Computing updates...             
build	Set up Android SDK	2026-02-18T05:04:04.9553732Z 
build	Set up Android SDK	2026-02-18T05:04:04.9754170Z [command]/usr/local/lib/android/sdk/cmdline-tools/16.0/bin/sdkmanager platforms;android-34
build	Set up Android SDK	2026-02-18T05:04:05.7323836Z Loading package information...                                                  
build	Set up Android SDK	2026-02-18T05:04:05.8265884Z Loading local repository...                                                     
build	Set up Android SDK	2026-02-18T05:04:05.8271451Z [                                       ] 3% Loading local repository...        
build	Set up Android SDK	2026-02-18T05:04:05.8367666Z [                                       ] 3% Fetch remote repository...         
build	Set up Android SDK	2026-02-18T05:04:06.1081237Z [=                                      ] 3% Fetch remote repository...         
build	Set up Android SDK	2026-02-18T05:04:06.1638340Z [=                                      ] 4% Fetch remote repository...         
build	Set up Android SDK	2026-02-18T05:04:06.1961017Z [=                                      ] 5% Fetch remote repository...         
build	Set up Android SDK	2026-02-18T05:04:06.2275576Z [==                                     ] 5% Fetch remote repository...         
build	Set up Android SDK	2026-02-18T05:04:06.2850918Z [==                                     ] 6% Fetch remote repository...         
build	Set up Android SDK	2026-02-18T05:04:06.3431274Z [==                                     ] 7% Fetch remote repository...         
build	Set up Android SDK	2026-02-18T05:04:06.3432581Z [==                                     ] 7% Computing updates...               
build	Set up Android SDK	2026-02-18T05:04:06.3607973Z [===                                    ] 8% Computing updates...               
build	Set up Android SDK	2026-02-18T05:04:06.3669942Z [===                                    ] 10% Computing updates...              
build	Set up Android SDK	2026-02-18T05:04:06.3670871Z [=======================================] 100% Computing updates...             
build	Set up Android SDK	2026-02-18T05:04:06.3671288Z 
build	Set up Android SDK	2026-02-18T05:04:06.3873307Z [command]/usr/local/lib/android/sdk/cmdline-tools/16.0/bin/sdkmanager build-tools;34.0.0
build	Set up Android SDK	2026-02-18T05:04:07.1756350Z Loading package information...                                                  
build	Set up Android SDK	2026-02-18T05:04:07.2717385Z Loading local repository...                                                     
build	Set up Android SDK	2026-02-18T05:04:07.2721923Z [                                       ] 3% Loading local repository...        
build	Set up Android SDK	2026-02-18T05:04:07.2824934Z [                                       ] 3% Fetch remote repository...         
build	Set up Android SDK	2026-02-18T05:04:07.6490213Z [=                                      ] 3% Fetch remote repository...         
build	Set up Android SDK	2026-02-18T05:04:07.7389501Z [=                                      ] 4% Fetch remote repository...         
build	Set up Android SDK	2026-02-18T05:04:07.7767635Z [=                                      ] 5% Fetch remote repository...         
build	Set up Android SDK	2026-02-18T05:04:07.8253363Z [==                                     ] 5% Fetch remote repository...         
build	Set up Android SDK	2026-02-18T05:04:07.9279849Z [==                                     ] 6% Fetch remote repository...         
build	Set up Android SDK	2026-02-18T05:04:08.0106414Z [==                                     ] 7% Fetch remote repository...         
build	Set up Android SDK	2026-02-18T05:04:08.0112302Z [==                                     ] 7% Computing updates...               
build	Set up Android SDK	2026-02-18T05:04:08.0298035Z [===                                    ] 8% Computing updates...               
build	Set up Android SDK	2026-02-18T05:04:08.0345975Z [===                                    ] 10% Computing updates...              
build	Set up Android SDK	2026-02-18T05:04:08.0348417Z [=======================================] 100% Computing updates...             
build	Set up Android SDK	2026-02-18T05:04:08.0354412Z 
build	Set up Bun	﻿2026-02-18T05:04:08.0721876Z ##[group]Run oven-sh/setup-bun@v1
build	Set up Bun	2026-02-18T05:04:08.0722216Z with:
build	Set up Bun	2026-02-18T05:04:08.0722432Z   bun-version: latest
build	Set up Bun	2026-02-18T05:04:08.0722674Z   no-cache: false
build	Set up Bun	2026-02-18T05:04:08.0722891Z env:
build	Set up Bun	2026-02-18T05:04:08.0723229Z   JAVA_HOME: /opt/hostedtoolcache/Java_Temurin-Hotspot_jdk/17.0.18-8/x64
build	Set up Bun	2026-02-18T05:04:08.0723801Z   JAVA_HOME_17_X64: /opt/hostedtoolcache/Java_Temurin-Hotspot_jdk/17.0.18-8/x64
build	Set up Bun	2026-02-18T05:04:08.0724273Z   ANDROID_HOME: /usr/local/lib/android/sdk
build	Set up Bun	2026-02-18T05:04:08.0724618Z   ANDROID_SDK_ROOT: /usr/local/lib/android/sdk
build	Set up Bun	2026-02-18T05:04:08.0724929Z ##[endgroup]
build	Set up Bun	2026-02-18T05:04:08.1926527Z Downloading a new version of Bun: https://bun.sh/download/latest/linux/x64?avx2=true&profile=false
build	Set up Bun	2026-02-18T05:04:09.6411408Z [command]/usr/bin/unzip -o -q /home/runner/work/_temp/06365a7c-3629-4ccf-9206-6439ae3845ad
build	Set up Bun	2026-02-18T05:04:10.3978266Z [command]/home/runner/.bun/bin/bun --revision
build	Set up Bun	2026-02-18T05:04:10.4020468Z 1.3.9+cf6cdbbba
build	Install Monorepo Dependencies	﻿2026-02-18T05:04:10.4142711Z ##[group]Run bun install
build	Install Monorepo Dependencies	2026-02-18T05:04:10.4143008Z [36;1mbun install[0m
build	Install Monorepo Dependencies	2026-02-18T05:04:10.4200135Z shell: /usr/bin/bash -e {0}
build	Install Monorepo Dependencies	2026-02-18T05:04:10.4200407Z env:
build	Install Monorepo Dependencies	2026-02-18T05:04:10.4200724Z   JAVA_HOME: /opt/hostedtoolcache/Java_Temurin-Hotspot_jdk/17.0.18-8/x64
build	Install Monorepo Dependencies	2026-02-18T05:04:10.4201271Z   JAVA_HOME_17_X64: /opt/hostedtoolcache/Java_Temurin-Hotspot_jdk/17.0.18-8/x64
build	Install Monorepo Dependencies	2026-02-18T05:04:10.4201711Z   ANDROID_HOME: /usr/local/lib/android/sdk
build	Install Monorepo Dependencies	2026-02-18T05:04:10.4202021Z   ANDROID_SDK_ROOT: /usr/local/lib/android/sdk
build	Install Monorepo Dependencies	2026-02-18T05:04:10.4202314Z ##[endgroup]
build	Install Monorepo Dependencies	2026-02-18T05:04:10.4308195Z error: Bun could not find a package.json file to install from
build	Install Monorepo Dependencies	2026-02-18T05:04:10.4309422Z note: Run "bun init" to initialize a project
build	Install Monorepo Dependencies	2026-02-18T05:04:10.4325343Z ##[error]Process completed with exit code 1.
build	Post Set up JDK 17	﻿2026-02-18T05:04:10.4432098Z Post job cleanup.
build	Post Checkout code	﻿2026-02-18T05:04:10.6299333Z Post job cleanup.
build	Post Checkout code	2026-02-18T05:04:10.7301465Z [command]/usr/bin/git version
build	Post Checkout code	2026-02-18T05:04:10.7344315Z git version 2.52.0
build	Post Checkout code	2026-02-18T05:04:10.7392074Z Temporarily overriding HOME='/home/runner/work/_temp/de77573a-94bb-4f36-89b7-80cab4f98d16' before making global git config changes
build	Post Checkout code	2026-02-18T05:04:10.7394362Z Adding repository directory to the temporary git global config as a safe directory
build	Post Checkout code	2026-02-18T05:04:10.7406555Z [command]/usr/bin/git config --global --add safe.directory /home/runner/work/opencode-android-apk/opencode-android-apk
build	Post Checkout code	2026-02-18T05:04:10.7446036Z [command]/usr/bin/git config --local --name-only --get-regexp core\.sshCommand
build	Post Checkout code	2026-02-18T05:04:10.7480863Z [command]/usr/bin/git submodule foreach --recursive sh -c "git config --local --name-only --get-regexp 'core\.sshCommand' && git config --local --unset-all 'core.sshCommand' || :"
build	Post Checkout code	2026-02-18T05:04:10.7743452Z [command]/usr/bin/git config --local --name-only --get-regexp http\.https\:\/\/github\.com\/\.extraheader
build	Post Checkout code	2026-02-18T05:04:10.7769978Z http.https://github.com/.extraheader
build	Post Checkout code	2026-02-18T05:04:10.7783974Z [command]/usr/bin/git config --local --unset-all http.https://github.com/.extraheader
build	Post Checkout code	2026-02-18T05:04:10.7823460Z [command]/usr/bin/git submodule foreach --recursive sh -c "git config --local --name-only --get-regexp 'http\.https\:\/\/github\.com\/\.extraheader' && git config --local --unset-all 'http.https://github.com/.extraheader' || :"
build	Post Checkout code	2026-02-18T05:04:10.8078027Z [command]/usr/bin/git config --local --name-only --get-regexp ^includeIf\.gitdir:
build	Post Checkout code	2026-02-18T05:04:10.8113706Z [command]/usr/bin/git submodule foreach --recursive git config --local --show-origin --name-only --get-regexp remote.origin.url
build	Complete job	﻿2026-02-18T05:04:10.8512324Z Cleaning up orphan processes
