build	Set up job	﻿2026-02-18T05:06:07.7925766Z Current runner version: '2.331.0'
build	Set up job	2026-02-18T05:06:07.7953254Z ##[group]Runner Image Provisioner
build	Set up job	2026-02-18T05:06:07.7954690Z Hosted Compute Agent
build	Set up job	2026-02-18T05:06:07.7955582Z Version: 20260123.484
build	Set up job	2026-02-18T05:06:07.7956428Z Commit: 6bd6555ca37d84114959e1c76d2c01448ff61c5d
build	Set up job	2026-02-18T05:06:07.7957654Z Build Date: 2026-01-23T19:41:17Z
build	Set up job	2026-02-18T05:06:07.7958635Z Worker ID: {a692bfef-7a4d-4c9e-811b-94bc9a1f4f74}
build	Set up job	2026-02-18T05:06:07.7959682Z Azure Region: eastus2
build	Set up job	2026-02-18T05:06:07.7960694Z ##[endgroup]
build	Set up job	2026-02-18T05:06:07.7962802Z ##[group]Operating System
build	Set up job	2026-02-18T05:06:07.7963767Z Ubuntu
build	Set up job	2026-02-18T05:06:07.7964938Z 24.04.3
build	Set up job	2026-02-18T05:06:07.7965803Z LTS
build	Set up job	2026-02-18T05:06:07.7966572Z ##[endgroup]
build	Set up job	2026-02-18T05:06:07.7967589Z ##[group]Runner Image
build	Set up job	2026-02-18T05:06:07.7968478Z Image: ubuntu-24.04
build	Set up job	2026-02-18T05:06:07.7969406Z Version: 20260209.23.1
build	Set up job	2026-02-18T05:06:07.7971785Z Included Software: https://github.com/actions/runner-images/blob/ubuntu24/20260209.23/images/ubuntu/Ubuntu2404-Readme.md
build	Set up job	2026-02-18T05:06:07.7974782Z Image Release: https://github.com/actions/runner-images/releases/tag/ubuntu24%2F20260209.23
build	Set up job	2026-02-18T05:06:07.7976419Z ##[endgroup]
build	Set up job	2026-02-18T05:06:07.7977980Z ##[group]GITHUB_TOKEN Permissions
build	Set up job	2026-02-18T05:06:07.7980969Z Contents: write
build	Set up job	2026-02-18T05:06:07.7981941Z Metadata: read
build	Set up job	2026-02-18T05:06:07.7982750Z ##[endgroup]
build	Set up job	2026-02-18T05:06:07.7986324Z Secret source: Actions
build	Set up job	2026-02-18T05:06:07.7987464Z Prepare workflow directory
build	Set up job	2026-02-18T05:06:07.8446560Z Prepare all required actions
build	Set up job	2026-02-18T05:06:07.8502536Z Getting action download info
build	Set up job	2026-02-18T05:06:08.2327926Z Download action repository 'actions/checkout@v4' (SHA:34e114876b0b11c390a56381ad16ebd13914f8d5)
build	Set up job	2026-02-18T05:06:08.3865573Z Download action repository 'actions/setup-node@v4' (SHA:49933ea5288caeca8642d1e84afbd3f7d6820020)
build	Set up job	2026-02-18T05:06:08.4819026Z Download action repository 'actions/setup-java@v4' (SHA:c1e323688fd81a25caa38c78aa6df2d33d3e20d9)
build	Set up job	2026-02-18T05:06:08.8099106Z Download action repository 'android-actions/setup-android@v3' (SHA:9fc6c4e9069bf8d3d10b2204b1fb8f6ef7065407)
build	Set up job	2026-02-18T05:06:09.0280672Z Download action repository 'oven-sh/setup-bun@v1' (SHA:f4d14e03ff726c06358e5557344e1da148b56cf7)
build	Set up job	2026-02-18T05:06:09.2622253Z Download action repository 'softprops/action-gh-release@v2' (SHA:a06a81a03ee405af7f2048a818ed3f03bbf83c7b)
build	Set up job	2026-02-18T05:06:09.6345204Z Complete job name: build
build	Checkout code	﻿2026-02-18T05:06:09.7225470Z ##[group]Run actions/checkout@v4
build	Checkout code	2026-02-18T05:06:09.7227500Z with:
build	Checkout code	2026-02-18T05:06:09.7228625Z   repository: 1williamaoayers/opencode-android-apk
build	Checkout code	2026-02-18T05:06:09.7230116Z   token: ***
build	Checkout code	2026-02-18T05:06:09.7231149Z   ssh-strict: true
build	Checkout code	2026-02-18T05:06:09.7231975Z   ssh-user: git
build	Checkout code	2026-02-18T05:06:09.7232904Z   persist-credentials: true
build	Checkout code	2026-02-18T05:06:09.7233883Z   clean: true
build	Checkout code	2026-02-18T05:06:09.7234997Z   sparse-checkout-cone-mode: true
build	Checkout code	2026-02-18T05:06:09.7236066Z   fetch-depth: 1
build	Checkout code	2026-02-18T05:06:09.7236923Z   fetch-tags: false
build	Checkout code	2026-02-18T05:06:09.7237824Z   show-progress: true
build	Checkout code	2026-02-18T05:06:09.7238744Z   lfs: false
build	Checkout code	2026-02-18T05:06:09.7239608Z   submodules: false
build	Checkout code	2026-02-18T05:06:09.7240487Z   set-safe-directory: true
build	Checkout code	2026-02-18T05:06:09.7241773Z ##[endgroup]
build	Checkout code	2026-02-18T05:06:09.8631928Z Syncing repository: 1williamaoayers/opencode-android-apk
build	Checkout code	2026-02-18T05:06:09.8636892Z ##[group]Getting Git version info
build	Checkout code	2026-02-18T05:06:09.8639626Z Working directory is '/home/runner/work/opencode-android-apk/opencode-android-apk'
build	Checkout code	2026-02-18T05:06:09.8643910Z [command]/usr/bin/git version
build	Checkout code	2026-02-18T05:06:09.8646611Z git version 2.52.0
build	Checkout code	2026-02-18T05:06:09.8671884Z ##[endgroup]
build	Checkout code	2026-02-18T05:06:09.8686838Z Temporarily overriding HOME='/home/runner/work/_temp/642d4707-e324-4f35-b3ac-1d97886a7e10' before making global git config changes
build	Checkout code	2026-02-18T05:06:09.8699347Z Adding repository directory to the temporary git global config as a safe directory
build	Checkout code	2026-02-18T05:06:09.8701872Z [command]/usr/bin/git config --global --add safe.directory /home/runner/work/opencode-android-apk/opencode-android-apk
build	Checkout code	2026-02-18T05:06:09.8743784Z Deleting the contents of '/home/runner/work/opencode-android-apk/opencode-android-apk'
build	Checkout code	2026-02-18T05:06:09.8747184Z ##[group]Initializing the repository
build	Checkout code	2026-02-18T05:06:09.8751983Z [command]/usr/bin/git init /home/runner/work/opencode-android-apk/opencode-android-apk
build	Checkout code	2026-02-18T05:06:09.8865758Z hint: Using 'master' as the name for the initial branch. This default branch name
build	Checkout code	2026-02-18T05:06:09.8868464Z hint: will change to "main" in Git 3.0. To configure the initial branch name
build	Checkout code	2026-02-18T05:06:09.8871159Z hint: to use in all of your new repositories, which will suppress this warning,
build	Checkout code	2026-02-18T05:06:09.8873768Z hint: call:
build	Checkout code	2026-02-18T05:06:09.8875476Z hint:
build	Checkout code	2026-02-18T05:06:09.8877314Z hint: 	git config --global init.defaultBranch <name>
build	Checkout code	2026-02-18T05:06:09.8879310Z hint:
build	Checkout code	2026-02-18T05:06:09.8881455Z hint: Names commonly chosen instead of 'master' are 'main', 'trunk' and
build	Checkout code	2026-02-18T05:06:09.8885022Z hint: 'development'. The just-created branch can be renamed via this command:
build	Checkout code	2026-02-18T05:06:09.8887541Z hint:
build	Checkout code	2026-02-18T05:06:09.8889019Z hint: 	git branch -m <name>
build	Checkout code	2026-02-18T05:06:09.8890673Z hint:
build	Checkout code	2026-02-18T05:06:09.8891966Z hint: Disable this message with "git config set advice.defaultBranchName false"
build	Checkout code	2026-02-18T05:06:09.8894556Z Initialized empty Git repository in /home/runner/work/opencode-android-apk/opencode-android-apk/.git/
build	Checkout code	2026-02-18T05:06:09.8900370Z [command]/usr/bin/git remote add origin https://github.com/1williamaoayers/opencode-android-apk
build	Checkout code	2026-02-18T05:06:09.8923086Z ##[endgroup]
build	Checkout code	2026-02-18T05:06:09.8926049Z ##[group]Disabling automatic garbage collection
build	Checkout code	2026-02-18T05:06:09.8929077Z [command]/usr/bin/git config --local gc.auto 0
build	Checkout code	2026-02-18T05:06:09.8963060Z ##[endgroup]
build	Checkout code	2026-02-18T05:06:09.8971563Z ##[group]Setting up auth
build	Checkout code	2026-02-18T05:06:09.8974097Z [command]/usr/bin/git config --local --name-only --get-regexp core\.sshCommand
build	Checkout code	2026-02-18T05:06:09.9014698Z [command]/usr/bin/git submodule foreach --recursive sh -c "git config --local --name-only --get-regexp 'core\.sshCommand' && git config --local --unset-all 'core.sshCommand' || :"
build	Checkout code	2026-02-18T05:06:09.9399994Z [command]/usr/bin/git config --local --name-only --get-regexp http\.https\:\/\/github\.com\/\.extraheader
build	Checkout code	2026-02-18T05:06:09.9435452Z [command]/usr/bin/git submodule foreach --recursive sh -c "git config --local --name-only --get-regexp 'http\.https\:\/\/github\.com\/\.extraheader' && git config --local --unset-all 'http.https://github.com/.extraheader' || :"
build	Checkout code	2026-02-18T05:06:09.9669089Z [command]/usr/bin/git config --local --name-only --get-regexp ^includeIf\.gitdir:
build	Checkout code	2026-02-18T05:06:09.9700957Z [command]/usr/bin/git submodule foreach --recursive git config --local --show-origin --name-only --get-regexp remote.origin.url
build	Checkout code	2026-02-18T05:06:09.9948065Z [command]/usr/bin/git config --local http.https://github.com/.extraheader AUTHORIZATION: basic ***
build	Checkout code	2026-02-18T05:06:09.9987118Z ##[endgroup]
build	Checkout code	2026-02-18T05:06:09.9988703Z ##[group]Fetching the repository
build	Checkout code	2026-02-18T05:06:09.9996379Z [command]/usr/bin/git -c protocol.version=2 fetch --no-tags --prune --no-recurse-submodules --depth=1 origin +3d386795e1ee66eeaa7a12445f41b5070a0d20ca:refs/tags/v0.6.5
build	Checkout code	2026-02-18T05:06:11.6033822Z From https://github.com/1williamaoayers/opencode-android-apk
build	Checkout code	2026-02-18T05:06:11.6036326Z  * [new ref]         3d386795e1ee66eeaa7a12445f41b5070a0d20ca -> v0.6.5
build	Checkout code	2026-02-18T05:06:11.6064548Z ##[endgroup]
build	Checkout code	2026-02-18T05:06:11.6065026Z ##[group]Determining the checkout info
build	Checkout code	2026-02-18T05:06:11.6067130Z ##[endgroup]
build	Checkout code	2026-02-18T05:06:11.6071928Z [command]/usr/bin/git sparse-checkout disable
build	Checkout code	2026-02-18T05:06:11.6115549Z [command]/usr/bin/git config --local --unset-all extensions.worktreeConfig
build	Checkout code	2026-02-18T05:06:11.6142643Z ##[group]Checking out the ref
build	Checkout code	2026-02-18T05:06:11.6147456Z [command]/usr/bin/git checkout --progress --force refs/tags/v0.6.5
build	Checkout code	2026-02-18T05:06:12.0157724Z Note: switching to 'refs/tags/v0.6.5'.
build	Checkout code	2026-02-18T05:06:12.0158472Z 
build	Checkout code	2026-02-18T05:06:12.0158850Z You are in 'detached HEAD' state. You can look around, make experimental
build	Checkout code	2026-02-18T05:06:12.0159701Z changes and commit them, and you can discard any commits you make in this
build	Checkout code	2026-02-18T05:06:12.0160934Z state without impacting any branches by switching back to a branch.
build	Checkout code	2026-02-18T05:06:12.0161466Z 
build	Checkout code	2026-02-18T05:06:12.0161843Z If you want to create a new branch to retain commits you create, you may
build	Checkout code	2026-02-18T05:06:12.0162615Z do so (now or later) by using -c with the switch command. Example:
build	Checkout code	2026-02-18T05:06:12.0163083Z 
build	Checkout code	2026-02-18T05:06:12.0163271Z   git switch -c <new-branch-name>
build	Checkout code	2026-02-18T05:06:12.0163593Z 
build	Checkout code	2026-02-18T05:06:12.0163774Z Or undo this operation with:
build	Checkout code	2026-02-18T05:06:12.0164053Z 
build	Checkout code	2026-02-18T05:06:12.0164417Z   git switch -
build	Checkout code	2026-02-18T05:06:12.0164685Z 
build	Checkout code	2026-02-18T05:06:12.0165049Z Turn off this advice by setting config variable advice.detachedHead to false
build	Checkout code	2026-02-18T05:06:12.0165615Z 
build	Checkout code	2026-02-18T05:06:12.0165894Z HEAD is now at 3d38679 fix: monorepo install path in workflow
build	Checkout code	2026-02-18T05:06:12.0197152Z ##[endgroup]
build	Checkout code	2026-02-18T05:06:12.0237564Z [command]/usr/bin/git log -1 --format=%H
build	Checkout code	2026-02-18T05:06:12.0262201Z 3d386795e1ee66eeaa7a12445f41b5070a0d20ca
build	Set up Node.js	﻿2026-02-18T05:06:12.0498237Z ##[group]Run actions/setup-node@v4
build	Set up Node.js	2026-02-18T05:06:12.0498543Z with:
build	Set up Node.js	2026-02-18T05:06:12.0498733Z   node-version: 20
build	Set up Node.js	2026-02-18T05:06:12.0498939Z   always-auth: false
build	Set up Node.js	2026-02-18T05:06:12.0499137Z   check-latest: false
build	Set up Node.js	2026-02-18T05:06:12.0499500Z   token: ***
build	Set up Node.js	2026-02-18T05:06:12.0499684Z ##[endgroup]
build	Set up Node.js	2026-02-18T05:06:12.2309980Z Found in cache @ /opt/hostedtoolcache/node/20.20.0/x64
build	Set up Node.js	2026-02-18T05:06:12.2318982Z ##[group]Environment details
build	Set up Node.js	2026-02-18T05:06:12.7776798Z node: v20.20.0
build	Set up Node.js	2026-02-18T05:06:12.7777251Z npm: 10.8.2
build	Set up Node.js	2026-02-18T05:06:12.7777554Z yarn: 1.22.22
build	Set up Node.js	2026-02-18T05:06:12.7778918Z ##[endgroup]
build	Set up JDK 17	﻿2026-02-18T05:06:12.7945974Z ##[group]Run actions/setup-java@v4
build	Set up JDK 17	2026-02-18T05:06:12.7946238Z with:
build	Set up JDK 17	2026-02-18T05:06:12.7946415Z   java-version: 17
build	Set up JDK 17	2026-02-18T05:06:12.7946605Z   distribution: temurin
build	Set up JDK 17	2026-02-18T05:06:12.7946812Z   java-package: jdk
build	Set up JDK 17	2026-02-18T05:06:12.7946995Z   check-latest: false
build	Set up JDK 17	2026-02-18T05:06:12.7947198Z   server-id: github
build	Set up JDK 17	2026-02-18T05:06:12.7947386Z   server-username: GITHUB_ACTOR
build	Set up JDK 17	2026-02-18T05:06:12.7947620Z   server-password: GITHUB_TOKEN
build	Set up JDK 17	2026-02-18T05:06:12.7947846Z   overwrite-settings: true
build	Set up JDK 17	2026-02-18T05:06:12.7948052Z   job-status: success
build	Set up JDK 17	2026-02-18T05:06:12.7948356Z   token: ***
build	Set up JDK 17	2026-02-18T05:06:12.7948532Z ##[endgroup]
build	Set up JDK 17	2026-02-18T05:06:13.0022615Z ##[group]Installed distributions
build	Set up JDK 17	2026-02-18T05:06:13.0094389Z Resolved Java 17.0.18+8 from tool-cache
build	Set up JDK 17	2026-02-18T05:06:13.0094891Z Setting Java 17.0.18+8 as the default
build	Set up JDK 17	2026-02-18T05:06:13.0103456Z Creating toolchains.xml for JDK version 17 from temurin
build	Set up JDK 17	2026-02-18T05:06:13.0181291Z Writing to /home/runner/.m2/toolchains.xml
build	Set up JDK 17	2026-02-18T05:06:13.0181692Z 
build	Set up JDK 17	2026-02-18T05:06:13.0181933Z Java configuration:
build	Set up JDK 17	2026-02-18T05:06:13.0183330Z   Distribution: temurin
build	Set up JDK 17	2026-02-18T05:06:13.0183704Z   Version: 17.0.18+8
build	Set up JDK 17	2026-02-18T05:06:13.0184855Z   Path: /opt/hostedtoolcache/Java_Temurin-Hotspot_jdk/17.0.18-8/x64
build	Set up JDK 17	2026-02-18T05:06:13.0185342Z 
build	Set up JDK 17	2026-02-18T05:06:13.0185867Z ##[endgroup]
build	Set up JDK 17	2026-02-18T05:06:13.0189792Z Creating settings.xml with server-id: github
build	Set up JDK 17	2026-02-18T05:06:13.0206258Z Writing to /home/runner/.m2/settings.xml
build	Set up Android SDK	﻿2026-02-18T05:06:13.0317674Z ##[group]Run android-actions/setup-android@v3
build	Set up Android SDK	2026-02-18T05:06:13.0317964Z with:
build	Set up Android SDK	2026-02-18T05:06:13.0318238Z   packages: platform-tools platforms;android-34 build-tools;34.0.0
build	Set up Android SDK	2026-02-18T05:06:13.0318599Z   cmdline-tools-version: 12266719
build	Set up Android SDK	2026-02-18T05:06:13.0318848Z   accept-android-sdk-licenses: true
build	Set up Android SDK	2026-02-18T05:06:13.0319118Z   log-accepted-android-sdk-licenses: true
build	Set up Android SDK	2026-02-18T05:06:13.0319358Z env:
build	Set up Android SDK	2026-02-18T05:06:13.0319624Z   JAVA_HOME: /opt/hostedtoolcache/Java_Temurin-Hotspot_jdk/17.0.18-8/x64
build	Set up Android SDK	2026-02-18T05:06:13.0320080Z   JAVA_HOME_17_X64: /opt/hostedtoolcache/Java_Temurin-Hotspot_jdk/17.0.18-8/x64
build	Set up Android SDK	2026-02-18T05:06:13.0320429Z ##[endgroup]
build	Set up Android SDK	2026-02-18T05:06:13.1240907Z Found preinstalled sdkmanager in /usr/local/lib/android/sdk/cmdline-tools/latest with following source.properties:
build	Set up Android SDK	2026-02-18T05:06:13.1242714Z Pkg.Revision=12.0
build	Set up Android SDK	2026-02-18T05:06:13.1243274Z Pkg.Path=cmdline-tools;12.0
build	Set up Android SDK	2026-02-18T05:06:13.1244015Z Pkg.Desc=Android SDK Command-line Tools
build	Set up Android SDK	2026-02-18T05:06:13.1244594Z 
build	Set up Android SDK	2026-02-18T05:06:13.1244994Z Wrong version in preinstalled sdkmanager
build	Set up Android SDK	2026-02-18T05:06:13.1246343Z Downloading commandline tools from https://dl.google.com/android/repository/commandlinetools-linux-12266719_latest.zip
build	Set up Android SDK	2026-02-18T05:06:14.1858453Z [command]/usr/bin/unzip -o -q /home/runner/work/_temp/176cdf75-8168-4337-a6f4-fe35568ea90c
build	Set up Android SDK	2026-02-18T05:06:15.0078097Z Accepting Android SDK licenses
build	Set up Android SDK	2026-02-18T05:06:15.0084569Z [command]/usr/local/lib/android/sdk/cmdline-tools/16.0/bin/sdkmanager --licenses
build	Set up Android SDK	2026-02-18T05:06:18.8833910Z Loading local repository...                                                     
build	Set up Android SDK	2026-02-18T05:06:18.8835802Z [=========                              ] 25% Loading local repository...       
build	Set up Android SDK	2026-02-18T05:06:20.1730865Z [=========                              ] 25% Fetch remote repository...        
build	Set up Android SDK	2026-02-18T05:06:20.5617407Z [==========                             ] 26% Fetch remote repository...        
build	Set up Android SDK	2026-02-18T05:06:20.5623056Z [============                           ] 31% Fetch remote repository...        
build	Set up Android SDK	2026-02-18T05:06:20.5787963Z [============                           ] 32% Fetch remote repository...        
build	Set up Android SDK	2026-02-18T05:06:20.5816084Z [=============                          ] 33% Fetch remote repository...        
build	Set up Android SDK	2026-02-18T05:06:20.6109433Z [=============                          ] 35% Fetch remote repository...        
build	Set up Android SDK	2026-02-18T05:06:20.6115276Z [==============                         ] 36% Fetch remote repository...        
build	Set up Android SDK	2026-02-18T05:06:20.6441593Z [==============                         ] 37% Fetch remote repository...        
build	Set up Android SDK	2026-02-18T05:06:20.6451515Z [===============                        ] 38% Fetch remote repository...        
build	Set up Android SDK	2026-02-18T05:06:20.6566864Z [===============                        ] 39% Fetch remote repository...        
build	Set up Android SDK	2026-02-18T05:06:20.6592024Z [================                       ] 40% Fetch remote repository...        
build	Set up Android SDK	2026-02-18T05:06:20.6726835Z [================                       ] 41% Fetch remote repository...        
build	Set up Android SDK	2026-02-18T05:06:20.6734518Z [================                       ] 42% Fetch remote repository...        
build	Set up Android SDK	2026-02-18T05:06:20.6860554Z [=================                      ] 44% Fetch remote repository...        
build	Set up Android SDK	2026-02-18T05:06:20.6879223Z [=================                      ] 45% Fetch remote repository...        
build	Set up Android SDK	2026-02-18T05:06:20.7028157Z [==================                     ] 46% Fetch remote repository...        
build	Set up Android SDK	2026-02-18T05:06:20.7032206Z [==================                     ] 47% Fetch remote repository...        
build	Set up Android SDK	2026-02-18T05:06:20.7140257Z [===================                    ] 48% Fetch remote repository...        
build	Set up Android SDK	2026-02-18T05:06:20.7143704Z [===================                    ] 49% Fetch remote repository...        
build	Set up Android SDK	2026-02-18T05:06:20.7258126Z [====================                   ] 50% Fetch remote repository...        
build	Set up Android SDK	2026-02-18T05:06:20.7261487Z [====================                   ] 51% Fetch remote repository...        
build	Set up Android SDK	2026-02-18T05:06:20.7379747Z [====================                   ] 53% Fetch remote repository...        
build	Set up Android SDK	2026-02-18T05:06:20.7384674Z [=====================                  ] 54% Fetch remote repository...        
build	Set up Android SDK	2026-02-18T05:06:20.7524575Z [=====================                  ] 55% Fetch remote repository...        
build	Set up Android SDK	2026-02-18T05:06:20.7538522Z [======================                 ] 56% Fetch remote repository...        
build	Set up Android SDK	2026-02-18T05:06:20.7883831Z [======================                 ] 57% Fetch remote repository...        
build	Set up Android SDK	2026-02-18T05:06:20.7889122Z [=======================                ] 58% Fetch remote repository...        
build	Set up Android SDK	2026-02-18T05:06:20.8036511Z [=======================                ] 59% Fetch remote repository...        
build	Set up Android SDK	2026-02-18T05:06:20.8039153Z [========================               ] 60% Fetch remote repository...        
build	Set up Android SDK	2026-02-18T05:06:20.8871710Z [========================               ] 61% Fetch remote repository...        
build	Set up Android SDK	2026-02-18T05:06:20.8877718Z [=========================              ] 63% Fetch remote repository...        
build	Set up Android SDK	2026-02-18T05:06:20.9261141Z [=========================              ] 64% Fetch remote repository...        
build	Set up Android SDK	2026-02-18T05:06:20.9272952Z [=========================              ] 65% Fetch remote repository...        
build	Set up Android SDK	2026-02-18T05:06:21.0019487Z [==========================             ] 66% Fetch remote repository...        
build	Set up Android SDK	2026-02-18T05:06:21.0020436Z [==========================             ] 67% Fetch remote repository...        
build	Set up Android SDK	2026-02-18T05:06:21.0182636Z [===========================            ] 68% Fetch remote repository...        
build	Set up Android SDK	2026-02-18T05:06:21.0211523Z [===========================            ] 69% Fetch remote repository...        
build	Set up Android SDK	2026-02-18T05:06:21.0332410Z [============================           ] 70% Fetch remote repository...        
build	Set up Android SDK	2026-02-18T05:06:21.0333641Z [============================           ] 72% Fetch remote repository...        
build	Set up Android SDK	2026-02-18T05:06:21.0541579Z [=============================          ] 73% Fetch remote repository...        
build	Set up Android SDK	2026-02-18T05:06:21.0543650Z [=============================          ] 74% Fetch remote repository...        
build	Set up Android SDK	2026-02-18T05:06:21.0671562Z [=============================          ] 75% Fetch remote repository...        
build	Set up Android SDK	2026-02-18T05:06:21.0794860Z [=============================          ] 75% Computing updates...              
build	Set up Android SDK	2026-02-18T05:06:21.0796156Z [=======================================] 100% Computing updates...             
build	Set up Android SDK	2026-02-18T05:06:21.1250608Z 6 of 7 SDK package licenses not accepted.
build	Set up Android SDK	2026-02-18T05:06:21.1257683Z Review licenses that have not been accepted (y/N)? 
build	Set up Android SDK	2026-02-18T05:06:21.1258388Z 1/6: License android-googletv-license:
build	Set up Android SDK	2026-02-18T05:06:21.1258949Z ---------------------------------------
build	Set up Android SDK	2026-02-18T05:06:21.1261979Z Terms and Conditions
build	Set up Android SDK	2026-02-18T05:06:21.1262795Z 
build	Set up Android SDK	2026-02-18T05:06:21.1264691Z This is the Google TV Add-on for the Android Software Development Kit License Agreement.
build	Set up Android SDK	2026-02-18T05:06:21.1265529Z 
build	Set up Android SDK	2026-02-18T05:06:21.1265801Z 1. Introduction
build	Set up Android SDK	2026-02-18T05:06:21.1266434Z 
build	Set up Android SDK	2026-02-18T05:06:21.1269733Z 1.1 The Google TV Add-on for the Android Software Development Kit (referred to in this License Agreement as the "Google TV Add-on" and specifically including the Android system files, packaged APIs, and Google APIs add-ons) is licensed to you subject to the terms of this License Agreement. This License Agreement forms a legally binding contract between you and Google in relation to your use of the Google TV Add-on.
build	Set up Android SDK	2026-02-18T05:06:21.1273242Z 
build	Set up Android SDK	2026-02-18T05:06:21.1274825Z 1.2 "Google" means Google Inc., a Delaware corporation with principal place of business at 1600 Amphitheatre Parkway, Mountain View, CA 94043, United States.
build	Set up Android SDK	2026-02-18T05:06:21.1276341Z 
build	Set up Android SDK	2026-02-18T05:06:21.1276784Z 2. Accepting this License Agreement
build	Set up Android SDK	2026-02-18T05:06:21.1277280Z 
build	Set up Android SDK	2026-02-18T05:06:21.1285098Z 2.1 In order to use the Google TV Add-on, you must first agree to this License Agreement. You may not use the Google TV Add-on if you do not accept this License Agreement.
build	Set up Android SDK	2026-02-18T05:06:21.1286159Z 
build	Set up Android SDK	2026-02-18T05:06:21.1286949Z 2.2 You can accept this License Agreement by:
build	Set up Android SDK	2026-02-18T05:06:21.1287319Z 
build	Set up Android SDK	2026-02-18T05:06:21.1288057Z (A) clicking to accept or agree to this License Agreement, where this option is made available to you; or
build	Set up Android SDK	2026-02-18T05:06:21.1288734Z 
build	Set up Android SDK	2026-02-18T05:06:21.1289929Z (B) by actually using the Google TV Add-on. In this case, you agree that use of the Google TV Add-on constitutes acceptance of the License Agreement from that point onwards.
build	Set up Android SDK	2026-02-18T05:06:21.1290968Z 
build	Set up Android SDK	2026-02-18T05:06:21.1293042Z 2.3 You may not use the Google TV Add-on and may not accept the Licensing Agreement if you are a person barred from receiving the Google TV Add-on under the laws of the United States or other countries including the country in which you are resident or from which you use the Google TV Add-on.
build	Set up Android SDK	2026-02-18T05:06:21.1295248Z 
build	Set up Android SDK	2026-02-18T05:06:21.1298044Z 2.4 If you are agreeing to be bound by this License Agreement on behalf of your employer or other entity, you represent and warrant that you have full legal authority to bind your employer or such entity to this License Agreement. If you do not have the requisite authority, you may not accept the Licensing Agreement or use the Google TV Add-on on behalf of your employer or other entity.
build	Set up Android SDK	2026-02-18T05:06:21.1300315Z 
build	Set up Android SDK	2026-02-18T05:06:21.1300600Z 3. Google TV Add-on License from Google
build	Set up Android SDK	2026-02-18T05:06:21.1300912Z 
build	Set up Android SDK	2026-02-18T05:06:21.1302637Z 3.1 Subject to the terms of this License Agreement, Google grants you a limited, worldwide, royalty-free, non- assignable and non-exclusive license to use the Google TV Add-on solely to develop applications to run on the Google TV platform.
build	Set up Android SDK	2026-02-18T05:06:21.1304096Z 
build	Set up Android SDK	2026-02-18T05:06:21.1307342Z 3.2 You agree that Google or third parties own all legal right, title and interest in and to the Google TV Add-on, including any Intellectual Property Rights that subsist in the Google TV Add-on. "Intellectual Property Rights" means any and all rights under patent law, copyright law, trade secret law, trademark law, and any and all other proprietary rights. Google reserves all rights not expressly granted to you.
build	Set up Android SDK	2026-02-18T05:06:21.1309805Z 
build	Set up Android SDK	2026-02-18T05:06:21.1314603Z 3.3 Except to the extent required by applicable third party licenses, you may not copy (except for backup purposes), modify, adapt, redistribute, decompile, reverse engineer, disassemble, or create derivative works of the Google TV Add-on or any part of the Google TV Add-on. Except to the extent required by applicable third party licenses, you may not load any part of the Google TV Add-on onto a mobile handset, television, or any other hardware device except a personal computer, combine any part of the Google TV Add-on with other software, or distribute any software or device incorporating a part of the Google TV Add-on.
build	Set up Android SDK	2026-02-18T05:06:21.1318286Z 
build	Set up Android SDK	2026-02-18T05:06:21.1319995Z 3.4 Use, reproduction and distribution of components of the Google TV Add-on licensed under an open source software license are governed solely by the terms of that open source software license and not this License Agreement.
build	Set up Android SDK	2026-02-18T05:06:21.1321432Z 
build	Set up Android SDK	2026-02-18T05:06:21.1325278Z 3.5 You agree that the form and nature of the Google TV Add-on that Google provides may change without prior notice to you and that future versions of the Google TV Add-on may be incompatible with applications developed on previous versions of the Google TV Add-on. You agree that Google may stop (permanently or temporarily) providing the Google TV Add-on (or any features within the Google TV Add-on) to you or to users generally at Google's sole discretion, without prior notice to you.
build	Set up Android SDK	2026-02-18T05:06:21.1328141Z 
build	Set up Android SDK	2026-02-18T05:06:21.1330105Z 3.6 Nothing in this License Agreement gives you a right to use any of Google's or it’s licensors’ trade names, trademarks, service marks, logos, domain names, or other distinctive brand features.
build	Set up Android SDK	2026-02-18T05:06:21.1331430Z 
build	Set up Android SDK	2026-02-18T05:06:21.1332876Z 3.7 You agree that you will not remove, obscure, or alter any proprietary rights notices (including copyright and trademark notices) that may be affixed to or contained within the Google TV Add-on.
build	Set up Android SDK	2026-02-18T05:06:21.1334598Z 
build	Set up Android SDK	2026-02-18T05:06:21.1334889Z 4. Use of the Google TV Add-on by You
build	Set up Android SDK	2026-02-18T05:06:21.1335217Z 
build	Set up Android SDK	2026-02-18T05:06:21.1337280Z 4.1 Google agrees that it obtains no right, title or interest from you (or your licensors) under this License Agreement in or to any software applications that you develop using the Google TV Add-on, including any intellectual property rights that subsist in those applications.
build	Set up Android SDK	2026-02-18T05:06:21.1338951Z 
build	Set up Android SDK	2026-02-18T05:06:21.1341673Z 4.2 You agree to use the Google TV Add-on and write applications only for purposes that are permitted by (a) this License Agreement and (b) any applicable law, regulation or generally accepted practices or guidelines in the relevant jurisdictions (including any laws regarding the export of data or software to and from the United States or other relevant countries).
build	Set up Android SDK	2026-02-18T05:06:21.1344354Z 
build	Set up Android SDK	2026-02-18T05:06:21.1350327Z 4.3 You agree that if you use the Google TV Add-on to develop applications for general public users, you will protect the privacy and legal rights of those users. If the users provide you with user names, passwords, or other login information or personal information, your must make the users aware that the information will be available to your application, and you must provide legally adequate privacy notice and protection for those users. If your application stores personal or sensitive information provided by users, it must do so securely. If the user provides your application with Google Account information, your application may only use that information to access the user's Google Account when, and for the limited purposes for which, the user has given you explicit permission to do so.
build	Set up Android SDK	2026-02-18T05:06:21.1355171Z 
build	Set up Android SDK	2026-02-18T05:06:21.1358171Z 4.4 You agree that you will not engage in any activity with the Google TV Add-on, including the development or distribution of an application, that interferes with, disrupts, damages, or accesses in an unauthorized manner the servers, networks, or other properties or services of any third party including, but not limited to, Google, Multichannel Video Program Distributors or any mobile communications carrier.
build	Set up Android SDK	2026-02-18T05:06:21.1360602Z 
build	Set up Android SDK	2026-02-18T05:06:21.1363348Z 4.5 You agree that you are solely responsible for (and that Google has no responsibility to you or to any third party for) any data, content, or resources that you create, transmit or display through the Google TV platform and/or applications for the Google TV platform, and for the consequences of your actions (including any loss or damage which Google may suffer) by doing so.
build	Set up Android SDK	2026-02-18T05:06:21.1365780Z 
build	Set up Android SDK	2026-02-18T05:06:21.1368674Z 4.6 You agree that you are solely responsible for (and that Google has no responsibility to you or to any third party for) any breach of your obligations under this License Agreement, any applicable third party contract or Terms of Service, or any applicable law or regulation, and for the consequences (including any loss or damage which Google or any third party may suffer) of any such breach.
build	Set up Android SDK	2026-02-18T05:06:21.1371021Z 
build	Set up Android SDK	2026-02-18T05:06:21.1371240Z 5. Your Developer Credentials
build	Set up Android SDK	2026-02-18T05:06:21.1371509Z 
build	Set up Android SDK	2026-02-18T05:06:21.1373573Z 5.1 You agree that you are responsible for maintaining the confidentiality of any developer credentials that may be issued to you by Google or which you may choose yourself and that you will be solely responsible for all applications that are developed under your developer credentials.
build	Set up Android SDK	2026-02-18T05:06:21.1375487Z 
build	Set up Android SDK	2026-02-18T05:06:21.1375711Z 6. Privacy and Information
build	Set up Android SDK	2026-02-18T05:06:21.1375964Z 
build	Set up Android SDK	2026-02-18T05:06:21.1379758Z 6.1 In order to continually innovate and improve the Google TV Add-on, Google may collect certain usage statistics from the software including but not limited to a unique identifier, associated IP address, version number of the software, and information on which tools and/or services in the Google TV Add-on are being used and how they are being used. Before any of this information is collected, the Google TV Add-on will notify you and seek your consent. If you withhold consent, the information will not be collected.
build	Set up Android SDK	2026-02-18T05:06:21.1383081Z 
build	Set up Android SDK	2026-02-18T05:06:21.1384091Z 6.2 The data collected is examined in the aggregate to improve the Google TV Add-on and is maintained in accordance with Google's Privacy Policy.
build	Set up Android SDK	2026-02-18T05:06:21.1385183Z 
build	Set up Android SDK	2026-02-18T05:06:21.1385532Z 7. Third Party Applications for the Google TV Platform
build	Set up Android SDK	2026-02-18T05:06:21.1385925Z 
build	Set up Android SDK	2026-02-18T05:06:21.1390321Z 7.1 If you use the Google TV Add-on to run applications developed by a third party or that access data, content or resources provided by a third party, you agree that Google is not responsible for those applications, data, content, or resources. You understand that all data, content or resources which you may access through such third party applications are the sole responsibility of the person from which they originated and that Google is not liable for any loss or damage that you may experience as a result of the use or access of any of those third party applications, data, content, or resources.
build	Set up Android SDK	2026-02-18T05:06:21.1394047Z 
build	Set up Android SDK	2026-02-18T05:06:21.1397816Z 7.2 You should be aware the data, content, and resources presented to you through such a third party application may be protected by intellectual property rights which are owned by the providers (or by other persons or companies on their behalf). You may not modify, rent, lease, loan, sell, distribute or create derivative works based on these data, content, or resources (either in whole or in part) unless you have been specifically given permission to do so by the relevant owners.
build	Set up Android SDK	2026-02-18T05:06:21.1400656Z 
build	Set up Android SDK	2026-02-18T05:06:21.1402630Z 7.3 You acknowledge that your use of such third party applications, data, content, or resources may be subject to separate terms between you and the relevant third party. In that case, this License Agreement does not affect your legal relationship with these third parties.
build	Set up Android SDK	2026-02-18T05:06:21.1404493Z 
build	Set up Android SDK	2026-02-18T05:06:21.1404668Z 8. Using Google TV APIs
build	Set up Android SDK	2026-02-18T05:06:21.1404884Z 
build	Set up Android SDK	2026-02-18T05:06:21.1410521Z 8.1 If you use any Google TV API to retrieve data from Google, you acknowledge that the data (“Google TV API Content”) may be protected by intellectual property rights which are owned by Google or those parties that provide the data (or by other persons or companies on their behalf). Your use of any such API may be subject to additional Terms of Service. You may not modify, rent, lease, loan, sell, distribute or create derivative works based on this data (either in whole or in part) unless allowed by the relevant Terms of Service. Some portions of the Google TV API Content are licensed to Google by third parties, including but not limited to Tribune Media Services
build	Set up Android SDK	2026-02-18T05:06:21.1427487Z 
build	Set up Android SDK	2026-02-18T05:06:21.1433739Z 8.2 If you use any API to retrieve a user's data from Google, you acknowledge and agree that you shall retrieve data only with the user's explicit consent and only when, and for the limited purposes for which, the user has given you permission to do so.
build	Set up Android SDK	2026-02-18T05:06:21.1435447Z 
build	Set up Android SDK	2026-02-18T05:06:21.1436123Z 8.3 Except as explicitly permitted in Section 3 (Google TV Add-on License from Google), you must:
build	Set up Android SDK	2026-02-18T05:06:21.1436762Z 
build	Set up Android SDK	2026-02-18T05:06:21.1438028Z (a) not modify nor format the Google TV API Content except to the extent reasonably and technically necessary to optimize the display such Google TV API Content in your application;
build	Set up Android SDK	2026-02-18T05:06:21.1439164Z 
build	Set up Android SDK	2026-02-18T05:06:21.1515258Z (b) not edit the Google TV API Content in a manner that renders the Google TV API Content inaccurate of alters its inherent meaning (provided that displaying excerpts will not violate the foregoing); or
build	Set up Android SDK	2026-02-18T05:06:21.1516562Z 
build	Set up Android SDK	2026-02-18T05:06:21.1517267Z (c) not create any commercial audience measurement tool or service using the Google TV API Content
build	Set up Android SDK	2026-02-18T05:06:21.1517947Z 
build	Set up Android SDK	2026-02-18T05:06:21.1518215Z 9. Terminating this License Agreement
build	Set up Android SDK	2026-02-18T05:06:21.1518791Z 
build	Set up Android SDK	2026-02-18T05:06:21.1519521Z 9.1 This License Agreement will continue to apply until terminated by either you or Google as set out below.
build	Set up Android SDK	2026-02-18T05:06:21.1520221Z 
build	Set up Android SDK	2026-02-18T05:06:21.1521217Z 9.2 If you want to terminate this License Agreement, you may do so by ceasing your use of the Google TV Add-on and any relevant developer credentials.
build	Set up Android SDK	2026-02-18T05:06:21.1522107Z 
build	Set up Android SDK	2026-02-18T05:06:21.1522567Z 9.3 Google may at any time, terminate this License Agreement with you if:
build	Set up Android SDK	2026-02-18T05:06:21.1523031Z 
build	Set up Android SDK	2026-02-18T05:06:21.1523443Z (A) you have breached any provision of this License Agreement; or
build	Set up Android SDK	2026-02-18T05:06:21.1532489Z 
build	Set up Android SDK	2026-02-18T05:06:21.1532778Z (B) Google is required to do so by law; or
build	Set up Android SDK	2026-02-18T05:06:21.1533107Z 
build	Set up Android SDK	2026-02-18T05:06:21.1534728Z (C) the partner with whom Google offered certain parts of Google TV Add-on (such as APIs) to you has terminated its relationship with Google or ceased to offer certain parts of the Google TV Add-on to you; or
build	Set up Android SDK	2026-02-18T05:06:21.1536198Z 
build	Set up Android SDK	2026-02-18T05:06:21.1539168Z (D) Google decides to no longer providing the Google TV Add-on or certain parts of the Google TV Add-on to users in the country in which you are resident or from which you use the service, or the provision of the Google TV Add-on or certain Google TV Add-on services to you by Google is, in Google's sole discretion, no longer commercially viable.
build	Set up Android SDK	2026-02-18T05:06:21.1542021Z 
build	Set up Android SDK	2026-02-18T05:06:21.1545522Z 9.4 When this License Agreement comes to an end, all of the legal rights, obligations and liabilities that you and Google have benefited from, been subject to (or which have accrued over time whilst this License Agreement has been in force) or which are expressed to continue indefinitely, shall be unaffected by this cessation, and the provisions of paragraph 14.7 shall continue to apply to such rights, obligations and liabilities indefinitely.
build	Set up Android SDK	2026-02-18T05:06:21.1548082Z 
build	Set up Android SDK	2026-02-18T05:06:21.1548282Z 10. DISCLAIMER OF WARRANTIES
build	Set up Android SDK	2026-02-18T05:06:21.1548540Z 
build	Set up Android SDK	2026-02-18T05:06:21.1549950Z 10.1 YOU EXPRESSLY UNDERSTAND AND AGREE THAT YOUR USE OF THE GOOGLE TV ADD-ON IS AT YOUR SOLE RISK AND THAT THE GOOGLE TV ADD-ON IS PROVIDED "AS IS" AND "AS AVAILABLE" WITHOUT WARRANTY OF ANY KIND FROM GOOGLE.
build	Set up Android SDK	2026-02-18T05:06:21.1551154Z 
build	Set up Android SDK	2026-02-18T05:06:21.1553209Z 10.2 YOUR USE OF THE GOOGLE TV ADD-ON AND ANY MATERIAL DOWNLOADED OR OTHERWISE OBTAINED THROUGH THE USE OF THE GOOGLE TV ADD-ON IS AT YOUR OWN DISCRETION AND RISK AND YOU ARE SOLELY RESPONSIBLE FOR ANY DAMAGE TO YOUR COMPUTER SYSTEM OR OTHER DEVICE OR LOSS OF DATA THAT RESULTS FROM SUCH USE.
build	Set up Android SDK	2026-02-18T05:06:21.1555028Z 
build	Set up Android SDK	2026-02-18T05:06:21.1556806Z 10.3 GOOGLE FURTHER EXPRESSLY DISCLAIMS ALL WARRANTIES AND CONDITIONS OF ANY KIND, WHETHER EXPRESS OR IMPLIED, INCLUDING, BUT NOT LIMITED TO THE IMPLIED WARRANTIES AND CONDITIONS OF MERCHANTABILITY, FITNESS FOR A PARTICULAR PURPOSE AND NON-INFRINGEMENT.
build	Set up Android SDK	2026-02-18T05:06:21.1557843Z 
build	Set up Android SDK	2026-02-18T05:06:21.1557952Z 11. LIMITATION OF LIABILITY
build	Set up Android SDK	2026-02-18T05:06:21.1558141Z 
build	Set up Android SDK	2026-02-18T05:06:21.1559913Z 11.1 YOU EXPRESSLY UNDERSTAND AND AGREE THAT GOOGLE, ITS SUBSIDIARIES AND AFFILIATES, AND ITS LICENSORS SHALL NOT BE LIABLE TO YOU UNDER ANY THEORY OF LIABILITY FOR ANY DIRECT, INDIRECT, INCIDENTAL, SPECIAL CONSEQUENTIAL OR EXEMPLARY DAMAGES THAT MAY BE INCURRED BY YOU, INCLUDING ANY LOSS OF DATA, WHETHER OR NOT GOOGLE OR ITS REPRESENTATIVES HAVE BEEN ADVISED OF OR SHOULD HAVE BEEN AWARE OF THE POSSIBILITY OF ANY SUCH LOSSES ARISING.
build	Set up Android SDK	2026-02-18T05:06:21.1561352Z 
build	Set up Android SDK	2026-02-18T05:06:21.1561443Z 12. Indemnification
build	Set up Android SDK	2026-02-18T05:06:21.1561562Z 
build	Set up Android SDK	2026-02-18T05:06:21.1564854Z 12.1 To the maximum extent permitted by law, you agree to defend, indemnify and hold harmless Google, its affiliates and their respective directors, officers, employees and agents from and against any and all claims, actions, suits or proceedings, as well as any and all losses, liabilities, damages, costs and expenses (including reasonable attorneys fees) arising out of or accruing from (a) your use of the Google TV Add-on, (b) any application you develop on the Google TV Add-on that infringes any copyright, trademark, trade secret, trade dress, patent or other intellectual property right of any person or defames any person or violates their rights of publicity or privacy, and (c) any non-compliance by you with this License Agreement.
build	Set up Android SDK	2026-02-18T05:06:21.1567493Z 
build	Set up Android SDK	2026-02-18T05:06:21.1567639Z 13. Changes to the License Agreement
build	Set up Android SDK	2026-02-18T05:06:21.1567811Z 
build	Set up Android SDK	2026-02-18T05:06:21.1568214Z 13.1 Google may make changes to the License Agreement as it distributes new versions of the Google TV Add-on.
build	Set up Android SDK	2026-02-18T05:06:21.1568607Z 
build	Set up Android SDK	2026-02-18T05:06:21.1568701Z 14. General Legal Terms
build	Set up Android SDK	2026-02-18T05:06:21.1568830Z 
build	Set up Android SDK	2026-02-18T05:06:21.1570153Z 14.1 This License Agreement constitute the whole legal agreement between you and Google and govern your use of the Google TV Add-on (excluding any services which Google may provide to you under a separate written agreement), and completely replace any prior agreements between you and Google in relation to the Google TV Add-on.
build	Set up Android SDK	2026-02-18T05:06:21.1571370Z 
build	Set up Android SDK	2026-02-18T05:06:21.1572647Z 14.2 You agree that if Google does not exercise or enforce any legal right or remedy which is contained in this License Agreement (or which Google has the benefit of under any applicable law), this will not be taken to be a formal waiver of Google's rights and that those rights or remedies will still be available to Google.
build	Set up Android SDK	2026-02-18T05:06:21.1573693Z 
build	Set up Android SDK	2026-02-18T05:06:21.1575305Z 14.3 If any court of law, having the jurisdiction to decide on this matter, rules that any provision of this License Agreement is invalid, then that provision will be removed from this License Agreement without affecting the rest of this License Agreement. The remaining provisions of this License Agreement will continue to be valid and enforceable.
build	Set up Android SDK	2026-02-18T05:06:21.1576477Z 
build	Set up Android SDK	2026-02-18T05:06:21.1578909Z 14.4 You acknowledge and agree that Google’s API data licensors and each member of the group of companies of which Google is the parent shall be third party beneficiaries to this License Agreement and that such other companies shall be entitled to directly enforce, and rely upon, any provision of this License Agreement that confers a benefit on (or rights in favor of) them. Other than this, no other person or company shall be third party beneficiaries to this License Agreement.
build	Set up Android SDK	2026-02-18T05:06:21.1580519Z 
build	Set up Android SDK	2026-02-18T05:06:21.1581726Z 14.5 EXPORT RESTRICTIONS. THE GOOGLE TV ADD-ON IS SUBJECT TO UNITED STATES EXPORT LAWS AND REGULATIONS. YOU MUST COMPLY WITH ALL DOMESTIC AND INTERNATIONAL EXPORT LAWS AND REGULATIONS THAT APPLY TO THE GOOGLE TV ADD-ON. THESE LAWS INCLUDE RESTRICTIONS ON DESTINATIONS, END USERS AND END USE.
build	Set up Android SDK	2026-02-18T05:06:21.1582716Z 
build	Set up Android SDK	2026-02-18T05:06:21.1584091Z 14.6 The rights granted in this License Agreement may not be assigned or transferred by either you or Google without the prior written approval of the other party. Neither you nor Google shall be permitted to delegate their responsibilities or obligations under this License Agreement without the prior written approval of the other party.
build	Set up Android SDK	2026-02-18T05:06:21.1585634Z 
build	Set up Android SDK	2026-02-18T05:06:21.1587936Z 14.7 This License Agreement, and your relationship with Google under this License Agreement, shall be governed by the laws of the State of California without regard to its conflict of laws provisions. You and Google agree to submit to the exclusive jurisdiction of the courts located within the county of Santa Clara, California to resolve any legal matter arising from this License Agreement. Notwithstanding this, you agree that Google shall still be allowed to apply for injunctive remedies (or an equivalent type of urgent legal relief) in any jurisdiction.
build	Set up Android SDK	2026-02-18T05:06:21.1589920Z 
build	Set up Android SDK	2026-02-18T05:06:21.1589927Z 
build	Set up Android SDK	2026-02-18T05:06:21.1590006Z August 15, 2011
build	Set up Android SDK	2026-02-18T05:06:21.1590258Z ---------------------------------------
build	Set up Android SDK	2026-02-18T05:06:21.1590626Z Accept? (y/N): 
build	Set up Android SDK	2026-02-18T05:06:21.1590879Z 2/6: License android-googlexr-license:
build	Set up Android SDK	2026-02-18T05:06:21.1591182Z ---------------------------------------
build	Set up Android SDK	2026-02-18T05:06:21.1592535Z To get started with the Android XR Emulator System Image SDK, you must agree to the following terms and conditions. As described below, please note that this is a preview, emulated version of the Android XR OS, subject to change, that you use at your own risk.
build	Set up Android SDK	2026-02-18T05:06:21.1593408Z 
build	Set up Android SDK	2026-02-18T05:06:21.1593636Z This is the Android XR Emulator System Image SDK License Agreement
build	Set up Android SDK	2026-02-18T05:06:21.1593895Z 
build	Set up Android SDK	2026-02-18T05:06:21.1593971Z 1. Introduction
build	Set up Android SDK	2026-02-18T05:06:21.1594079Z 
build	Set up Android SDK	2026-02-18T05:06:21.1596175Z 1.1 The Android Android XR Emulator System Image SDK (referred to in the License Agreement as the "SDK" and specifically including the Android system files,, packaged APIs, library files (if and when they are made available), and Google applications and APIs add-ons) is licensed to you subject to the terms of the License Agreement. The License Agreement forms a legally binding contract between you and Google in relation to your use of the SDK.
build	Set up Android SDK	2026-02-18T05:06:21.1597797Z 
build	Set up Android SDK	2026-02-18T05:06:21.1598662Z 1.2 "Android" means the Android software stack for devices, as made available under the Android Open Source Project, which is located at the following URL: https://source.android.com/, as updated from time to time.
build	Set up Android SDK	2026-02-18T05:06:21.1599396Z 
build	Set up Android SDK	2026-02-18T05:06:21.1600237Z 1.3 "Google" means Google LLC, organized under the laws of the State of Delaware, USA, and operating under the laws of the USA with principal place of business at 1600 Amphitheatre Parkway, Mountain View, CA 94043, USA.
build	Set up Android SDK	2026-02-18T05:06:21.1600969Z 
build	Set up Android SDK	2026-02-18T05:06:21.1601097Z 2. Accepting this License Agreement
build	Set up Android SDK	2026-02-18T05:06:21.1601269Z 
build	Set up Android SDK	2026-02-18T05:06:21.1601784Z 2.1 In order to use the SDK, you must first agree to the License Agreement. You may not use the SDK if you do not accept the License Agreement.
build	Set up Android SDK	2026-02-18T05:06:21.1602266Z 
build	Set up Android SDK	2026-02-18T05:06:21.1602638Z 2.2 By clicking to accept and/or using this SDK, you hereby agree to the terms of the License Agreement.
build	Set up Android SDK	2026-02-18T05:06:21.1603000Z 
build	Set up Android SDK	2026-02-18T05:06:21.1603968Z 2.3 You may not use the SDK and may not accept the License Agreement if you are a person barred from receiving the SDK under the laws of the United States or other countries, including the country in which you are resident or from which you use the SDK.
build	Set up Android SDK	2026-02-18T05:06:21.1605032Z 
build	Set up Android SDK	2026-02-18T05:06:21.1606505Z 2.4 If you are agreeing to be bound by the License Agreement on behalf of your employer or other entity, you represent and warrant that you have full legal authority to bind your employer or such entity to the License Agreement. If you do not have the requisite authority, you may not accept the License Agreement or use the SDK on behalf of your employer or other entity.
build	Set up Android SDK	2026-02-18T05:06:21.1607724Z 
build	Set up Android SDK	2026-02-18T05:06:21.1607824Z 3. SDK License from Google
build	Set up Android SDK	2026-02-18T05:06:21.1607978Z 
build	Set up Android SDK	2026-02-18T05:06:21.1608896Z 3.1 Subject to the terms of the License Agreement, Google grants you a limited, worldwide, royalty-free, non-assignable, non-exclusive, and non-sublicensable license to use the SDK solely to develop applications for Android XR.
build	Set up Android SDK	2026-02-18T05:06:21.1609692Z 
build	Set up Android SDK	2026-02-18T05:06:21.1610550Z 3.2 You may not use this SDK to develop applications for other platforms or to develop another SDK. You are of course free to develop applications for other platforms provided that this SDK is not used for that purpose.
build	Set up Android SDK	2026-02-18T05:06:21.1611290Z 
build	Set up Android SDK	2026-02-18T05:06:21.1612870Z 3.3 You agree that Google or third parties own all legal right, title and interest in and to the SDK, including any Intellectual Property Rights that subsist in the SDK. "Intellectual Property Rights" means any and all rights under patent law, copyright law, trade secret law, trademark law, and any and all other proprietary rights. Google reserves all rights not expressly granted to you.
build	Set up Android SDK	2026-02-18T05:06:21.1614278Z 
build	Set up Android SDK	2026-02-18T05:06:21.1616599Z 3.4 You may not use the SDK for any purpose not expressly permitted by the License Agreement. Except to the extent required by applicable third party licenses, you may not (a) copy (except for backup purposes), modify, adapt, redistribute, decompile, reverse engineer, disassemble, or create derivative works of the SDK or any part of the SDK; or (b) load any part of the SDK onto a mobile handset or any other hardware device except a personal computer, combine any part of the SDK with other software, or distribute any software or device incorporating a part of the SDK.
build	Set up Android SDK	2026-02-18T05:06:21.1618794Z 
build	Set up Android SDK	2026-02-18T05:06:21.1620486Z 3.5 Use, reproduction and distribution of components of the SDK licensed under an open source software license are governed solely by the terms of that open source software license and not the License Agreement. You agree to remain a licensee in good standing in regard to such open source software licenses under all the rights granted and to refrain from any actions that may terminate, suspend, or breach such rights.
build	Set up Android SDK	2026-02-18T05:06:21.1621984Z 
build	Set up Android SDK	2026-02-18T05:06:21.1623676Z 3.6 You agree that the form and nature of the SDK that Google provides may change without prior notice to you and that future versions of the SDK may be incompatible with applications developed on previous versions of the SDK. You agree that Google may stop (permanently or temporarily) providing the SDK (or any features within the SDK) to you or to users generally at Google's sole discretion, without prior notice to you.
build	Set up Android SDK	2026-02-18T05:06:21.1625182Z 
build	Set up Android SDK	2026-02-18T05:06:21.1625845Z 3.7 Nothing in the License Agreement gives you a right to use any of Google's trade names, trademarks, service marks, logos, domain names, or other distinctive brand features.
build	Set up Android SDK	2026-02-18T05:06:21.1626445Z 
build	Set up Android SDK	2026-02-18T05:06:21.1627159Z 3.8 You agree that you will not remove, obscure, or alter any proprietary rights notices (including copyright and trademark notices) that may be affixed to or contained within the SDK.
build	Set up Android SDK	2026-02-18T05:06:21.1627803Z 
build	Set up Android SDK	2026-02-18T05:06:21.1627900Z 4. Use of the SDK by You
build	Set up Android SDK	2026-02-18T05:06:21.1628039Z 
build	Set up Android SDK	2026-02-18T05:06:21.1629088Z 4.1 Google agrees that it obtains no right, title or interest from you (or your licensors) under the License Agreement in or to any software applications that you develop using the SDK, including any intellectual property rights that subsist in those applications.
build	Set up Android SDK	2026-02-18T05:06:21.1629981Z 
build	Set up Android SDK	2026-02-18T05:06:21.1631387Z 4.2 You agree to use the SDK and write applications only for purposes that are permitted by (a) the License Agreement and (b) any applicable law, regulation or generally accepted practices or guidelines in the relevant jurisdictions (including any laws regarding the export of data or software to and from the United States or other relevant countries).
build	Set up Android SDK	2026-02-18T05:06:21.1632580Z 
build	Set up Android SDK	2026-02-18T05:06:21.1635860Z 4.3 You agree that if you use the SDK to develop applications for general public users, you will protect the privacy and legal rights of those users. If the users provide you with user names, passwords, or other login information or personal information, you must make the users aware that the information will be available to your application, and you must provide legally adequate privacy notice and protection for those users. If your application stores personal or sensitive information provided by users, it must do so securely. If the user provides your application with Google Account information, your application may only use that information to access the user's Google Account when, and for the limited purposes for which, the user has given you permission to do so.
build	Set up Android SDK	2026-02-18T05:06:21.1638431Z 
build	Set up Android SDK	2026-02-18T05:06:21.1639882Z 4.4 You agree that you will not engage in any activity with the SDK, including the development or distribution of an application, that interferes with, disrupts, damages, or accesses in an unauthorized manner the servers, networks, or other properties or services of any third party including, but not limited to, Google or any mobile communications carrier.
build	Set up Android SDK	2026-02-18T05:06:21.1641070Z 
build	Set up Android SDK	2026-02-18T05:06:21.1642464Z 4.5 You agree that you are solely responsible for (and that Google has no responsibility to you or to any third party for) any data, content, or resources that you create, transmit or display through Android and/or applications for Android, and for the consequences of your actions (including any loss or damage which Google may suffer) by doing so.
build	Set up Android SDK	2026-02-18T05:06:21.1643749Z 
build	Set up Android SDK	2026-02-18T05:06:21.1645419Z 4.6 You agree that you are solely responsible for (and that Google has no responsibility to you or to any third party for) any breach of your obligations under the License Agreement, any applicable third party contract or Terms of Service, or any applicable law or regulation, and for the consequences (including any loss or damage which Google or any third party may suffer) of any such breach.
build	Set up Android SDK	2026-02-18T05:06:21.1646723Z 
build	Set up Android SDK	2026-02-18T05:06:21.1647902Z 4.7 The SDK is in development, and your testing and feedback are an important part of the development process. By using the SDK, you acknowledge that implementation of some features are still under development and that you should not rely on the SDK having the full functionality of a stable release.
build	Set up Android SDK	2026-02-18T05:06:21.1649011Z 
build	Set up Android SDK	2026-02-18T05:06:21.1649117Z 5. Your Developer Credentials
build	Set up Android SDK	2026-02-18T05:06:21.1649276Z 
build	Set up Android SDK	2026-02-18T05:06:21.1650406Z 5.1 You agree that you are responsible for maintaining the confidentiality of any developer credentials that may be issued to you by Google or which you may choose yourself and that you will be solely responsible for all applications that are developed under your developer credentials.
build	Set up Android SDK	2026-02-18T05:06:21.1651365Z 
build	Set up Android SDK	2026-02-18T05:06:21.1651472Z 6. Privacy and Information
build	Set up Android SDK	2026-02-18T05:06:21.1651613Z 
build	Set up Android SDK	2026-02-18T05:06:21.1653548Z 6.1 In order to continually innovate and improve the SDK, Google may collect certain usage statistics from the software including but not limited to a unique identifier, associated IP address, version number of the software, and information on which tools and/or services in the SDK are being used and how they are being used. Before any of this information is collected, the SDK will notify you and seek your consent. If you withhold consent, the information will not be collected.
build	Set up Android SDK	2026-02-18T05:06:21.1655558Z 
build	Set up Android SDK	2026-02-18T05:06:21.1656960Z 6.2 The data collected is examined in the aggregate to improve the SDK and is maintained in accordance with Google's Privacy Policy, which is located at the following URL: https://policies.google.com/privacy
build	Set up Android SDK	2026-02-18T05:06:21.1658182Z 
build	Set up Android SDK	2026-02-18T05:06:21.1658820Z 6.3 Anonymized and aggregated sets of the data may be shared with Google partners to improve the SDK.
build	Set up Android SDK	2026-02-18T05:06:21.1659422Z 
build	Set up Android SDK	2026-02-18T05:06:21.1659591Z 7. Third Party Applications
build	Set up Android SDK	2026-02-18T05:06:21.1659822Z 
build	Set up Android SDK	2026-02-18T05:06:21.1663996Z 7.1 If you use the SDK to run applications developed by a third party or that access data, content or resources provided by a third party, you agree that Google is not responsible for those applications, data, content, or resources. You understand that all data, content or resources which you may access through such third party applications are the sole responsibility of the person from which they originated and that Google is not liable for any loss or damage that you may experience as a result of the use or access of any of those third party applications, data, content, or resources.
build	Set up Android SDK	2026-02-18T05:06:21.1667369Z 
build	Set up Android SDK	2026-02-18T05:06:21.1670751Z 7.2 You should be aware that the data, content, and resources presented to you through such a third party application may be protected by intellectual property rights which are owned by the providers (or by other persons or companies on their behalf). You may not modify, rent, lease, loan, sell, distribute or create derivative works based on these data, content, or resources (either in whole or in part) unless you have been specifically given permission to do so by the relevant owners.
build	Set up Android SDK	2026-02-18T05:06:21.1673475Z 
build	Set up Android SDK	2026-02-18T05:06:21.1675575Z 7.3 You acknowledge that your use of such third party applications, data, content, or resources may be subject to separate terms between you and the relevant third party. In that case, the License Agreement does not affect your legal relationship with these third parties.
build	Set up Android SDK	2026-02-18T05:06:21.1677365Z 
build	Set up Android SDK	2026-02-18T05:06:21.1677536Z 8. Using Android APIs
build	Set up Android SDK	2026-02-18T05:06:21.1677741Z 
build	Set up Android SDK	2026-02-18T05:06:21.1677887Z 8.1 Google Data APIs
build	Set up Android SDK	2026-02-18T05:06:21.1678089Z 
build	Set up Android SDK	2026-02-18T05:06:21.1681698Z 8.1.1 If you use any API to retrieve data from Google, you acknowledge that the data may be protected by intellectual property rights which are owned by Google or those parties that provide the data (or by other persons or companies on their behalf). Your use of any such API may be subject to additional Terms of Service. You may not modify, rent, lease, loan, sell, distribute or create derivative works based on this data (either in whole or in part) unless allowed by the relevant Terms of Service.
build	Set up Android SDK	2026-02-18T05:06:21.1684649Z 
build	Set up Android SDK	2026-02-18T05:06:21.1690925Z 8.1.2 If you use any API to retrieve a user's data from Google, you acknowledge and agree that you shall retrieve data only with the user's explicit consent and only when, and for the limited purposes for which, the user has given you permission to do so. If you use the Android Recognition Service API, documented at the following URL: https://developer.android.com/reference/android/speech/RecognitionService, as updated from time to time, you acknowledge that the use of the API is subject to the Data Processing Addendum for Products where Google is a Data Processor, which is located at the following URL: https://privacy.google.com/businesses/gdprprocessorterms/, as updated from time to time. By clicking to accept, you hereby agree to the terms of the Data Processing Addendum for Products where Google is a Data Processor.
build	Set up Android SDK	2026-02-18T05:06:21.1695813Z 
build	Set up Android SDK	2026-02-18T05:06:21.1696050Z 9. Terminating this License Agreement
build	Set up Android SDK	2026-02-18T05:06:21.1696347Z 
build	Set up Android SDK	2026-02-18T05:06:21.1697032Z 9.1 The License Agreement will continue to apply until terminated by either you or Google as set out below.
build	Set up Android SDK	2026-02-18T05:06:21.1697706Z 
build	Set up Android SDK	2026-02-18T05:06:21.1698576Z 9.2 If you want to terminate the License Agreement, you may do so by ceasing your use of the SDK and any relevant developer credentials.
build	Set up Android SDK	2026-02-18T05:06:21.1699369Z 
build	Set up Android SDK	2026-02-18T05:06:21.1703933Z 9.3 Google may at any time, terminate the License Agreement with you if: (A) you have breached any provision of the License Agreement; or (B) Google is required to do so by law; or (C) the partner with whom Google offered certain parts of SDK (such as APIs) to you has terminated its relationship with Google or ceased to offer certain parts of the SDK to you; or (D) Google decides to no longer provide the SDK or certain parts of the SDK to users in the country in which you are resident or from which you use the service, or the provision of the SDK or certain SDK services to you by Google is, in Google's sole discretion, no longer commercially viable.
build	Set up Android SDK	2026-02-18T05:06:21.1707618Z 
build	Set up Android SDK	2026-02-18T05:06:21.1710672Z 9.4 When the License Agreement comes to an end, all of the legal rights, obligations and liabilities that you and Google have benefited from, been subject to (or which have accrued over time whilst the License Agreement has been in force) or which are expressed to continue indefinitely, shall be unaffected by this cessation, and the provisions of paragraph 14.7 shall continue to apply to such rights, obligations and liabilities indefinitely.
build	Set up Android SDK	2026-02-18T05:06:21.1713145Z 
build	Set up Android SDK	2026-02-18T05:06:21.1713315Z 10. DISCLAIMER OF WARRANTIES
build	Set up Android SDK	2026-02-18T05:06:21.1713557Z 
build	Set up Android SDK	2026-02-18T05:06:21.1714818Z 10.1 YOU EXPRESSLY UNDERSTAND AND AGREE THAT YOUR USE OF THE SDK IS AT YOUR SOLE RISK AND THAT THE SDK IS PROVIDED "AS IS" AND "AS AVAILABLE" WITHOUT WARRANTY OF ANY KIND FROM GOOGLE.
build	Set up Android SDK	2026-02-18T05:06:21.1715809Z 
build	Set up Android SDK	2026-02-18T05:06:21.1717603Z 10.2 YOUR USE OF THE SDK AND ANY MATERIAL DOWNLOADED OR OTHERWISE OBTAINED THROUGH THE USE OF THE SDK IS AT YOUR OWN DISCRETION AND RISK AND YOU ARE SOLELY RESPONSIBLE FOR ANY DAMAGE TO YOUR COMPUTER SYSTEM OR OTHER DEVICE OR LOSS OF DATA THAT RESULTS FROM SUCH USE.
build	Set up Android SDK	2026-02-18T05:06:21.1719101Z 
build	Set up Android SDK	2026-02-18T05:06:21.1720870Z 10.3 GOOGLE FURTHER EXPRESSLY DISCLAIMS ALL WARRANTIES AND CONDITIONS OF ANY KIND, WHETHER EXPRESS OR IMPLIED, INCLUDING, BUT NOT LIMITED TO THE IMPLIED WARRANTIES AND CONDITIONS OF MERCHANTABILITY, FITNESS FOR A PARTICULAR PURPOSE AND NON-INFRINGEMENT.
build	Set up Android SDK	2026-02-18T05:06:21.1722515Z 
build	Set up Android SDK	2026-02-18T05:06:21.1722693Z 11. LIMITATION OF LIABILITY
build	Set up Android SDK	2026-02-18T05:06:21.1722928Z 
build	Set up Android SDK	2026-02-18T05:06:21.1726248Z 11.1 YOU EXPRESSLY UNDERSTAND AND AGREE THAT GOOGLE, ITS SUBSIDIARIES AND AFFILIATES, AND ITS LICENSORS SHALL NOT BE LIABLE TO YOU UNDER ANY THEORY OF LIABILITY FOR ANY DIRECT, INDIRECT, INCIDENTAL, SPECIAL, CONSEQUENTIAL OR EXEMPLARY DAMAGES THAT MAY BE INCURRED BY YOU, INCLUDING ANY LOSS OF DATA, WHETHER OR NOT GOOGLE OR ITS REPRESENTATIVES HAVE BEEN ADVISED OF OR SHOULD HAVE BEEN AWARE OF THE POSSIBILITY OF ANY SUCH LOSSES ARISING.
build	Set up Android SDK	2026-02-18T05:06:21.1728956Z 
build	Set up Android SDK	2026-02-18T05:06:21.1729115Z 12. Indemnification
build	Set up Android SDK	2026-02-18T05:06:21.1729320Z 
build	Set up Android SDK	2026-02-18T05:06:21.1734676Z 12.1 To the maximum extent permitted by law, you agree to defend, indemnify and hold harmless Google, its affiliates and their respective directors, officers, employees and agents from and against any and all claims, actions, suits or proceedings, as well as any and all losses, liabilities, damages, costs and expenses (including reasonable attorneys fees) arising out of or accruing from (a) your use of the SDK, (b) any application you develop on the SDK that infringes any copyright, trademark, trade secret, trade dress, patent or other intellectual property right of any person or defames any person or violates their rights of publicity or privacy, and (c) any non-compliance by you with the License Agreement.
build	Set up Android SDK	2026-02-18T05:06:21.1738778Z 
build	Set up Android SDK	2026-02-18T05:06:21.1739010Z 13. Changes to the License Agreement
build	Set up Android SDK	2026-02-18T05:06:21.1739297Z 
build	Set up Android SDK	2026-02-18T05:06:21.1740949Z 13.1 Google may make changes to the License Agreement as it distributes new versions of the SDK. When these changes are made, Google will make a new version of the License Agreement available on the website where the SDK is made available.
build	Set up Android SDK	2026-02-18T05:06:21.1742347Z 
build	Set up Android SDK	2026-02-18T05:06:21.1742509Z 14. General Legal Terms
build	Set up Android SDK	2026-02-18T05:06:21.1742721Z 
build	Set up Android SDK	2026-02-18T05:06:21.1745077Z 14.1 The License Agreement constitutes the whole legal agreement between you and Google and governs your use of the SDK (excluding any services which Google may provide to you under a separate written agreement), and completely replaces any prior agreements between you and Google in relation to the SDK.
build	Set up Android SDK	2026-02-18T05:06:21.1746895Z 
build	Set up Android SDK	2026-02-18T05:06:21.1749115Z 14.2 You agree that if Google does not exercise or enforce any legal right or remedy which is contained in the License Agreement (or which Google has the benefit of under any applicable law), this will not be taken to be a formal waiver of Google's rights and that those rights or remedies will still be available to Google.
build	Set up Android SDK	2026-02-18T05:06:21.1750920Z 
build	Set up Android SDK	2026-02-18T05:06:21.1753352Z 14.3 If any court of law, having the jurisdiction to decide on this matter, rules that any provision of the License Agreement is invalid, then that provision will be removed from the License Agreement without affecting the rest of the License Agreement. The remaining provisions of the License Agreement will continue to be valid and enforceable.
build	Set up Android SDK	2026-02-18T05:06:21.1755490Z 
build	Set up Android SDK	2026-02-18T05:06:21.1758629Z 14.4 You acknowledge and agree that each member of the group of companies of which Google is the parent shall be third party beneficiaries to the License Agreement and that such other companies shall be entitled to directly enforce, and rely upon, any provision of the License Agreement that confers a benefit on (or rights in favor of) them. Other than this, no other person or company shall be third party beneficiaries to the License Agreement.
build	Set up Android SDK	2026-02-18T05:06:21.1761184Z 
build	Set up Android SDK	2026-02-18T05:06:21.1763074Z 14.5 EXPORT RESTRICTIONS. THE SDK IS SUBJECT TO UNITED STATES EXPORT LAWS AND REGULATIONS. YOU MUST COMPLY WITH ALL DOMESTIC AND INTERNATIONAL EXPORT LAWS AND REGULATIONS THAT APPLY TO THE SDK. THESE LAWS INCLUDE RESTRICTIONS ON DESTINATIONS, END USERS AND END USE.
build	Set up Android SDK	2026-02-18T05:06:21.1764970Z 
build	Set up Android SDK	2026-02-18T05:06:21.1767433Z 14.6 The rights granted in the License Agreement may not be assigned or transferred by either you or Google without the prior written approval of the other party. Neither you nor Google shall be permitted to delegate their responsibilities or obligations under the License Agreement without the prior written approval of the other party.
build	Set up Android SDK	2026-02-18T05:06:21.1769430Z 
build	Set up Android SDK	2026-02-18T05:06:21.1773351Z 14.7 The License Agreement, and your relationship with Google under the License Agreement, shall be governed by the laws of the State of California without regard to its conflict of laws provisions. You and Google agree to submit to the exclusive jurisdiction of the courts located within the county of Santa Clara, California to resolve any legal matter arising from the License Agreement. Notwithstanding this, you agree that Google shall still be allowed to apply for injunctive remedies (or an equivalent type of urgent legal relief) in any jurisdiction.
build	Set up Android SDK	2026-02-18T05:06:21.1776872Z ---------------------------------------
build	Set up Android SDK	2026-02-18T05:06:21.1777385Z Accept? (y/N): 
build	Set up Android SDK	2026-02-18T05:06:21.1777796Z 3/6: License android-sdk-arm-dbt-license:
build	Set up Android SDK	2026-02-18T05:06:21.1778262Z ---------------------------------------
build	Set up Android SDK	2026-02-18T05:06:21.1778512Z Terms and Conditions
build	Set up Android SDK	2026-02-18T05:06:21.1778656Z 
build	Set up Android SDK	2026-02-18T05:06:21.1778875Z This is the Android Software Development Kit License Agreement
build	Set up Android SDK	2026-02-18T05:06:21.1779122Z 
build	Set up Android SDK	2026-02-18T05:06:21.1779201Z 1. Introduction
build	Set up Android SDK	2026-02-18T05:06:21.1779308Z 
build	Set up Android SDK	2026-02-18T05:06:21.1781031Z 1.1 The Android Software Development Kit (referred to in the License Agreement as the "SDK" and specifically including the Android system files, packaged APIs, and Google APIs add-ons) is licensed to you subject to the terms of the License Agreement. The License Agreement forms a legally binding contract between you and Google in relation to your use of the SDK.
build	Set up Android SDK	2026-02-18T05:06:21.1782321Z 
build	Set up Android SDK	2026-02-18T05:06:21.1783175Z 1.2 "Android" means the Android software stack for devices, as made available under the Android Open Source Project, which is located at the following URL: http://source.android.com/, as updated from time to time.
build	Set up Android SDK	2026-02-18T05:06:21.1783911Z 
build	Set up Android SDK	2026-02-18T05:06:21.1785578Z 1.3 A "compatible implementation" means any Android device that (i) complies with the Android Compatibility Definition document, which can be found at the Android compatibility website (http://source.android.com/compatibility) and which may be updated from time to time; and (ii) successfully passes the Android Compatibility Test Suite (CTS).
build	Set up Android SDK	2026-02-18T05:06:21.1786912Z 
build	Set up Android SDK	2026-02-18T05:06:21.1787763Z 1.4 "Google" means Google Inc., a Delaware corporation with principal place of business at 1600 Amphitheatre Parkway, Mountain View, CA 94043, United States.
build	Set up Android SDK	2026-02-18T05:06:21.1788333Z 
build	Set up Android SDK	2026-02-18T05:06:21.1788339Z 
build	Set up Android SDK	2026-02-18T05:06:21.1788480Z 2. Accepting the License Agreement
build	Set up Android SDK	2026-02-18T05:06:21.1788646Z 
build	Set up Android SDK	2026-02-18T05:06:21.1789319Z 2.1 In order to use the SDK, you must first agree to the License Agreement. You may not use the SDK if you do not accept the License Agreement.
build	Set up Android SDK	2026-02-18T05:06:21.1789810Z 
build	Set up Android SDK	2026-02-18T05:06:21.1790095Z 2.2 By clicking to accept, you hereby agree to the terms of the License Agreement.
build	Set up Android SDK	2026-02-18T05:06:21.1790388Z 
build	Set up Android SDK	2026-02-18T05:06:21.1791364Z 2.3 You may not use the SDK and may not accept the License Agreement if you are a person barred from receiving the SDK under the laws of the United States or other countries, including the country in which you are resident or from which you use the SDK.
build	Set up Android SDK	2026-02-18T05:06:21.1792189Z 
build	Set up Android SDK	2026-02-18T05:06:21.1793659Z 2.4 If you are agreeing to be bound by the License Agreement on behalf of your employer or other entity, you represent and warrant that you have full legal authority to bind your employer or such entity to the License Agreement. If you do not have the requisite authority, you may not accept the License Agreement or use the SDK on behalf of your employer or other entity.
build	Set up Android SDK	2026-02-18T05:06:21.1795396Z 
build	Set up Android SDK	2026-02-18T05:06:21.1795405Z 
build	Set up Android SDK	2026-02-18T05:06:21.1795526Z 3. SDK License from Google
build	Set up Android SDK	2026-02-18T05:06:21.1795669Z 
build	Set up Android SDK	2026-02-18T05:06:21.1796696Z 3.1 Subject to the terms of the License Agreement, Google grants you a limited, worldwide, royalty-free, non-assignable, non-exclusive, and non-sublicensable license to use the SDK solely to develop applications for compatible implementations of Android.
build	Set up Android SDK	2026-02-18T05:06:21.1797579Z 
build	Set up Android SDK	2026-02-18T05:06:21.1798990Z 3.2 You may not use this SDK to develop applications for other platforms (including non-compatible implementations of Android) or to develop another SDK. You are of course free to develop applications for other platforms, including non-compatible implementations of Android, provided that this SDK is not used for that purpose.
build	Set up Android SDK	2026-02-18T05:06:21.1800414Z 
build	Set up Android SDK	2026-02-18T05:06:21.1802010Z 3.3 You agree that Google or third parties own all legal right, title and interest in and to the SDK, including any Intellectual Property Rights that subsist in the SDK. "Intellectual Property Rights" means any and all rights under patent law, copyright law, trade secret law, trademark law, and any and all other proprietary rights. Google reserves all rights not expressly granted to you.
build	Set up Android SDK	2026-02-18T05:06:21.1803323Z 
build	Set up Android SDK	2026-02-18T05:06:21.1805086Z 3.4 You may not use the SDK for any purpose not expressly permitted by the License Agreement. Except to the extent required by applicable third party licenses, you may not copy (except for backup purposes), modify, adapt, redistribute, decompile, reverse engineer, disassemble, or create derivative works of the SDK or any part of the SDK.
build	Set up Android SDK	2026-02-18T05:06:21.1806236Z 
build	Set up Android SDK	2026-02-18T05:06:21.1807066Z 3.5 Use, reproduction and distribution of components of the SDK licensed under an open source software license are governed solely by the terms of that open source software license and not the License Agreement.
build	Set up Android SDK	2026-02-18T05:06:21.1807788Z 
build	Set up Android SDK	2026-02-18T05:06:21.1809483Z 3.6 You agree that the form and nature of the SDK that Google provides may change without prior notice to you and that future versions of the SDK may be incompatible with applications developed on previous versions of the SDK. You agree that Google may stop (permanently or temporarily) providing the SDK (or any features within the SDK) to you or to users generally at Google's sole discretion, without prior notice to you.
build	Set up Android SDK	2026-02-18T05:06:21.1810872Z 
build	Set up Android SDK	2026-02-18T05:06:21.1811546Z 3.7 Nothing in the License Agreement gives you a right to use any of Google's trade names, trademarks, service marks, logos, domain names, or other distinctive brand features.
build	Set up Android SDK	2026-02-18T05:06:21.1812135Z 
build	Set up Android SDK	2026-02-18T05:06:21.1812860Z 3.8 You agree that you will not remove, obscure, or alter any proprietary rights notices (including copyright and trademark notices) that may be affixed to or contained within the SDK.
build	Set up Android SDK	2026-02-18T05:06:21.1813506Z 
build	Set up Android SDK	2026-02-18T05:06:21.1813513Z 
build	Set up Android SDK	2026-02-18T05:06:21.1813608Z 4. Use of the SDK by You
build	Set up Android SDK	2026-02-18T05:06:21.1813748Z 
build	Set up Android SDK	2026-02-18T05:06:21.1814970Z 4.1 Google agrees that it obtains no right, title or interest from you (or your licensors) under the License Agreement in or to any software applications that you develop using the SDK, including any intellectual property rights that subsist in those applications.
build	Set up Android SDK	2026-02-18T05:06:21.1815867Z 
build	Set up Android SDK	2026-02-18T05:06:21.1817289Z 4.2 You agree to use the SDK and write applications only for purposes that are permitted by (a) the License Agreement and (b) any applicable law, regulation or generally accepted practices or guidelines in the relevant jurisdictions (including any laws regarding the export of data or software to and from the United States or other relevant countries).
build	Set up Android SDK	2026-02-18T05:06:21.1818461Z 
build	Set up Android SDK	2026-02-18T05:06:21.1821653Z 4.3 You agree that if you use the SDK to develop applications for general public users, you will protect the privacy and legal rights of those users. If the users provide you with user names, passwords, or other login information or personal information, you must make the users aware that the information will be available to your application, and you must provide legally adequate privacy notice and protection for those users. If your application stores personal or sensitive information provided by users, it must do so securely. If the user provides your application with Google Account information, your application may only use that information to access the user's Google Account when, and for the limited purposes for which, the user has given you permission to do so.
build	Set up Android SDK	2026-02-18T05:06:21.1824715Z 
build	Set up Android SDK	2026-02-18T05:06:21.1826181Z 4.4 You agree that you will not engage in any activity with the SDK, including the development or distribution of an application, that interferes with, disrupts, damages, or accesses in an unauthorized manner the servers, networks, or other properties or services of any third party including, but not limited to, Google or any mobile communications carrier.
build	Set up Android SDK	2026-02-18T05:06:21.1827521Z 
build	Set up Android SDK	2026-02-18T05:06:21.1828913Z 4.5 You agree that you are solely responsible for (and that Google has no responsibility to you or to any third party for) any data, content, or resources that you create, transmit or display through Android and/or applications for Android, and for the consequences of your actions (including any loss or damage which Google may suffer) by doing so.
build	Set up Android SDK	2026-02-18T05:06:21.1830075Z 
build	Set up Android SDK	2026-02-18T05:06:21.1831660Z 4.6 You agree that you are solely responsible for (and that Google has no responsibility to you or to any third party for) any breach of your obligations under the License Agreement, any applicable third party contract or Terms of Service, or any applicable law or regulation, and for the consequences (including any loss or damage which Google or any third party may suffer) of any such breach.
build	Set up Android SDK	2026-02-18T05:06:21.1832957Z 
build	Set up Android SDK	2026-02-18T05:06:21.1835701Z 4.7 This software enables the execution of intellectual property owned by Arm Limited. You agree that your use of the software, that allows execution of ARM Instruction Set Architecture (“ISA”) compliant executables for application development and debug only on x86 desktop, laptop, customer on-premise servers, and customer-procured cloud-based environments.
build	Set up Android SDK	2026-02-18T05:06:21.1837233Z 
build	Set up Android SDK	2026-02-18T05:06:21.1837363Z 5. Your Developer Credentials
build	Set up Android SDK	2026-02-18T05:06:21.1837519Z 
build	Set up Android SDK	2026-02-18T05:06:21.1838658Z 5.1 You agree that you are responsible for maintaining the confidentiality of any developer credentials that may be issued to you by Google or which you may choose yourself and that you will be solely responsible for all applications that are developed under your developer credentials.
build	Set up Android SDK	2026-02-18T05:06:21.1839634Z 
build	Set up Android SDK	2026-02-18T05:06:21.1839744Z 6. Privacy and Information
build	Set up Android SDK	2026-02-18T05:06:21.1839887Z 
build	Set up Android SDK	2026-02-18T05:06:21.1841896Z 6.1 In order to continually innovate and improve the SDK, Google may collect certain usage statistics from the software including but not limited to a unique identifier, associated IP address, version number of the software, and information on which tools and/or services in the SDK are being used and how they are being used. Before any of this information is collected, the SDK will notify you and seek your consent. If you withhold consent, the information will not be collected.
build	Set up Android SDK	2026-02-18T05:06:21.1843493Z 
build	Set up Android SDK	2026-02-18T05:06:21.1843991Z 6.2 The data collected is examined in the aggregate to improve the SDK and is maintained in accordance with Google's Privacy Policy.
build	Set up Android SDK	2026-02-18T05:06:21.1844875Z 
build	Set up Android SDK	2026-02-18T05:06:21.1844885Z 
build	Set up Android SDK	2026-02-18T05:06:21.1845005Z 7. Third Party Applications
build	Set up Android SDK	2026-02-18T05:06:21.1845156Z 
build	Set up Android SDK	2026-02-18T05:06:21.1847557Z 7.1 If you use the SDK to run applications developed by a third party or that access data, content or resources provided by a third party, you agree that Google is not responsible for those applications, data, content, or resources. You understand that all data, content or resources which you may access through such third party applications are the sole responsibility of the person from which they originated and that Google is not liable for any loss or damage that you may experience as a result of the use or access of any of those third party applications, data, content, or resources.
build	Set up Android SDK	2026-02-18T05:06:21.1849693Z 
build	Set up Android SDK	2026-02-18T05:06:21.1851652Z 7.2 You should be aware the data, content, and resources presented to you through such a third party application may be protected by intellectual property rights which are owned by the providers (or by other persons or companies on their behalf). You may not modify, rent, lease, loan, sell, distribute or create derivative works based on these data, content, or resources (either in whole or in part) unless you have been specifically given permission to do so by the relevant owners.
build	Set up Android SDK	2026-02-18T05:06:21.1853255Z 
build	Set up Android SDK	2026-02-18T05:06:21.1854471Z 7.3 You acknowledge that your use of such third party applications, data, content, or resources may be subject to separate terms between you and the relevant third party. In that case, the License Agreement does not affect your legal relationship with these third parties.
build	Set up Android SDK	2026-02-18T05:06:21.1855515Z 
build	Set up Android SDK	2026-02-18T05:06:21.1855523Z 
build	Set up Android SDK	2026-02-18T05:06:21.1855615Z 8. Using Android APIs
build	Set up Android SDK	2026-02-18T05:06:21.1855748Z 
build	Set up Android SDK	2026-02-18T05:06:21.1855834Z 8.1 Google Data APIs
build	Set up Android SDK	2026-02-18T05:06:21.1855995Z 
build	Set up Android SDK	2026-02-18T05:06:21.1857990Z 8.1.1 If you use any API to retrieve data from Google, you acknowledge that the data may be protected by intellectual property rights which are owned by Google or those parties that provide the data (or by other persons or companies on their behalf). Your use of any such API may be subject to additional Terms of Service. You may not modify, rent, lease, loan, sell, distribute or create derivative works based on this data (either in whole or in part) unless allowed by the relevant Terms of Service.
build	Set up Android SDK	2026-02-18T05:06:21.1859611Z 
build	Set up Android SDK	2026-02-18T05:06:21.1863026Z 8.1.2 If you use any API to retrieve a user's data from Google, you acknowledge and agree that you shall retrieve data only with the user's explicit consent and only when, and for the limited purposes for which, the user has given you permission to do so. If you use the Android Recognition Service API, documented at the following URL: https://developer.android.com/reference/android/speech/RecognitionService, as updated from time to time, you acknowledge that the use of the API is subject to the Data Processing Addendum for Products where Google is a Data Processor, which is located at the following URL: https://privacy.google.com/businesses/gdprprocessorterms/, as updated from time to time. By clicking to accept, you hereby agree to the terms of the Data Processing Addendum for Products where Google is a Data Processor.
build	Set up Android SDK	2026-02-18T05:06:21.1866010Z 
build	Set up Android SDK	2026-02-18T05:06:21.1866018Z 
build	Set up Android SDK	2026-02-18T05:06:21.1866156Z 9. Terminating the License Agreement
build	Set up Android SDK	2026-02-18T05:06:21.1866333Z 
build	Set up Android SDK	2026-02-18T05:06:21.1866727Z 9.1 The License Agreement will continue to apply until terminated by either you or Google as set out below.
build	Set up Android SDK	2026-02-18T05:06:21.1867131Z 
build	Set up Android SDK	2026-02-18T05:06:21.1867622Z 9.2 If you want to terminate the License Agreement, you may do so by ceasing your use of the SDK and any relevant developer credentials.
build	Set up Android SDK	2026-02-18T05:06:21.1868091Z 
build	Set up Android SDK	2026-02-18T05:06:21.1870685Z 9.3 Google may at any time, terminate the License Agreement with you if: (A) you have breached any provision of the License Agreement; or (B) Google is required to do so by law; or (C) the partner with whom Google offered certain parts of SDK (such as APIs) to you has terminated its relationship with Google or ceased to offer certain parts of the SDK to you; or (D) Google decides to no longer provide the SDK or certain parts of the SDK to users in the country in which you are resident or from which you use the service, or the provision of the SDK or certain SDK services to you by Google is, in Google's sole discretion, no longer commercially viable.
build	Set up Android SDK	2026-02-18T05:06:21.1873575Z 
build	Set up Android SDK	2026-02-18T05:06:21.1875665Z 9.4 When the License Agreement comes to an end, all of the legal rights, obligations and liabilities that you and Google have benefited from, been subject to (or which have accrued over time whilst the License Agreement has been in force) or which are expressed to continue indefinitely, shall be unaffected by this cessation, and the provisions of paragraph 14.7 shall continue to apply to such rights, obligations and liabilities indefinitely.
build	Set up Android SDK	2026-02-18T05:06:21.1877320Z 
build	Set up Android SDK	2026-02-18T05:06:21.1877327Z 
build	Set up Android SDK	2026-02-18T05:06:21.1877445Z 10. DISCLAIMER OF WARRANTIES
build	Set up Android SDK	2026-02-18T05:06:21.1877592Z 
build	Set up Android SDK	2026-02-18T05:06:21.1878268Z 10.1 YOU EXPRESSLY UNDERSTAND AND AGREE THAT YOUR USE OF THE SDK IS AT YOUR SOLE RISK AND THAT THE SDK IS PROVIDED "AS IS" AND "AS AVAILABLE" WITHOUT WARRANTY OF ANY KIND FROM GOOGLE.
build	Set up Android SDK	2026-02-18T05:06:21.1878873Z 
build	Set up Android SDK	2026-02-18T05:06:21.1879896Z 10.2 YOUR USE OF THE SDK AND ANY MATERIAL DOWNLOADED OR OTHERWISE OBTAINED THROUGH THE USE OF THE SDK IS AT YOUR OWN DISCRETION AND RISK AND YOU ARE SOLELY RESPONSIBLE FOR ANY DAMAGE TO YOUR COMPUTER SYSTEM OR OTHER DEVICE OR LOSS OF DATA THAT RESULTS FROM SUCH USE.
build	Set up Android SDK	2026-02-18T05:06:21.1880888Z 
build	Set up Android SDK	2026-02-18T05:06:21.1881945Z 10.3 GOOGLE FURTHER EXPRESSLY DISCLAIMS ALL WARRANTIES AND CONDITIONS OF ANY KIND, WHETHER EXPRESS OR IMPLIED, INCLUDING, BUT NOT LIMITED TO THE IMPLIED WARRANTIES AND CONDITIONS OF MERCHANTABILITY, FITNESS FOR A PARTICULAR PURPOSE AND NON-INFRINGEMENT.
build	Set up Android SDK	2026-02-18T05:06:21.1882846Z 
build	Set up Android SDK	2026-02-18T05:06:21.1882852Z 
build	Set up Android SDK	2026-02-18T05:06:21.1882951Z 11. LIMITATION OF LIABILITY
build	Set up Android SDK	2026-02-18T05:06:21.1883092Z 
build	Set up Android SDK	2026-02-18T05:06:21.1885063Z 11.1 YOU EXPRESSLY UNDERSTAND AND AGREE THAT GOOGLE, ITS SUBSIDIARIES AND AFFILIATES, AND ITS LICENSORS SHALL NOT BE LIABLE TO YOU UNDER ANY THEORY OF LIABILITY FOR ANY DIRECT, INDIRECT, INCIDENTAL, SPECIAL, CONSEQUENTIAL OR EXEMPLARY DAMAGES THAT MAY BE INCURRED BY YOU, INCLUDING ANY LOSS OF DATA, WHETHER OR NOT GOOGLE OR ITS REPRESENTATIVES HAVE BEEN ADVISED OF OR SHOULD HAVE BEEN AWARE OF THE POSSIBILITY OF ANY SUCH LOSSES ARISING.
build	Set up Android SDK	2026-02-18T05:06:21.1886530Z 
build	Set up Android SDK	2026-02-18T05:06:21.1886536Z 
build	Set up Android SDK	2026-02-18T05:06:21.1886630Z 12. Indemnification
build	Set up Android SDK	2026-02-18T05:06:21.1886995Z 
build	Set up Android SDK	2026-02-18T05:06:21.1913498Z 12.1 To the maximum extent permitted by law, you agree to defend, indemnify and hold harmless Google, its affiliates and their respective directors, officers, employees and agents from and against any and all claims, actions, suits or proceedings, as well as any and all losses, liabilities, damages, costs and expenses (including reasonable attorneys fees) arising out of or accruing from (a) your use of the SDK, (b) any application you develop on the SDK that infringes any copyright, trademark, trade secret, trade dress, patent or other intellectual property right of any person or defames any person or violates their rights of publicity or privacy, and (c) any non-compliance by you with the License Agreement.
build	Set up Android SDK	2026-02-18T05:06:21.1918848Z 
build	Set up Android SDK	2026-02-18T05:06:21.1918870Z 
build	Set up Android SDK	2026-02-18T05:06:21.1919142Z 13. Changes to the License Agreement
build	Set up Android SDK	2026-02-18T05:06:21.1919461Z 
build	Set up Android SDK	2026-02-18T05:06:21.1921132Z 13.1 Google may make changes to the License Agreement as it distributes new versions of the SDK. When these changes are made, Google will make a new version of the License Agreement available on the website where the SDK is made available.
build	Set up Android SDK	2026-02-18T05:06:21.1922550Z 
build	Set up Android SDK	2026-02-18T05:06:21.1922561Z 
build	Set up Android SDK	2026-02-18T05:06:21.1922674Z 14. General Legal Terms
build	Set up Android SDK	2026-02-18T05:06:21.1922819Z 
build	Set up Android SDK	2026-02-18T05:06:21.1924059Z 14.1 The License Agreement constitutes the whole legal agreement between you and Google and governs your use of the SDK (excluding any services which Google may provide to you under a separate written agreement), and completely replaces any prior agreements between you and Google in relation to the SDK.
build	Set up Android SDK	2026-02-18T05:06:21.1925339Z 
build	Set up Android SDK	2026-02-18T05:06:21.1926620Z 14.2 You agree that if Google does not exercise or enforce any legal right or remedy which is contained in the License Agreement (or which Google has the benefit of under any applicable law), this will not be taken to be a formal waiver of Google's rights and that those rights or remedies will still be available to Google.
build	Set up Android SDK	2026-02-18T05:06:21.1927665Z 
build	Set up Android SDK	2026-02-18T05:06:21.1929239Z 14.3 If any court of law, having the jurisdiction to decide on this matter, rules that any provision of the License Agreement is invalid, then that provision will be removed from the License Agreement without affecting the rest of the License Agreement. The remaining provisions of the License Agreement will continue to be valid and enforceable.
build	Set up Android SDK	2026-02-18T05:06:21.1930382Z 
build	Set up Android SDK	2026-02-18T05:06:21.1932205Z 14.4 You acknowledge and agree that each member of the group of companies of which Google is the parent shall be third party beneficiaries to the License Agreement and that such other companies shall be entitled to directly enforce, and rely upon, any provision of the License Agreement that confers a benefit on (or rights in favor of) them. Other than this, no other person or company shall be third party beneficiaries to the License Agreement.
build	Set up Android SDK	2026-02-18T05:06:21.1933820Z 
build	Set up Android SDK	2026-02-18T05:06:21.1935200Z 14.5 EXPORT RESTRICTIONS. THE SDK IS SUBJECT TO UNITED STATES EXPORT LAWS AND REGULATIONS. YOU MUST COMPLY WITH ALL DOMESTIC AND INTERNATIONAL EXPORT LAWS AND REGULATIONS THAT APPLY TO THE SDK. THESE LAWS INCLUDE RESTRICTIONS ON DESTINATIONS, END USERS AND END USE.
build	Set up Android SDK	2026-02-18T05:06:21.1936118Z 
build	Set up Android SDK	2026-02-18T05:06:21.1937500Z 14.6 The rights granted in the License Agreement may not be assigned or transferred by either you or Google without the prior written approval of the other party. Neither you nor Google shall be permitted to delegate their responsibilities or obligations under the License Agreement without the prior written approval of the other party.
build	Set up Android SDK	2026-02-18T05:06:21.1938649Z 
build	Set up Android SDK	2026-02-18T05:06:21.1940920Z 14.7 The License Agreement, and your relationship with Google under the License Agreement, shall be governed by the laws of the State of California without regard to its conflict of laws provisions. You and Google agree to submit to the exclusive jurisdiction of the courts located within the county of Santa Clara, California to resolve any legal matter arising from the License Agreement. Notwithstanding this, you agree that Google shall still be allowed to apply for injunctive remedies (or an equivalent type of urgent legal relief) in any jurisdiction.
build	Set up Android SDK	2026-02-18T05:06:21.1942796Z 
build	Set up Android SDK	2026-02-18T05:06:21.1942802Z 
build	Set up Android SDK	2026-02-18T05:06:21.1942884Z January 16, 2019
build	Set up Android SDK	2026-02-18T05:06:21.1943138Z ---------------------------------------
build	Set up Android SDK	2026-02-18T05:06:21.1943389Z Accept? (y/N): 
build	Set up Android SDK	2026-02-18T05:06:21.1943650Z 4/6: License android-sdk-preview-license:
build	Set up Android SDK	2026-02-18T05:06:21.1943967Z ---------------------------------------
build	Set up Android SDK	2026-02-18T05:06:21.1945958Z To get started with the Android SDK Preview, you must agree to the following terms and conditions. As described below, please note that this is a preview version of the Android SDK, subject to change, that you use at your own risk. The Android SDK Preview is not a stable release, and may contain errors and defects that can result in serious damage to your computer systems, devices and data.
build	Set up Android SDK	2026-02-18T05:06:21.1947255Z 
build	Set up Android SDK	2026-02-18T05:06:21.1947525Z This is the Android SDK Preview License Agreement (the "License Agreement").
build	Set up Android SDK	2026-02-18T05:06:21.1947820Z 
build	Set up Android SDK	2026-02-18T05:06:21.1947897Z 1. Introduction
build	Set up Android SDK	2026-02-18T05:06:21.1948007Z 
build	Set up Android SDK	2026-02-18T05:06:21.1949999Z 1.1 The Android SDK Preview (referred to in the License Agreement as the “Preview” and specifically including the Android system files, packaged APIs, and Preview library files, if and when they are made available) is licensed to you subject to the terms of the License Agreement. The License Agreement forms a legally binding contract between you and Google in relation to your use of the Preview.
build	Set up Android SDK	2026-02-18T05:06:21.1951375Z 
build	Set up Android SDK	2026-02-18T05:06:21.1952243Z 1.2 "Android" means the Android software stack for devices, as made available under the Android Open Source Project, which is located at the following URL: http://source.android.com/, as updated from time to time.
build	Set up Android SDK	2026-02-18T05:06:21.1952987Z 
build	Set up Android SDK	2026-02-18T05:06:21.1953602Z 1.3 "Google" means Google Inc., a Delaware corporation with principal place of business at 1600 Amphitheatre Parkway, Mountain View, CA 94043, United States.
build	Set up Android SDK	2026-02-18T05:06:21.1954615Z 
build	Set up Android SDK	2026-02-18T05:06:21.1954766Z 2. Accepting the License Agreement
build	Set up Android SDK	2026-02-18T05:06:21.1954948Z 
build	Set up Android SDK	2026-02-18T05:06:21.1955518Z 2.1 In order to use the Preview, you must first agree to the License Agreement. You may not use the Preview if you do not accept the License Agreement.
build	Set up Android SDK	2026-02-18T05:06:21.1956028Z 
build	Set up Android SDK	2026-02-18T05:06:21.1956421Z 2.2 By clicking to accept and/or using the Preview, you hereby agree to the terms of the License Agreement.
build	Set up Android SDK	2026-02-18T05:06:21.1956800Z 
build	Set up Android SDK	2026-02-18T05:06:21.1957831Z 2.3 You may not use the Preview and may not accept the License Agreement if you are a person barred from receiving the Preview under the laws of the United States or other countries including the country in which you are resident or from which you use the Preview.
build	Set up Android SDK	2026-02-18T05:06:21.1958852Z 
build	Set up Android SDK	2026-02-18T05:06:21.1960629Z 2.4 If you will use the Preview internally within your company or organization you agree to be bound by the License Agreement on behalf of your employer or other entity, and you represent and warrant that you have full legal authority to bind your employer or such entity to the License Agreement. If you do not have the requisite authority, you may not accept the License Agreement or use the Preview on behalf of your employer or other entity.
build	Set up Android SDK	2026-02-18T05:06:21.1962089Z 
build	Set up Android SDK	2026-02-18T05:06:21.1962214Z 3. Preview License from Google
build	Set up Android SDK	2026-02-18T05:06:21.1962375Z 
build	Set up Android SDK	2026-02-18T05:06:21.1963640Z 3.1 Subject to the terms of the License Agreement, Google grants you a royalty-free, non-assignable, non-exclusive, non-sublicensable, limited, revocable license to use the Preview, personally or internally within your company or organization, solely to develop applications to run on the Android platform.
build	Set up Android SDK	2026-02-18T05:06:21.1965051Z 
build	Set up Android SDK	2026-02-18T05:06:21.1966685Z 3.2 You agree that Google or third parties owns all legal right, title and interest in and to the Preview, including any Intellectual Property Rights that subsist in the Preview. "Intellectual Property Rights" means any and all rights under patent law, copyright law, trade secret law, trademark law, and any and all other proprietary rights. Google reserves all rights not expressly granted to you.
build	Set up Android SDK	2026-02-18T05:06:21.1968040Z 
build	Set up Android SDK	2026-02-18T05:06:21.1970479Z 3.3 You may not use the Preview for any purpose not expressly permitted by the License Agreement. Except to the extent required by applicable third party licenses, you may not: (a) copy (except for backup purposes), modify, adapt, redistribute, decompile, reverse engineer, disassemble, or create derivative works of the Preview or any part of the Preview; or (b) load any part of the Preview onto a mobile handset or any other hardware device except a personal computer, combine any part of the Preview with other software, or distribute any software or device incorporating a part of the Preview.
build	Set up Android SDK	2026-02-18T05:06:21.1972444Z 
build	Set up Android SDK	2026-02-18T05:06:21.1973460Z 3.4 You agree that you will not take any actions that may cause or result in the fragmentation of Android, including but not limited to distributing, participating in the creation of, or promoting in any way a software development kit derived from the Preview.
build	Set up Android SDK	2026-02-18T05:06:21.1974671Z 
build	Set up Android SDK	2026-02-18T05:06:21.1976413Z 3.5 Use, reproduction and distribution of components of the Preview licensed under an open source software license are governed solely by the terms of that open source software license and not the License Agreement. You agree to remain a licensee in good standing in regard to such open source software licenses under all the rights granted and to refrain from any actions that may terminate, suspend, or breach such rights.
build	Set up Android SDK	2026-02-18T05:06:21.1977818Z 
build	Set up Android SDK	2026-02-18T05:06:21.1979620Z 3.6 You agree that the form and nature of the Preview that Google provides may change without prior notice to you and that future versions of the Preview may be incompatible with applications developed on previous versions of the Preview. You agree that Google may stop (permanently or temporarily) providing the Preview (or any features within the Preview) to you or to users generally at Google's sole discretion, without prior notice to you.
build	Set up Android SDK	2026-02-18T05:06:21.1981252Z 
build	Set up Android SDK	2026-02-18T05:06:21.1981964Z 3.7 Nothing in the License Agreement gives you a right to use any of Google's trade names, trademarks, service marks, logos, domain names, or other distinctive brand features.
build	Set up Android SDK	2026-02-18T05:06:21.1982556Z 
build	Set up Android SDK	2026-02-18T05:06:21.1983301Z 3.8 You agree that you will not remove, obscure, or alter any proprietary rights notices (including copyright and trademark notices) that may be affixed to or contained within the Preview.
build	Set up Android SDK	2026-02-18T05:06:21.1983956Z 
build	Set up Android SDK	2026-02-18T05:06:21.1984058Z 4. Use of the Preview by You
build	Set up Android SDK	2026-02-18T05:06:21.1984347Z 
build	Set up Android SDK	2026-02-18T05:06:21.1985571Z 4.1 Google agrees that nothing in the License Agreement gives Google any right, title or interest from you (or your licensors) under the License Agreement in or to any software applications that you develop using the Preview, including any intellectual property rights that subsist in those applications.
build	Set up Android SDK	2026-02-18T05:06:21.1986725Z 
build	Set up Android SDK	2026-02-18T05:06:21.1988180Z 4.2 You agree to use the Preview and write applications only for purposes that are permitted by (a) the License Agreement, and (b) any applicable law, regulation or generally accepted practices or guidelines in the relevant jurisdictions (including any laws regarding the export of data or software to and from the United States or other relevant countries).
build	Set up Android SDK	2026-02-18T05:06:21.1989374Z 
build	Set up Android SDK	2026-02-18T05:06:21.1992382Z 4.3 You agree that if you use the Preview to develop applications, you will protect the privacy and legal rights of users. If users provide you with user names, passwords, or other login information or personal information, you must make the users aware that the information will be available to your application, and you must provide legally adequate privacy notice and protection for those users. If your application stores personal or sensitive information provided by users, it must do so securely. If users provide you with Google Account information, your application may only use that information to access the user's Google Account when, and for the limited purposes for which, each user has given you permission to do so.
build	Set up Android SDK	2026-02-18T05:06:21.1994914Z 
build	Set up Android SDK	2026-02-18T05:06:21.1996105Z 4.4 You agree that you will not engage in any activity with the Preview, including the development or distribution of an application, that interferes with, disrupts, damages, or accesses in an unauthorized manner the servers, networks, or other properties or services of Google or any third party.
build	Set up Android SDK	2026-02-18T05:06:21.1997106Z 
build	Set up Android SDK	2026-02-18T05:06:21.1998499Z 4.5 You agree that you are solely responsible for (and that Google has no responsibility to you or to any third party for) any data, content, or resources that you create, transmit or display through Android and/or applications for Android, and for the consequences of your actions (including any loss or damage which Google may suffer) by doing so.
build	Set up Android SDK	2026-02-18T05:06:21.1999659Z 
build	Set up Android SDK	2026-02-18T05:06:21.2001237Z 4.6 You agree that you are solely responsible for (and that Google has no responsibility to you or to any third party for) any breach of your obligations under the License Agreement, any applicable third party contract or Terms of Service, or any applicable law or regulation, and for the consequences (including any loss or damage which Google or any third party may suffer) of any such breach.
build	Set up Android SDK	2026-02-18T05:06:21.2002538Z 
build	Set up Android SDK	2026-02-18T05:06:21.2004699Z 4.7 The Preview is in development, and your testing and feedback are an important part of the development process. By using the Preview, you acknowledge that implementation of some features are still under development and that you should not rely on the Preview having the full functionality of a stable release. You agree not to publicly distribute or ship any application using this Preview as this Preview will no longer be supported after the official Android SDK is released.
build	Set up Android SDK	2026-02-18T05:06:21.2006304Z 
build	Set up Android SDK	2026-02-18T05:06:21.2006416Z 5. Your Developer Credentials
build	Set up Android SDK	2026-02-18T05:06:21.2006706Z 
build	Set up Android SDK	2026-02-18T05:06:21.2007848Z 5.1 You agree that you are responsible for maintaining the confidentiality of any developer credentials that may be issued to you by Google or which you may choose yourself and that you will be solely responsible for all applications that are developed under your developer credentials.
build	Set up Android SDK	2026-02-18T05:06:21.2008824Z 
build	Set up Android SDK	2026-02-18T05:06:21.2008923Z 6. Privacy and Information
build	Set up Android SDK	2026-02-18T05:06:21.2009060Z 
build	Set up Android SDK	2026-02-18T05:06:21.2011065Z 6.1 In order to continually innovate and improve the Preview, Google may collect certain usage statistics from the software including but not limited to a unique identifier, associated IP address, version number of the software, and information on which tools and/or services in the Preview are being used and how they are being used. Before any of this information is collected, the Preview will notify you and seek your consent. If you withhold consent, the information will not be collected.
build	Set up Android SDK	2026-02-18T05:06:21.2012800Z 
build	Set up Android SDK	2026-02-18T05:06:21.2013554Z 6.2 The data collected is examined in the aggregate to improve the Preview and is maintained in accordance with Google's Privacy Policy located at http://www.google.com/policies/privacy/.
build	Set up Android SDK	2026-02-18T05:06:21.2014482Z 
build	Set up Android SDK	2026-02-18T05:06:21.2014607Z 7. Third Party Applications
build	Set up Android SDK	2026-02-18T05:06:21.2014756Z 
build	Set up Android SDK	2026-02-18T05:06:21.2017177Z 7.1 If you use the Preview to run applications developed by a third party or that access data, content or resources provided by a third party, you agree that Google is not responsible for those applications, data, content, or resources. You understand that all data, content or resources which you may access through such third party applications are the sole responsibility of the person from which they originated and that Google is not liable for any loss or damage that you may experience as a result of the use or access of any of those third party applications, data, content, or resources.
build	Set up Android SDK	2026-02-18T05:06:21.2019126Z 
build	Set up Android SDK	2026-02-18T05:06:21.2021086Z 7.2 You should be aware the data, content, and resources presented to you through such a third party application may be protected by intellectual property rights which are owned by the providers (or by other persons or companies on their behalf). You may not modify, rent, lease, loan, sell, distribute or create derivative works based on these data, content, or resources (either in whole or in part) unless you have been specifically given permission to do so by the relevant owners.
build	Set up Android SDK	2026-02-18T05:06:21.2022679Z 
build	Set up Android SDK	2026-02-18T05:06:21.2023333Z 7.3 You acknowledge that your use of such third party applications, data, content, or resources may be subject to separate terms between you and the relevant third party.
build	Set up Android SDK	2026-02-18T05:06:21.2023926Z 
build	Set up Android SDK	2026-02-18T05:06:21.2024013Z 8. Using Google APIs
build	Set up Android SDK	2026-02-18T05:06:21.2024374Z 
build	Set up Android SDK	2026-02-18T05:06:21.2024462Z 8.1 Google APIs
build	Set up Android SDK	2026-02-18T05:06:21.2024582Z 
build	Set up Android SDK	2026-02-18T05:06:21.2026598Z 8.1.1 If you use any API to retrieve data from Google, you acknowledge that the data may be protected by intellectual property rights which are owned by Google or those parties that provide the data (or by other persons or companies on their behalf). Your use of any such API may be subject to additional Terms of Service. You may not modify, rent, lease, loan, sell, distribute or create derivative works based on this data (either in whole or in part) unless allowed by the relevant Terms of Service.
build	Set up Android SDK	2026-02-18T05:06:21.2028227Z 
build	Set up Android SDK	2026-02-18T05:06:21.2029215Z 8.1.2 If you use any API to retrieve a user's data from Google, you acknowledge and agree that you shall retrieve data only with the user's explicit consent and only when, and for the limited purposes for which, the user has given you permission to do so.
build	Set up Android SDK	2026-02-18T05:06:21.2030047Z 
build	Set up Android SDK	2026-02-18T05:06:21.2030177Z 9. Terminating the License Agreement
build	Set up Android SDK	2026-02-18T05:06:21.2030360Z 
build	Set up Android SDK	2026-02-18T05:06:21.2030754Z 9.1 the License Agreement will continue to apply until terminated by either you or Google as set out below.
build	Set up Android SDK	2026-02-18T05:06:21.2031303Z 
build	Set up Android SDK	2026-02-18T05:06:21.2031819Z 9.2 If you want to terminate the License Agreement, you may do so by ceasing your use of the Preview and any relevant developer credentials.
build	Set up Android SDK	2026-02-18T05:06:21.2032290Z 
build	Set up Android SDK	2026-02-18T05:06:21.2032662Z 9.3 Google may at any time, terminate the License Agreement, with or without cause, upon notice to you.
build	Set up Android SDK	2026-02-18T05:06:21.2033029Z 
build	Set up Android SDK	2026-02-18T05:06:21.2034547Z 9.4 The License Agreement will automatically terminate without notice or other action upon the earlier of: (A) when Google ceases to provide the Preview or certain parts of the Preview to users in the country in which you are resident or from which you use the service; and (B) Google issues a final release version of the Android SDK.
build	Set up Android SDK	2026-02-18T05:06:21.2035657Z 
build	Set up Android SDK	2026-02-18T05:06:21.2036611Z 9.5 When the License Agreement is terminated, the license granted to you in the License Agreement will terminate, you will immediately cease all use of the Preview, and the provisions of paragraphs 10, 11, 12 and 14 shall survive indefinitely.
build	Set up Android SDK	2026-02-18T05:06:21.2037559Z 
build	Set up Android SDK	2026-02-18T05:06:21.2037634Z 10. DISCLAIMERS
build	Set up Android SDK	2026-02-18T05:06:21.2037743Z 
build	Set up Android SDK	2026-02-18T05:06:21.2038462Z 10.1 YOU EXPRESSLY UNDERSTAND AND AGREE THAT YOUR USE OF THE PREVIEW IS AT YOUR SOLE RISK AND THAT THE PREVIEW IS PROVIDED "AS IS" AND "AS AVAILABLE" WITHOUT WARRANTY OF ANY KIND FROM GOOGLE.
build	Set up Android SDK	2026-02-18T05:06:21.2039092Z 
build	Set up Android SDK	2026-02-18T05:06:21.2041350Z 10.2 YOUR USE OF THE PREVIEW AND ANY MATERIAL DOWNLOADED OR OTHERWISE OBTAINED THROUGH THE USE OF THE PREVIEW IS AT YOUR OWN DISCRETION AND RISK AND YOU ARE SOLELY RESPONSIBLE FOR ANY DAMAGE TO YOUR COMPUTER SYSTEM OR OTHER DEVICE OR LOSS OF DATA THAT RESULTS FROM SUCH USE. WITHOUT LIMITING THE FOREGOING, YOU UNDERSTAND THAT THE PREVIEW IS NOT A STABLE RELEASE AND MAY CONTAIN ERRORS, DEFECTS AND SECURITY VULNERABILITIES THAT CAN RESULT IN SIGNIFICANT DAMAGE, INCLUDING THE COMPLETE, IRRECOVERABLE LOSS OF USE OF YOUR COMPUTER SYSTEM OR OTHER DEVICE.
build	Set up Android SDK	2026-02-18T05:06:21.2043193Z 
build	Set up Android SDK	2026-02-18T05:06:21.2044431Z 10.3 GOOGLE FURTHER EXPRESSLY DISCLAIMS ALL WARRANTIES AND CONDITIONS OF ANY KIND, WHETHER EXPRESS OR IMPLIED, INCLUDING, BUT NOT LIMITED TO THE IMPLIED WARRANTIES AND CONDITIONS OF MERCHANTABILITY, FITNESS FOR A PARTICULAR PURPOSE AND NON-INFRINGEMENT.
build	Set up Android SDK	2026-02-18T05:06:21.2045329Z 
build	Set up Android SDK	2026-02-18T05:06:21.2045436Z 11. LIMITATION OF LIABILITY
build	Set up Android SDK	2026-02-18T05:06:21.2045583Z 
build	Set up Android SDK	2026-02-18T05:06:21.2047353Z 11.1 YOU EXPRESSLY UNDERSTAND AND AGREE THAT GOOGLE, ITS SUBSIDIARIES AND AFFILIATES, AND ITS LICENSORS SHALL NOT BE LIABLE TO YOU UNDER ANY THEORY OF LIABILITY FOR ANY DIRECT, INDIRECT, INCIDENTAL, SPECIAL, CONSEQUENTIAL OR EXEMPLARY DAMAGES THAT MAY BE INCURRED BY YOU, INCLUDING ANY LOSS OF DATA, WHETHER OR NOT GOOGLE OR ITS REPRESENTATIVES HAVE BEEN ADVISED OF OR SHOULD HAVE BEEN AWARE OF THE POSSIBILITY OF ANY SUCH LOSSES ARISING.
build	Set up Android SDK	2026-02-18T05:06:21.2048816Z 
build	Set up Android SDK	2026-02-18T05:06:21.2048905Z 12. Indemnification
build	Set up Android SDK	2026-02-18T05:06:21.2049022Z 
build	Set up Android SDK	2026-02-18T05:06:21.2052155Z 12.1 To the maximum extent permitted by law, you agree to defend, indemnify and hold harmless Google, its affiliates and their respective directors, officers, employees and agents from and against any and all claims, actions, suits or proceedings, as well as any and all losses, liabilities, damages, costs and expenses (including reasonable attorneys’ fees) arising out of or accruing from (a) your use of the Preview, (b) any application you develop on the Preview that infringes any Intellectual Property Rights of any person or defames any person or violates their rights of publicity or privacy, and (c) any non-compliance by you of the License Agreement.
build	Set up Android SDK	2026-02-18T05:06:21.2054657Z 
build	Set up Android SDK	2026-02-18T05:06:21.2054810Z 13. Changes to the License Agreement
build	Set up Android SDK	2026-02-18T05:06:21.2054984Z 
build	Set up Android SDK	2026-02-18T05:06:21.2055952Z 13.1 Google may make changes to the License Agreement as it distributes new versions of the Preview. When these changes are made, Google will make a new version of the License Agreement available on the website where the Preview is made available.
build	Set up Android SDK	2026-02-18T05:06:21.2056987Z 
build	Set up Android SDK	2026-02-18T05:06:21.2057083Z 14. General Legal Terms
build	Set up Android SDK	2026-02-18T05:06:21.2057227Z 
build	Set up Android SDK	2026-02-18T05:06:21.2058496Z 14.1 the License Agreement constitutes the whole legal agreement between you and Google and governs your use of the Preview (excluding any services which Google may provide to you under a separate written agreement), and completely replaces any prior agreements between you and Google in relation to the Preview.
build	Set up Android SDK	2026-02-18T05:06:21.2059562Z 
build	Set up Android SDK	2026-02-18T05:06:21.2060827Z 14.2 You agree that if Google does not exercise or enforce any legal right or remedy which is contained in the License Agreement (or which Google has the benefit of under any applicable law), this will not be taken to be a formal waiver of Google's rights and that those rights or remedies will still be available to Google.
build	Set up Android SDK	2026-02-18T05:06:21.2061994Z 
build	Set up Android SDK	2026-02-18T05:06:21.2063392Z 14.3 If any court of law, having the jurisdiction to decide on this matter, rules that any provision of the License Agreement is invalid, then that provision will be removed from the License Agreement without affecting the rest of the License Agreement. The remaining provisions of the License Agreement will continue to be valid and enforceable.
build	Set up Android SDK	2026-02-18T05:06:21.2064832Z 
build	Set up Android SDK	2026-02-18T05:06:21.2066647Z 14.4 You acknowledge and agree that each member of the group of companies of which Google is the parent shall be third party beneficiaries to the License Agreement and that such other companies shall be entitled to directly enforce, and rely upon, any provision of the License Agreement that confers a benefit on (or rights in favor of) them. Other than this, no other person or company shall be third party beneficiaries to the License Agreement.
build	Set up Android SDK	2026-02-18T05:06:21.2068110Z 
build	Set up Android SDK	2026-02-18T05:06:21.2069212Z 14.5 EXPORT RESTRICTIONS. THE PREVIEW IS SUBJECT TO UNITED STATES EXPORT LAWS AND REGULATIONS. YOU MUST COMPLY WITH ALL DOMESTIC AND INTERNATIONAL EXPORT LAWS AND REGULATIONS THAT APPLY TO THE PREVIEW. THESE LAWS INCLUDE RESTRICTIONS ON DESTINATIONS, END USERS AND END USE.
build	Set up Android SDK	2026-02-18T05:06:21.2070156Z 
build	Set up Android SDK	2026-02-18T05:06:21.2071418Z 14.6 The License Agreement may not be assigned or transferred by you without the prior written approval of Google, and any attempted assignment without such approval will be void. You shall not delegate your responsibilities or obligations under the License Agreement without the prior written approval of Google.
build	Set up Android SDK	2026-02-18T05:06:21.2072486Z 
build	Set up Android SDK	2026-02-18T05:06:21.2074879Z 14.7 The License Agreement, and your relationship with Google under the License Agreement, shall be governed by the laws of the State of California without regard to its conflict of laws provisions. You and Google agree to submit to the exclusive jurisdiction of the courts located within the county of Santa Clara, California to resolve any legal matter arising from the License Agreement. Notwithstanding this, you agree that Google shall still be allowed to apply for injunctive remedies (or an equivalent type of urgent legal relief) in any jurisdiction.
build	Set up Android SDK	2026-02-18T05:06:21.2076750Z 
build	Set up Android SDK	2026-02-18T05:06:21.2076825Z June 2014.
build	Set up Android SDK	2026-02-18T05:06:21.2077054Z ---------------------------------------
build	Set up Android SDK	2026-02-18T05:06:21.2077301Z Accept? (y/N): 
build	Set up Android SDK	2026-02-18T05:06:21.2077534Z 5/6: License google-gdk-license:
build	Set up Android SDK	2026-02-18T05:06:21.2077817Z ---------------------------------------
build	Set up Android SDK	2026-02-18T05:06:21.2078201Z This is a Developer Preview of the GDK that is subject to change.
build	Set up Android SDK	2026-02-18T05:06:21.2078461Z 
build	Set up Android SDK	2026-02-18T05:06:21.2078551Z Terms and Conditions
build	Set up Android SDK	2026-02-18T05:06:21.2078674Z 
build	Set up Android SDK	2026-02-18T05:06:21.2078853Z This is the Glass Development Kit License Agreement.
build	Set up Android SDK	2026-02-18T05:06:21.2079065Z 
build	Set up Android SDK	2026-02-18T05:06:21.2079144Z 1. Introduction
build	Set up Android SDK	2026-02-18T05:06:21.2079252Z 
build	Set up Android SDK	2026-02-18T05:06:21.2080819Z 1.1 The Glass Development Kit (referred to in this License Agreement as the "GDK" and specifically including the Android system files, packaged APIs, and GDK library files, if and when they are made available) is licensed to you subject to the terms of this License Agreement. This License Agreement forms a legally binding contract between you and Google in relation to your use of the GDK.
build	Set up Android SDK	2026-02-18T05:06:21.2082314Z 
build	Set up Android SDK	2026-02-18T05:06:21.2082612Z 1.2 "Glass" means Glass devices and the Glass software stack for use on Glass devices.
build	Set up Android SDK	2026-02-18T05:06:21.2082933Z 
build	Set up Android SDK	2026-02-18T05:06:21.2082939Z 
build	Set up Android SDK	2026-02-18T05:06:21.2083778Z 1.3 "Android" means the Android software stack for devices, as made available under the Android Open Source Project, which is located at the following URL: http://source.android.com/, as updated from time to time.
build	Set up Android SDK	2026-02-18T05:06:21.2084753Z 
build	Set up Android SDK	2026-02-18T05:06:21.2085372Z 1.4 "Google" means Google Inc., a Delaware corporation with principal place of business at 1600 Amphitheatre Parkway, Mountain View, CA 94043, United States.
build	Set up Android SDK	2026-02-18T05:06:21.2085919Z 
build	Set up Android SDK	2026-02-18T05:06:21.2086049Z 2. Accepting this License Agreement
build	Set up Android SDK	2026-02-18T05:06:21.2086384Z 
build	Set up Android SDK	2026-02-18T05:06:21.2086912Z 2.1 In order to use the GDK, you must first agree to this License Agreement. You may not use the GDK if you do not accept this License Agreement.
build	Set up Android SDK	2026-02-18T05:06:21.2087409Z 
build	Set up Android SDK	2026-02-18T05:06:21.2087696Z 2.2 By clicking to accept, you hereby agree to the terms of this License Agreement.
build	Set up Android SDK	2026-02-18T05:06:21.2088000Z 
build	Set up Android SDK	2026-02-18T05:06:21.2088971Z 2.3 You may not use the GDK and may not accept the License Agreement if you are a person barred from receiving the GDK under the laws of the United States or other countries including the country in which you are resident or from which you use the GDK.
build	Set up Android SDK	2026-02-18T05:06:21.2089794Z 
build	Set up Android SDK	2026-02-18T05:06:21.2091271Z 2.4 If you are agreeing to be bound by this License Agreement on behalf of your employer or other entity, you represent and warrant that you have full legal authority to bind your employer or such entity to this License Agreement. If you do not have the requisite authority, you may not accept the License Agreement or use the GDK on behalf of your employer or other entity.
build	Set up Android SDK	2026-02-18T05:06:21.2092501Z 
build	Set up Android SDK	2026-02-18T05:06:21.2092600Z 3. GDK License from Google
build	Set up Android SDK	2026-02-18T05:06:21.2092751Z 
build	Set up Android SDK	2026-02-18T05:06:21.2093721Z 3.1 Subject to the terms of this License Agreement, Google grants you a limited, worldwide, royalty-free, non-assignable and non-exclusive license to use the GDK solely to develop applications to run on the Glass platform for Glass devices.
build	Set up Android SDK	2026-02-18T05:06:21.2094848Z 
build	Set up Android SDK	2026-02-18T05:06:21.2096435Z 3.2 You agree that Google or third parties own all legal right, title and interest in and to the GDK, including any Intellectual Property Rights that subsist in the GDK. "Intellectual Property Rights" means any and all rights under patent law, copyright law, trade secret law, trademark law, and any and all other proprietary rights. Google reserves all rights not expressly granted to you.
build	Set up Android SDK	2026-02-18T05:06:21.2097739Z 
build	Set up Android SDK	2026-02-18T05:06:21.2100710Z 3.3 You may not use the GDK for any purpose not expressly permitted by this License Agreement. Except to the extent required by applicable third party licenses, you may not: (a) copy (except for backup purposes), modify, adapt, redistribute, decompile, reverse engineer, disassemble, or create derivative works of the GDK or any part of the GDK; or (b) load any part of the GDK onto a mobile handset or wearable computing device or any other hardware device except a Glass device personal computer, combine any part of the GDK with other software, or distribute any software or device incorporating a part of the GDK.
build	Set up Android SDK	2026-02-18T05:06:21.2102779Z 
build	Set up Android SDK	2026-02-18T05:06:21.2103790Z 3.4 You agree that you will not take any actions that may cause or result in the fragmentation of Glass, including but not limited to distributing, participating in the creation of, or promoting in any way a software development kit derived from the GDK.
build	Set up Android SDK	2026-02-18T05:06:21.2104889Z 
build	Set up Android SDK	2026-02-18T05:06:21.2105739Z 3.5 Use, reproduction and distribution of components of the GDK licensed under an open source software license are governed solely by the terms of that open source software license and not this License Agreement.
build	Set up Android SDK	2026-02-18T05:06:21.2106469Z 
build	Set up Android SDK	2026-02-18T05:06:21.2108339Z 3.6 You agree that the form and nature of the GDK that Google provides may change without prior notice to you and that future versions of the GDK may be incompatible with applications developed on previous versions of the GDK. You agree that Google may stop (permanently or temporarily) providing the GDK (or any features within the GDK) to you or to users generally at Google's sole discretion, without prior notice to you.
build	Set up Android SDK	2026-02-18T05:06:21.2109726Z 
build	Set up Android SDK	2026-02-18T05:06:21.2110403Z 3.7 Nothing in this License Agreement gives you a right to use any of Google's trade names, trademarks, service marks, logos, domain names, or other distinctive brand features.
build	Set up Android SDK	2026-02-18T05:06:21.2111000Z 
build	Set up Android SDK	2026-02-18T05:06:21.2111715Z 3.8 You agree that you will not remove, obscure, or alter any proprietary rights notices (including copyright and trademark notices) that may be affixed to or contained within the GDK.
build	Set up Android SDK	2026-02-18T05:06:21.2112466Z 
build	Set up Android SDK	2026-02-18T05:06:21.2112473Z 
build	Set up Android SDK	2026-02-18T05:06:21.2113929Z 3.9 Your use of any Android system files, packaged APIs, or other components of the GDK which are part of the Android Software Development Kit is subject to the terms of the Android Software Development Kit License Agreement located at http://developer.android.com/sdk/terms.html. These terms are hereby incorporated by reference into this License Agreement.
build	Set up Android SDK	2026-02-18T05:06:21.2115279Z 
build	Set up Android SDK	2026-02-18T05:06:21.2115377Z 4. Use of the GDK by You
build	Set up Android SDK	2026-02-18T05:06:21.2115516Z 
build	Set up Android SDK	2026-02-18T05:06:21.2116577Z 4.1 Google agrees that it obtains no right, title or interest from you (or your licensors) under this License Agreement in or to any software applications that you develop using the GDK, including any intellectual property rights that subsist in those applications.
build	Set up Android SDK	2026-02-18T05:06:21.2117470Z 
build	Set up Android SDK	2026-02-18T05:06:21.2120191Z 4.2 You agree to use the GDK and write applications only for purposes that are permitted by (a) this License Agreement, (b) the Glass Platform Developer Policies (located at https://developers.google.com/glass/policies, and hereby incorporated into this License Agreement by reference), and (c) any applicable law, regulation or generally accepted practices or guidelines in the relevant jurisdictions (including any laws regarding the export of data or software to and from the United States or other relevant countries).
build	Set up Android SDK	2026-02-18T05:06:21.2123440Z 
build	Set up Android SDK	2026-02-18T05:06:21.2128357Z 4.3 You agree that if you use the GDK to develop applications for general public users, you will protect the privacy and legal rights of those users. If the users provide you with user names, passwords, or other login information or personal information, you must make the users aware that the information will be available to your application, and you must provide legally adequate privacy notice and protection for those users. If your application stores personal or sensitive information provided by users, it must do so securely. If the user provides your application with Google Account information, your application may only use that information to access the user's Google Account when, and for the limited purposes for which, the user has given you permission to do so.
build	Set up Android SDK	2026-02-18T05:06:21.2132127Z 
build	Set up Android SDK	2026-02-18T05:06:21.2133845Z 4.4 You agree that you will not engage in any activity with the GDK, including the development or distribution of an application, that interferes with, disrupts, damages, or accesses in an unauthorized manner the servers, networks, or other properties or services of any third party including, but not limited to, Google.
build	Set up Android SDK	2026-02-18T05:06:21.2135205Z 
build	Set up Android SDK	2026-02-18T05:06:21.2136605Z 4.5 You agree that you are solely responsible for (and that Google has no responsibility to you or to any third party for) any data, content, or resources that you create, transmit or display through Glass and/or applications for Glass, and for the consequences of your actions (including any loss or damage which Google may suffer) by doing so.
build	Set up Android SDK	2026-02-18T05:06:21.2137756Z 
build	Set up Android SDK	2026-02-18T05:06:21.2139347Z 4.6 You agree that you are solely responsible for (and that Google has no responsibility to you or to any third party for) any breach of your obligations under this License Agreement, any applicable third party contract or Terms of Service, or any applicable law or regulation, and for the consequences (including any loss or damage which Google or any third party may suffer) of any such breach.
build	Set up Android SDK	2026-02-18T05:06:21.2140838Z 
build	Set up Android SDK	2026-02-18T05:06:21.2140846Z 
build	Set up Android SDK	2026-02-18T05:06:21.2142374Z 4.7 The GDK is in development, and your testing and feedback are an important part of the development process. By using the GDK, you acknowledge that implementation of some features are still under development and that you should not rely on the GDK, Glass devices, Glass system software, Google Mirror API, or Glass services having the full functionality of a stable release.
build	Set up Android SDK	2026-02-18T05:06:21.2143776Z 
build	Set up Android SDK	2026-02-18T05:06:21.2143894Z 5. Your Developer Credentials
build	Set up Android SDK	2026-02-18T05:06:21.2144050Z 
build	Set up Android SDK	2026-02-18T05:06:21.2145426Z 5.1 You agree that you are responsible for maintaining the confidentiality of any developer credentials that may be issued to you by Google or which you may choose yourself and that you will be solely responsible for all applications that are developed under your developer credentials.
build	Set up Android SDK	2026-02-18T05:06:21.2146409Z 
build	Set up Android SDK	2026-02-18T05:06:21.2146513Z 6. Privacy and Information
build	Set up Android SDK	2026-02-18T05:06:21.2146656Z 
build	Set up Android SDK	2026-02-18T05:06:21.2146663Z 
build	Set up Android SDK	2026-02-18T05:06:21.2148739Z 6.1 In order to continually innovate and improve the GDK, Google may collect certain usage statistics from the software including but not limited to a unique identifier, associated IP address, version number of the software, and information on which tools and/or services in the GDK are being used and how they are being used. Before any of this information is collected, the GDK will notify you and seek your consent. If you withhold consent, the information will not be collected.
build	Set up Android SDK	2026-02-18T05:06:21.2151115Z 
build	Set up Android SDK	2026-02-18T05:06:21.2151653Z 6.2 The data collected is examined in the aggregate to improve the GDK and is maintained in accordance with Google's Privacy Policy.
build	Set up Android SDK	2026-02-18T05:06:21.2152142Z 
build	Set up Android SDK	2026-02-18T05:06:21.2152257Z 7. Third Party Applications
build	Set up Android SDK	2026-02-18T05:06:21.2152408Z 
build	Set up Android SDK	2026-02-18T05:06:21.2155635Z 7.1 If you use the GDK to run applications developed by a third party or that access data, content or resources provided by a third party, you agree that Google is not responsible for those applications, data, content, or resources. You understand that all data, content or resources which you may access through such third party applications are the sole responsibility of the person from which they originated and that Google is not liable for any loss or damage that you may experience as a result of the use or access of any of those third party applications, data, content, or resources.
build	Set up Android SDK	2026-02-18T05:06:21.2157910Z 
build	Set up Android SDK	2026-02-18T05:06:21.2159911Z 7.2 You should be aware the data, content, and resources presented to you through such a third party application may be protected by intellectual property rights which are owned by the providers (or by other persons or companies on their behalf). You may not modify, rent, lease, loan, sell, distribute or create derivative works based on these data, content, or resources (either in whole or in part) unless you have been specifically given permission to do so by the relevant owners.
build	Set up Android SDK	2026-02-18T05:06:21.2161525Z 
build	Set up Android SDK	2026-02-18T05:06:21.2162604Z 7.3 You acknowledge that your use of such third party applications, data, content, or resources may be subject to separate terms between you and the relevant third party. In that case, this License Agreement does not affect your legal relationship with these third parties.
build	Set up Android SDK	2026-02-18T05:06:21.2163531Z 
build	Set up Android SDK	2026-02-18T05:06:21.2163621Z 8. Using Google APIs
build	Set up Android SDK	2026-02-18T05:06:21.2163751Z 
build	Set up Android SDK	2026-02-18T05:06:21.2163823Z 8.1 Google APIs
build	Set up Android SDK	2026-02-18T05:06:21.2163931Z 
build	Set up Android SDK	2026-02-18T05:06:21.2166194Z 8.1.1 If you use any API to retrieve data from Google, you acknowledge that the data may be protected by intellectual property rights which are owned by Google or those parties that provide the data (or by other persons or companies on their behalf). Your use of any such API may be subject to additional Terms of Service. You may not modify, rent, lease, loan, sell, distribute or create derivative works based on this data (either in whole or in part) unless allowed by the relevant Terms of Service.
build	Set up Android SDK	2026-02-18T05:06:21.2168004Z 
build	Set up Android SDK	2026-02-18T05:06:21.2168995Z 8.1.2 If you use any API to retrieve a user's data from Google, you acknowledge and agree that you shall retrieve data only with the user's explicit consent and only when, and for the limited purposes for which, the user has given you permission to do so.
build	Set up Android SDK	2026-02-18T05:06:21.2169834Z 
build	Set up Android SDK	2026-02-18T05:06:21.2169969Z 9. Terminating this License Agreement
build	Set up Android SDK	2026-02-18T05:06:21.2170149Z 
build	Set up Android SDK	2026-02-18T05:06:21.2170550Z 9.1 This License Agreement will continue to apply until terminated by either you or Google as set out below.
build	Set up Android SDK	2026-02-18T05:06:21.2171051Z 
build	Set up Android SDK	2026-02-18T05:06:21.2171817Z 9.2 If you want to terminate this License Agreement, you may do so by ceasing your use of the GDK and any relevant developer credentials.
build	Set up Android SDK	2026-02-18T05:06:21.2172356Z 
build	Set up Android SDK	2026-02-18T05:06:21.2175264Z 9.3 Google may at any time, terminate this License Agreement with you if: (A) you have breached any provision of this License Agreement; or (B) Google is required to do so by law; or (C) the partner with whom Google offered certain parts of GDK (such as APIs) to you has terminated its relationship with Google or ceased to offer certain parts of the GDK to you; or (D) Google decides to no longer provide the GDK or certain parts of the GDK to users in the country in which you are resident or from which you use the service, or the provision of the GDK or certain GDK services to you by Google is, in Google's sole discretion, no longer commercially viable.
build	Set up Android SDK	2026-02-18T05:06:21.2177359Z 
build	Set up Android SDK	2026-02-18T05:06:21.2179184Z 9.4 When this License Agreement comes to an end, all of the legal rights, obligations and liabilities that you and Google have benefited from, been subject to (or which have accrued over time whilst this License Agreement has been in force) or which are expressed to continue indefinitely, shall be unaffected by this cessation, and the provisions of paragraph 14.7 shall continue to apply to such rights, obligations and liabilities indefinitely.
build	Set up Android SDK	2026-02-18T05:06:21.2180664Z 
build	Set up Android SDK	2026-02-18T05:06:21.2180773Z 10. DISCLAIMER OF WARRANTIES
build	Set up Android SDK	2026-02-18T05:06:21.2180922Z 
build	Set up Android SDK	2026-02-18T05:06:21.2181631Z 10.1 YOU EXPRESSLY UNDERSTAND AND AGREE THAT YOUR USE OF THE GDK IS AT YOUR SOLE RISK AND THAT THE GDK IS PROVIDED "AS IS" AND "AS AVAILABLE" WITHOUT WARRANTY OF ANY KIND FROM GOOGLE.
build	Set up Android SDK	2026-02-18T05:06:21.2182231Z 
build	Set up Android SDK	2026-02-18T05:06:21.2183254Z 10.2 YOUR USE OF THE GDK AND ANY MATERIAL DOWNLOADED OR OTHERWISE OBTAINED THROUGH THE USE OF THE GDK IS AT YOUR OWN DISCRETION AND RISK AND YOU ARE SOLELY RESPONSIBLE FOR ANY DAMAGE TO YOUR COMPUTER SYSTEM OR OTHER DEVICE OR LOSS OF DATA THAT RESULTS FROM SUCH USE.
build	Set up Android SDK	2026-02-18T05:06:21.2184336Z 
build	Set up Android SDK	2026-02-18T05:06:21.2185390Z 10.3 GOOGLE FURTHER EXPRESSLY DISCLAIMS ALL WARRANTIES AND CONDITIONS OF ANY KIND, WHETHER EXPRESS OR IMPLIED, INCLUDING, BUT NOT LIMITED TO THE IMPLIED WARRANTIES AND CONDITIONS OF MERCHANTABILITY, FITNESS FOR A PARTICULAR PURPOSE AND NON-INFRINGEMENT.
build	Set up Android SDK	2026-02-18T05:06:21.2186272Z 
build	Set up Android SDK	2026-02-18T05:06:21.2186377Z 11. LIMITATION OF LIABILITY
build	Set up Android SDK	2026-02-18T05:06:21.2186520Z 
build	Set up Android SDK	2026-02-18T05:06:21.2188296Z 11.1 YOU EXPRESSLY UNDERSTAND AND AGREE THAT GOOGLE, ITS SUBSIDIARIES AND AFFILIATES, AND ITS LICENSORS SHALL NOT BE LIABLE TO YOU UNDER ANY THEORY OF LIABILITY FOR ANY DIRECT, INDIRECT, INCIDENTAL, SPECIAL, CONSEQUENTIAL OR EXEMPLARY DAMAGES THAT MAY BE INCURRED BY YOU, INCLUDING ANY LOSS OF DATA, WHETHER OR NOT GOOGLE OR ITS REPRESENTATIVES HAVE BEEN ADVISED OF OR SHOULD HAVE BEEN AWARE OF THE POSSIBILITY OF ANY SUCH LOSSES ARISING.
build	Set up Android SDK	2026-02-18T05:06:21.2189756Z 
build	Set up Android SDK	2026-02-18T05:06:21.2189843Z 12. Indemnification
build	Set up Android SDK	2026-02-18T05:06:21.2189965Z 
build	Set up Android SDK	2026-02-18T05:06:21.2193797Z 12.1 To the maximum extent permitted by law, you agree to defend, indemnify and hold harmless Google, its affiliates and their respective directors, officers, employees and agents from and against any and all claims, actions, suits or proceedings, as well as any and all losses, liabilities, damages, costs and expenses (including reasonable attorneys fees) arising out of or accruing from (a) your use of the GDK, (b) any application you develop on the GDK that infringes any copyright, trademark, trade secret, trade dress, patent or other intellectual property right of any person or defames any person or violates their rights of publicity or privacy, and (c) any non-compliance by you with this License Agreement.
build	Set up Android SDK	2026-02-18T05:06:21.2197287Z 
build	Set up Android SDK	2026-02-18T05:06:21.2197446Z 13. Changes to the License Agreement
build	Set up Android SDK	2026-02-18T05:06:21.2197626Z 
build	Set up Android SDK	2026-02-18T05:06:21.2198560Z 13.1 Google may make changes to the License Agreement as it distributes new versions of the GDK. When these changes are made, Google will make a new version of the License Agreement available on the website where the GDK is made available.
build	Set up Android SDK	2026-02-18T05:06:21.2199530Z 
build	Set up Android SDK	2026-02-18T05:06:21.2199632Z 14. General Legal Terms
build	Set up Android SDK	2026-02-18T05:06:21.2199762Z 
build	Set up Android SDK	2026-02-18T05:06:21.2200993Z 14.1 This License Agreement constitutes the whole legal agreement between you and Google and governs your use of the GDK (excluding any services which Google may provide to you under a separate written agreement), and completely replaces any prior agreements between you and Google in relation to the GDK.
build	Set up Android SDK	2026-02-18T05:06:21.2202027Z 
build	Set up Android SDK	2026-02-18T05:06:21.2203300Z 14.2 You agree that if Google does not exercise or enforce any legal right or remedy which is contained in this License Agreement (or which Google has the benefit of under any applicable law), this will not be taken to be a formal waiver of Google's rights and that those rights or remedies will still be available to Google.
build	Set up Android SDK	2026-02-18T05:06:21.2204756Z 
build	Set up Android SDK	2026-02-18T05:06:21.2206185Z 14.3 If any court of law, having the jurisdiction to decide on this matter, rules that any provision of this License Agreement is invalid, then that provision will be removed from this License Agreement without affecting the rest of this License Agreement. The remaining provisions of this License Agreement will continue to be valid and enforceable.
build	Set up Android SDK	2026-02-18T05:06:21.2207361Z 
build	Set up Android SDK	2026-02-18T05:06:21.2209176Z 14.4 You acknowledge and agree that each member of the group of companies of which Google is the parent shall be third party beneficiaries to this License Agreement and that such other companies shall be entitled to directly enforce, and rely upon, any provision of this License Agreement that confers a benefit on (or rights in favor of) them. Other than this, no other person or company shall be third party beneficiaries to this License Agreement.
build	Set up Android SDK	2026-02-18T05:06:21.2210666Z 
build	Set up Android SDK	2026-02-18T05:06:21.2211720Z 14.5 EXPORT RESTRICTIONS. THE GDK IS SUBJECT TO UNITED STATES EXPORT LAWS AND REGULATIONS. YOU MUST COMPLY WITH ALL DOMESTIC AND INTERNATIONAL EXPORT LAWS AND REGULATIONS THAT APPLY TO THE GDK. THESE LAWS INCLUDE RESTRICTIONS ON DESTINATIONS, END USERS AND END USE.
build	Set up Android SDK	2026-02-18T05:06:21.2212631Z 
build	Set up Android SDK	2026-02-18T05:06:21.2214012Z 14.6 The rights granted in this License Agreement may not be assigned or transferred by either you or Google without the prior written approval of the other party. Neither you nor Google shall be permitted to delegate their responsibilities or obligations under this License Agreement without the prior written approval of the other party.
build	Set up Android SDK	2026-02-18T05:06:21.2215418Z 
build	Set up Android SDK	2026-02-18T05:06:21.2217723Z 14.7 This License Agreement, and your relationship with Google under this License Agreement, shall be governed by the laws of the State of California without regard to its conflict of laws provisions. You and Google agree to submit to the exclusive jurisdiction of the courts located within the county of Santa Clara, California to resolve any legal matter arising from this License Agreement. Notwithstanding this, you agree that Google shall still be allowed to apply for injunctive remedies (or an equivalent type of urgent legal relief) in any jurisdiction.
build	Set up Android SDK	2026-02-18T05:06:21.2219753Z 
build	Set up Android SDK	2026-02-18T05:06:21.2219847Z November 19, 2013
build	Set up Android SDK	2026-02-18T05:06:21.2220088Z ---------------------------------------
build	Set up Android SDK	2026-02-18T05:06:21.2220344Z Accept? (y/N): 
build	Set up Android SDK	2026-02-18T05:06:21.2220615Z 6/6: License mips-android-sysimage-license:
build	Set up Android SDK	2026-02-18T05:06:21.2220924Z ---------------------------------------
build	Set up Android SDK	2026-02-18T05:06:21.2223443Z MIPS Technologies, Inc. (“MIPS”) Internal Evaluation License Agreement for MIPS Android™ System Images for Android Software Development Kit (SDK): This Internal Evaluation License Agreement (this "Agreement") is entered into by and between MIPS and you (as an individual developer or a legal entity -- identified below as “Recipient”). MIPS shall make the Evaluation Software available to Recipient as described in accordance with the terms and conditions set forth below.
build	Set up Android SDK	2026-02-18T05:06:21.2225404Z 
build	Set up Android SDK	2026-02-18T05:06:21.2227823Z By clicking on the “Accept” button, downloading, installing, or otherwise using the Evaluation Materials (defined below), you agree to be bound by the terms of this Agreement effective as of the date you click “Accept” (the “Effective Date”), and if doing so on behalf of an entity, you represent that you are authorized to bind the entity to the terms and conditions of this Agreement. If you do not agree to be bound by the terms and conditions of this Agreement, do not download, install, or use the Evaluation Materials.
build	Set up Android SDK	2026-02-18T05:06:21.2229529Z 
build	Set up Android SDK	2026-02-18T05:06:21.2229754Z 1. DEFINITIONS. These terms shall have the following meanings:
build	Set up Android SDK	2026-02-18T05:06:21.2230004Z 
build	Set up Android SDK	2026-02-18T05:06:21.2230705Z 1.1 “MIPS” shall mean MIPS Technologies, Inc., a Delaware corporation having a principal place of business at: 955 East Arques Ave., Sunnyvale, CA 94085
build	Set up Android SDK	2026-02-18T05:06:21.2231237Z 
build	Set up Android SDK	2026-02-18T05:06:21.2231932Z 1.2 “Evaluation Software” shall mean MIPS Android™ emulator system images for Android Software Development Kit (SDK), as made available to Recipient.
build	Set up Android SDK	2026-02-18T05:06:21.2232470Z 
build	Set up Android SDK	2026-02-18T05:06:21.2233932Z 1.3 “Evaluation Materials" means, collectively, the Evaluation Software (in source and/or object code form) and documentation (including, without limitation, any design documents, specifications, reference manuals, and other related materials) related to the Evaluation Software as made available to Recipient.
build	Set up Android SDK	2026-02-18T05:06:21.2235214Z 
build	Set up Android SDK	2026-02-18T05:06:21.2239872Z 1.4 “Open Source Software” means any software that requires (as a condition of use, modification and/or distribution of such software) that such software or other software incorporated into, derived from or distributed with such software (a) be disclosed or distributed in source code form; or (b) be licensed by the user to third parties for the purpose of making and/or distributing derivative works; or (c) be redistributable at no charge. Open Source Software includes, without limitation, software licensed or distributed under any of the following licenses or distribution models, or licenses or distribution models substantially similar to any of the following: (a) GNU’s General Public License (GPL) or Lesser/Library GPL (LGPL), (b) the Artistic License (e.g., PERL), (c) the Mozilla Public License, (d) the Netscape Public License, (e) the Sun Community Source License (SCSL), (f) the Sun Industry Source License (SISL), (g) the Apache Software license and (h) the Common Public License (CPL).
build	Set up Android SDK	2026-02-18T05:06:21.2243144Z 
build	Set up Android SDK	2026-02-18T05:06:21.2244747Z 1.5 “Pre-Release Materials” means “alpha” or “beta” designated pre-release features, which may not be fully functional, which MIPS may substantially modify in producing any production version of the Evaluation Materials, and/or which is still under development by MIPS and/or MIPS’ suppliers.
build	Set up Android SDK	2026-02-18T05:06:21.2245773Z 
build	Set up Android SDK	2026-02-18T05:06:21.2248149Z 2. PURPOSE. MIPS desires to make the Evaluation Materials available to Recipient solely for Recipient's internal evaluation of the Evaluation Software to evaluate the desirability of cooperating with MIPS in developing products that are compatible with the Evaluation Software and/or to advise MIPS as to possible modifications to the Evaluation Software. Recipient may not disclose, distribute, modify (except to facilitate the above-mentioned internal evaluation), or make commercial use of the Evaluation Materials or any modifications of the Evaluation Materials.
build	Set up Android SDK	2026-02-18T05:06:21.2250440Z 
build	Set up Android SDK	2026-02-18T05:06:21.2252165Z THE EVALUATION MATERIALS ARE PROVIDED FOR EVALUATION PURPOSES ONLY AND MAY NOT BE MODIFIED (EXCEPT TO FACILITATE THE INTERNAL EVALUATION) OR DISTRIBUTED BY RECIPIENT OR INCORPORATED INTO RECIPIENT’S PRODUCTS OR SOFTWARE. PLEASE CONTACT A MIPS SALES REPRESENTATIVE TO LEARN ABOUT THE AVAILABILITY AND COST OF A COMMERCIAL VERSION OF THE EVALUATION SOFTWARE.
build	Set up Android SDK	2026-02-18T05:06:21.2253392Z 
build	Set up Android SDK	2026-02-18T05:06:21.2254884Z 3. TITLE. Title to the Evaluation Materials remains with MIPS or its suppliers. Recipient shall not mortgage, pledge or encumber the Evaluation Materials in any way. Recipient shall return all Evaluation Materials, keeping no copies, upon termination or expiration of this Agreement.
build	Set up Android SDK	2026-02-18T05:06:21.2256043Z 
build	Set up Android SDK	2026-02-18T05:06:21.2260603Z 4. LICENSE. MIPS grants Recipient a royalty-free, personal, nontransferable, nonexclusive license under its copyrights to use the Evaluation Software only for the purposes described in paragraph 2 above and only for a period beginning on the Effective Date and extending to the first anniversary of the Effective Date (the “Evaluation Period”). Unless otherwise communicated in writing by MIPS to Recipient, to the extent the Evaluation Software is provided in more than one delivery or release (each, a “Release”) the license grant in this Section 4 and the Evaluation Period shall apply to each Release, in which case the Evaluation Period shall begin on the date that the Release is made generally available and continue to the first anniversary of such date. Recipient may not make modifications to the Evaluation Software. Recipient shall not disassemble, reverse-engineer, or decompile any software that is not provided to Recipient in source code form.
build	Set up Android SDK	2026-02-18T05:06:21.2263811Z 
build	Set up Android SDK	2026-02-18T05:06:21.2263818Z 
build	Set up Android SDK	2026-02-18T05:06:21.2265570Z EXCEPT AS PROVIDED HEREIN, NO OTHER LICENSE, EXPRESS OR IMPLIED, BY ESTOPPEL OR OTHERWISE, TO ANY OTHER MIPS INTELLECTUAL PROPERTY RIGHTS IS GRANTED TO THE RECIPIENT. OTHER THAN AS EXPLICITLY SET FORTH IN PARAGRAPH 2 ABOVE, NO RIGHT TO COPY, TO REPRODUCE, TO MODIFY, OR TO CREATE DERIVATIVE WORKS OF, THE EVALUATION MATERIALS IS GRANTED HEREIN.
build	Set up Android SDK	2026-02-18T05:06:21.2266734Z 
build	Set up Android SDK	2026-02-18T05:06:21.2267777Z 5. NO OBLIGATION. Recipient shall have no duty to purchase or license any product from MIPS. MIPS and its suppliers shall have no obligation to provide support for, or develop a non-evaluation version of, the Evaluation Software or to license any version of it.
build	Set up Android SDK	2026-02-18T05:06:21.2268670Z 
build	Set up Android SDK	2026-02-18T05:06:21.2273248Z 6. MODIFICATIONS. This Agreement does not obligate Recipient to provide MIPS with comments or suggestions regarding Evaluation Materials. However, should Recipient provide MIPS with comments or suggestions for the modification, correction, improvement or enhancement of (a) the Evaluation Materials or (b) MIPS products or processes which may embody the Evaluation Materials, then Recipient agrees to grant and hereby grants to MIPS a non-exclusive, irrevocable, worldwide, fully paid-up, royalty-free license, with the right to sublicense MIPS’ licensees and customers, under Recipient’s Intellectual property rights, to use and disclose such comments and suggestions in any manner MIPS chooses and to display, perform, copy, make, have made, use, sell, offer to sell, import, and otherwise dispose of MIPS’ and its sublicensee’s products embodying such comments and suggestions in any manner and via any media MIPS chooses, without reference to the source.
build	Set up Android SDK	2026-02-18T05:06:21.2276633Z 
build	Set up Android SDK	2026-02-18T05:06:21.2278681Z 7. WARRANTY DISCLAIMER. MIPS AND ITS SUPPLIERS MAKE NO WARRANTIES WITH RESPECT TO EVALUATION MATERIALS, EITHER EXPRESS OR IMPLIED, INCLUDING ANY IMPLIED WARRANTIES OF MERCHANTABILITY OR FITNESS FOR A PARTICULAR PURPOSE, OR ANY IMPLIED WARRANTY OF NONINFRINGEMENT WITH RESPECT TO THIRD PARTY INTELLECTUAL PROPERTY. RECIPIENT ACKNOWLEDGES AND AGREES THAT THE EVALUATION MATERIALS ARE PROVIDED “AS IS,” WITHOUT WARRANTY OF ANY KIND.
build	Set up Android SDK	2026-02-18T05:06:21.2280311Z 
build	Set up Android SDK	2026-02-18T05:06:21.2282712Z 8. LIMITATION OF LIABILITY. MIPS AND ITS SUPPLIERS SHALL NOT BE LIABLE FOR ANY PROPERTY DAMAGE, PERSONAL INJURY, LOSS OF PROFITS, INTERRUPTION OF BUSINESS OR FOR ANY DIRECT, INDIRECT, SPECIAL, CONSEQUENTIAL OR INCIDENTAL DAMAGES, HOWEVER CAUSED OR ALLEGED, WHETHER FOR BREACH OF WARRANTY, CONTRACT, STRICT LIABILITY OR OTHERWISE, INCLUDING WITHOUT LIMITATION, UNDER TORT OR OTHER LEGAL THEORY. MIPS AND ITS SUPPLIERS DISCLAIM ANY AND ALL LIABILITY, INCLUDING LIABILITY FOR INFRINGEMENT OF ANY INTELLECTUAL PROPERTY RIGHTS OF ANY KIND RELATING TO THE EVALUATION MATERIALS.
build	Set up Android SDK	2026-02-18T05:06:21.2284871Z 
build	Set up Android SDK	2026-02-18T05:06:21.2285755Z 9. EXPIRATION. MIPS may terminate this Agreement immediately after a breach by Recipient or otherwise at MIPS’ reasonable discretion and upon five (5) business days’ notice to Recipient.
build	Set up Android SDK	2026-02-18T05:06:21.2286423Z 
build	Set up Android SDK	2026-02-18T05:06:21.2286496Z 10. GENERAL.
build	Set up Android SDK	2026-02-18T05:06:21.2286602Z 
build	Set up Android SDK	2026-02-18T05:06:21.2290575Z 10.1 Controlling Law. This Agreement shall be governed by California law excluding its choice of law rules. With the exception of MIPS’ rights to enforce its intellectual property rights and any confidentiality obligations under this Agreement or any licenses distributed with the Evaluation Materials, all disputes and any claims arising under or relating to this Agreement shall be subject to the exclusive jurisdiction and venue of the state and federal courts located in Santa Clara County, California. Each party hereby agrees to jurisdiction and venue in the courts set forth in the preceding sentence. The parties agree that the United Nations Convention on Contracts for the International Sale of Goods is specifically excluded from application to this Agreement. The parties consent to the personal jurisdiction of the above courts.
build	Set up Android SDK	2026-02-18T05:06:21.2293401Z 
build	Set up Android SDK	2026-02-18T05:06:21.2295682Z 10.2 Remedies. Recipient acknowledges and agrees that any breach of confidentiality obligations under this Agreement or any licenses distributed with the Evaluation Materials, as well as any disclosure, commercialization, or public use of the Evaluation Materials, would cause irreparable injury to MIPS, and therefore Recipient agrees to consent to, and hereby consents to, the grant of an injunction by any court of competent jurisdiction in the event of an actual or threatened breach.
build	Set up Android SDK	2026-02-18T05:06:21.2297340Z 
build	Set up Android SDK	2026-02-18T05:06:21.2299813Z 10.3 Assignment. Recipient may not delegate, assign or transfer this Agreement, the license granted or any of Recipient’s rights, obligations, or duties hereunder, expressly, by implication, by operation of law, by way of merger (regardless of whether Recipient is the surviving entity) or acquisition, or otherwise and any attempt to do so, without MIPS’ express prior written consent, shall be ineffective, null and void. MIPS may freely assign this Agreement, and its rights and obligations hereunder, in its sole discretion.
build	Set up Android SDK	2026-02-18T05:06:21.2301589Z 
build	Set up Android SDK	2026-02-18T05:06:21.2303494Z 10.4 Entire Agreement. This Agreement constitutes the entire agreement between Recipient and MIPS and supersedes in their entirety any and all oral or written agreements previously existing between Recipient and MIPS with respect to the subject matter hereof. This Agreement may only be amended or supplemented by a writing that refers explicitly to this Agreement and that is signed or otherwise accepted by duly authorized representatives of Recipient and MIPS.
build	Set up Android SDK	2026-02-18T05:06:21.2305373Z 
build	Set up Android SDK	2026-02-18T05:06:21.2307263Z 10.5 Severability. In the event that any provision of this Agreement is finally adjudicated to be unenforceable or invalid under any applicable law, such unenforceability or invalidity shall not render this Agreement unenforceable or invalid as a whole, and, in such event, such unenforceable or invalid provision shall be interpreted so as to best accomplish the objectives of such provision within the limits of applicable law or applicable court decisions.
build	Set up Android SDK	2026-02-18T05:06:21.2308969Z 
build	Set up Android SDK	2026-02-18T05:06:21.2315169Z 10.6 Export Regulations / Export Control. Recipient shall not export, either directly or indirectly, any product, service or technical data or system incorporating the Evaluation Materials without first obtaining any required license or other necessary approval from the U.S. Department of Commerce or any other governing agency or department of the United States Government. In the event any product is exported from the United States or re-exported from a foreign destination by Recipient, Recipient shall ensure that the distribution and export/re-export or import of the product is in compliance with all applicable laws, regulations, orders, or other restrictions of the U.S. Export Administration Regulations and the appropriate foreign government. Recipient agrees that neither it nor any of its subsidiaries will export/re-export any technical data, process, product, or service, directly or indirectly, to any country for which the United States government or any agency thereof or the foreign government from where it is shipping requires an export license, or other governmental approval, without first obtaining such license or approval. Recipient also agrees to implement measures to ensure that foreign national employees are authorized to receive any information controlled by U.S. export control laws. An export is "deemed" to take place when information is released to a foreign national wherever located.
build	Set up Android SDK	2026-02-18T05:06:21.2320215Z 
build	Set up Android SDK	2026-02-18T05:06:21.2325100Z 10.7 Special Terms for Pre-Release Materials. If so indicated in the description of the Evaluation Software, the Evaluation Software may contain Pre-Release Materials. Recipient hereby understands, acknowledges and agrees that: (i) Pre-Release Materials may not be fully tested and may contain bugs or errors; (ii) Pre-Release materials are not suitable for commercial release in their current state; (iii) regulatory approvals for Pre-Release Materials (such as UL or FCC) have not been obtained, and Pre-Release Materials may therefore not be certified for use in certain countries or environments or may not be suitable for certain applications and (iv) MIPS can provide no assurance that it will ever produce or make generally available a production version of the Pre-Release Materials . MIPS is not under any obligation to develop and/or release or offer for sale or license a final product based upon the Pre-Release Materials and may unilaterally elect to abandon the Pre-Release Materials or any such development platform at any time and without any obligation or liability whatsoever to Recipient or any other person.
build	Set up Android SDK	2026-02-18T05:06:21.2328996Z 
build	Set up Android SDK	2026-02-18T05:06:21.2329822Z ANY PRE-RELEASE MATERIALS ARE NON-QUALIFIED AND, AS SUCH, ARE PROVIDED “AS IS” AND “AS AVAILABLE”, POSSIBLY WITH FAULTS, AND WITHOUT REPRESENTATION OR WARRANTY OF ANY KIND.
build	Set up Android SDK	2026-02-18T05:06:21.2330434Z 
build	Set up Android SDK	2026-02-18T05:06:21.2333083Z 10.8 Open Source Software. In the event Open Source software is included with Evaluation Software, such Open Source software is licensed pursuant to the applicable Open Source software license agreement identified in the Open Source software comments in the applicable source code file(s) and/or file header as indicated in the Evaluation Software. Additional detail may be available (where applicable) in the accompanying on-line documentation. With respect to the Open Source software, nothing in this Agreement limits any rights under, or grants rights that supersede, the terms of any applicable Open Source software license agreement.
build	Set up Android SDK	2026-02-18T05:06:21.2335671Z ---------------------------------------
build	Set up Android SDK	2026-02-18T05:06:21.2336016Z Accept? (y/N): All SDK package licenses accepted
build	Set up Android SDK	2026-02-18T05:06:21.2336229Z 
build	Set up Android SDK	2026-02-18T05:06:21.2336573Z [command]/usr/local/lib/android/sdk/cmdline-tools/16.0/bin/sdkmanager platform-tools
build	Set up Android SDK	2026-02-18T05:06:21.9282828Z Loading package information...                                                  
build	Set up Android SDK	2026-02-18T05:06:22.0263714Z Loading local repository...                                                     
build	Set up Android SDK	2026-02-18T05:06:22.0264895Z [                                       ] 3% Loading local repository...        
build	Set up Android SDK	2026-02-18T05:06:22.0367893Z [                                       ] 3% Fetch remote repository...         
build	Set up Android SDK	2026-02-18T05:06:22.3160635Z [=                                      ] 3% Fetch remote repository...         
build	Set up Android SDK	2026-02-18T05:06:22.3685843Z [=                                      ] 4% Fetch remote repository...         
build	Set up Android SDK	2026-02-18T05:06:22.3914997Z [=                                      ] 5% Fetch remote repository...         
build	Set up Android SDK	2026-02-18T05:06:22.4283921Z [==                                     ] 5% Fetch remote repository...         
build	Set up Android SDK	2026-02-18T05:06:22.4936451Z [==                                     ] 6% Fetch remote repository...         
build	Set up Android SDK	2026-02-18T05:06:22.5848550Z [==                                     ] 7% Fetch remote repository...         
build	Set up Android SDK	2026-02-18T05:06:22.5868930Z [==                                     ] 7% Computing updates...               
build	Set up Android SDK	2026-02-18T05:06:22.6087381Z [===                                    ] 8% Computing updates...               
build	Set up Android SDK	2026-02-18T05:06:22.6175642Z [===                                    ] 10% Computing updates...              
build	Set up Android SDK	2026-02-18T05:06:22.6177009Z [=======================================] 100% Computing updates...             
build	Set up Android SDK	2026-02-18T05:06:22.6177550Z 
build	Set up Android SDK	2026-02-18T05:06:22.6478794Z [command]/usr/local/lib/android/sdk/cmdline-tools/16.0/bin/sdkmanager platforms;android-34
build	Set up Android SDK	2026-02-18T05:06:23.4093822Z Loading package information...                                                  
build	Set up Android SDK	2026-02-18T05:06:23.5096156Z Loading local repository...                                                     
build	Set up Android SDK	2026-02-18T05:06:23.5099302Z [                                       ] 3% Loading local repository...        
build	Set up Android SDK	2026-02-18T05:06:23.5191824Z [                                       ] 3% Fetch remote repository...         
build	Set up Android SDK	2026-02-18T05:06:23.7811898Z [=                                      ] 3% Fetch remote repository...         
build	Set up Android SDK	2026-02-18T05:06:23.8383626Z [=                                      ] 4% Fetch remote repository...         
build	Set up Android SDK	2026-02-18T05:06:23.8613654Z [=                                      ] 5% Fetch remote repository...         
build	Set up Android SDK	2026-02-18T05:06:23.8886625Z [==                                     ] 5% Fetch remote repository...         
build	Set up Android SDK	2026-02-18T05:06:23.9469211Z [==                                     ] 6% Fetch remote repository...         
build	Set up Android SDK	2026-02-18T05:06:24.0118811Z [==                                     ] 7% Fetch remote repository...         
build	Set up Android SDK	2026-02-18T05:06:24.0145594Z [==                                     ] 7% Computing updates...               
build	Set up Android SDK	2026-02-18T05:06:24.0253196Z [===                                    ] 8% Computing updates...               
build	Set up Android SDK	2026-02-18T05:06:24.0310574Z [===                                    ] 10% Computing updates...              
build	Set up Android SDK	2026-02-18T05:06:24.0311659Z [=======================================] 100% Computing updates...             
build	Set up Android SDK	2026-02-18T05:06:24.0312182Z 
build	Set up Android SDK	2026-02-18T05:06:24.0569571Z [command]/usr/local/lib/android/sdk/cmdline-tools/16.0/bin/sdkmanager build-tools;34.0.0
build	Set up Android SDK	2026-02-18T05:06:24.8109393Z Loading package information...                                                  
build	Set up Android SDK	2026-02-18T05:06:24.9138048Z Loading local repository...                                                     
build	Set up Android SDK	2026-02-18T05:06:24.9139162Z [                                       ] 3% Loading local repository...        
build	Set up Android SDK	2026-02-18T05:06:24.9232146Z [                                       ] 3% Fetch remote repository...         
build	Set up Android SDK	2026-02-18T05:06:25.2508199Z [=                                      ] 3% Fetch remote repository...         
build	Set up Android SDK	2026-02-18T05:06:25.3209904Z [=                                      ] 4% Fetch remote repository...         
build	Set up Android SDK	2026-02-18T05:06:25.3561799Z [=                                      ] 5% Fetch remote repository...         
build	Set up Android SDK	2026-02-18T05:06:25.3885588Z [==                                     ] 5% Fetch remote repository...         
build	Set up Android SDK	2026-02-18T05:06:25.4484834Z [==                                     ] 6% Fetch remote repository...         
build	Set up Android SDK	2026-02-18T05:06:25.5124844Z [==                                     ] 7% Fetch remote repository...         
build	Set up Android SDK	2026-02-18T05:06:25.5126988Z [==                                     ] 7% Computing updates...               
build	Set up Android SDK	2026-02-18T05:06:25.5272671Z [===                                    ] 8% Computing updates...               
build	Set up Android SDK	2026-02-18T05:06:25.5341656Z [===                                    ] 10% Computing updates...              
build	Set up Android SDK	2026-02-18T05:06:25.5342457Z [=======================================] 100% Computing updates...             
build	Set up Android SDK	2026-02-18T05:06:25.5343277Z 
build	Set up Bun	﻿2026-02-18T05:06:25.5735475Z ##[group]Run oven-sh/setup-bun@v1
build	Set up Bun	2026-02-18T05:06:25.5735758Z with:
build	Set up Bun	2026-02-18T05:06:25.5735937Z   bun-version: latest
build	Set up Bun	2026-02-18T05:06:25.5736142Z   no-cache: false
build	Set up Bun	2026-02-18T05:06:25.5736322Z env:
build	Set up Bun	2026-02-18T05:06:25.5736597Z   JAVA_HOME: /opt/hostedtoolcache/Java_Temurin-Hotspot_jdk/17.0.18-8/x64
build	Set up Bun	2026-02-18T05:06:25.5737080Z   JAVA_HOME_17_X64: /opt/hostedtoolcache/Java_Temurin-Hotspot_jdk/17.0.18-8/x64
build	Set up Bun	2026-02-18T05:06:25.5737459Z   ANDROID_HOME: /usr/local/lib/android/sdk
build	Set up Bun	2026-02-18T05:06:25.5737743Z   ANDROID_SDK_ROOT: /usr/local/lib/android/sdk
build	Set up Bun	2026-02-18T05:06:25.5737995Z ##[endgroup]
build	Set up Bun	2026-02-18T05:06:25.6873390Z Downloading a new version of Bun: https://bun.sh/download/latest/linux/x64?avx2=true&profile=false
build	Set up Bun	2026-02-18T05:06:26.2961012Z [command]/usr/bin/unzip -o -q /home/runner/work/_temp/cc38c74e-276e-4adc-b0a3-603e74f7014c
build	Set up Bun	2026-02-18T05:06:27.0459687Z [command]/home/runner/.bun/bin/bun --revision
build	Set up Bun	2026-02-18T05:06:27.0499106Z 1.3.9+cf6cdbbba
build	Install Monorepo Dependencies	﻿2026-02-18T05:06:27.0614073Z ##[group]Run cd opencode
build	Install Monorepo Dependencies	2026-02-18T05:06:27.0614675Z [36;1mcd opencode[0m
build	Install Monorepo Dependencies	2026-02-18T05:06:27.0614889Z [36;1mbun install[0m
build	Install Monorepo Dependencies	2026-02-18T05:06:27.0676970Z shell: /usr/bin/bash -e {0}
build	Install Monorepo Dependencies	2026-02-18T05:06:27.0677221Z env:
build	Install Monorepo Dependencies	2026-02-18T05:06:27.0677510Z   JAVA_HOME: /opt/hostedtoolcache/Java_Temurin-Hotspot_jdk/17.0.18-8/x64
build	Install Monorepo Dependencies	2026-02-18T05:06:27.0678147Z   JAVA_HOME_17_X64: /opt/hostedtoolcache/Java_Temurin-Hotspot_jdk/17.0.18-8/x64
build	Install Monorepo Dependencies	2026-02-18T05:06:27.0678543Z   ANDROID_HOME: /usr/local/lib/android/sdk
build	Install Monorepo Dependencies	2026-02-18T05:06:27.0678826Z   ANDROID_SDK_ROOT: /usr/local/lib/android/sdk
build	Install Monorepo Dependencies	2026-02-18T05:06:27.0679080Z ##[endgroup]
build	Install Monorepo Dependencies	2026-02-18T05:06:27.0796413Z bun install v1.3.9 (cf6cdbbb)
build	Install Monorepo Dependencies	2026-02-18T05:06:27.1027356Z Resolving dependencies
build	Install Monorepo Dependencies	2026-02-18T05:06:27.6845587Z Resolved, downloaded and extracted [362]
build	Install Monorepo Dependencies	2026-02-18T05:06:36.2691541Z Saved lockfile
build	Install Monorepo Dependencies	2026-02-18T05:06:36.2691801Z 
build	Install Monorepo Dependencies	2026-02-18T05:06:36.2691908Z $ husky
build	Install Monorepo Dependencies	2026-02-18T05:06:36.3030010Z .git can't be found
build	Install Monorepo Dependencies	2026-02-18T05:06:36.3030650Z + @actions/artifact@5.0.1 (v6.1.0 available)
build	Install Monorepo Dependencies	2026-02-18T05:06:36.3031472Z + @tsconfig/bun@1.0.9 (v1.0.10 available)
build	Install Monorepo Dependencies	2026-02-18T05:06:36.3031873Z + husky@9.1.7
build	Install Monorepo Dependencies	2026-02-18T05:06:36.3032186Z + prettier@3.6.2
build	Install Monorepo Dependencies	2026-02-18T05:06:36.3032480Z + semver@7.7.4
build	Install Monorepo Dependencies	2026-02-18T05:06:36.3032759Z + sst@3.17.23
build	Install Monorepo Dependencies	2026-02-18T05:06:36.3033032Z + turbo@2.5.6
build	Install Monorepo Dependencies	2026-02-18T05:06:36.3033403Z + @aws-sdk/client-s3@3.933.0
build	Install Monorepo Dependencies	2026-02-18T05:06:36.3033742Z + typescript@5.8.2 (v5.9.3 available)
build	Install Monorepo Dependencies	2026-02-18T05:06:36.3033919Z 
build	Install Monorepo Dependencies	2026-02-18T05:06:36.3034082Z 3798 packages installed [9.22s]
build	Build Frontend	﻿2026-02-18T05:06:36.3865672Z ##[group]Run cd opencode/packages/app
build	Build Frontend	2026-02-18T05:06:36.3866027Z [36;1mcd opencode/packages/app[0m
build	Build Frontend	2026-02-18T05:06:36.3866292Z [36;1mbun run build[0m
build	Build Frontend	2026-02-18T05:06:36.3922685Z shell: /usr/bin/bash -e {0}
build	Build Frontend	2026-02-18T05:06:36.3922932Z env:
build	Build Frontend	2026-02-18T05:06:36.3923227Z   JAVA_HOME: /opt/hostedtoolcache/Java_Temurin-Hotspot_jdk/17.0.18-8/x64
build	Build Frontend	2026-02-18T05:06:36.3923707Z   JAVA_HOME_17_X64: /opt/hostedtoolcache/Java_Temurin-Hotspot_jdk/17.0.18-8/x64
build	Build Frontend	2026-02-18T05:06:36.3924347Z   ANDROID_HOME: /usr/local/lib/android/sdk
build	Build Frontend	2026-02-18T05:06:36.3924658Z   ANDROID_SDK_ROOT: /usr/local/lib/android/sdk
build	Build Frontend	2026-02-18T05:06:36.3924911Z ##[endgroup]
build	Build Frontend	2026-02-18T05:06:36.4027232Z $ vite build
build	Build Frontend	2026-02-18T05:06:36.9740558Z [36mvite v7.1.4 [32mbuilding for production...[36m[39m
build	Build Frontend	2026-02-18T05:06:37.1287791Z transforming...
build	Build Frontend	2026-02-18T05:06:38.1673530Z [32m✓[39m 32 modules transformed.
build	Build Frontend	2026-02-18T05:06:38.1721059Z [31m✗[39m Build failed in 1.17s
build	Build Frontend	2026-02-18T05:06:38.1721991Z [31merror during build:
build	Build Frontend	2026-02-18T05:06:38.1724547Z [31m[vite:load-fallback] Could not load /home/runner/work/opencode-android-apk/opencode-android-apk/opencode/packages/app/src/components/connect-server (imported by src/app.tsx): ENOENT: no such file or directory, open '/home/runner/work/opencode-android-apk/opencode-android-apk/opencode/packages/app/src/components/connect-server'[31m
build	Build Frontend	2026-02-18T05:06:38.1726154Z     at async open (node:internal/fs/promises:634:25)
build	Build Frontend	2026-02-18T05:06:38.1727036Z     at async Object.readFile (node:internal/fs/promises:1236:14)
build	Build Frontend	2026-02-18T05:06:38.1728359Z     at async Object.handler (file:///home/runner/work/opencode-android-apk/opencode-android-apk/opencode/node_modules/.bun/vite@7.1.4+4ba328f847b7c2e8/node_modules/vite/dist/node/chunks/dep-C6pp_iVS.js:33964:21)
build	Build Frontend	2026-02-18T05:06:38.1730295Z     at async PluginDriver.hookFirstAndGetPlugin (file:///home/runner/work/opencode-android-apk/opencode-android-apk/opencode/node_modules/.bun/rollup@4.57.1/node_modules/rollup/dist/es/shared/node-entry.js:22430:28)
build	Build Frontend	2026-02-18T05:06:38.1732203Z     at async file:///home/runner/work/opencode-android-apk/opencode-android-apk/opencode/node_modules/.bun/rollup@4.57.1/node_modules/rollup/dist/es/shared/node-entry.js:21422:33
build	Build Frontend	2026-02-18T05:06:38.1734463Z     at async Queue.work (file:///home/runner/work/opencode-android-apk/opencode-android-apk/opencode/node_modules/.bun/rollup@4.57.1/node_modules/rollup/dist/es/shared/node-entry.js:22658:32)[39m
build	Build Frontend	2026-02-18T05:06:38.1878498Z error: script "build" exited with code 1
build	Build Frontend	2026-02-18T05:06:38.1899977Z ##[error]Process completed with exit code 1.
build	Post Set up JDK 17	﻿2026-02-18T05:06:38.2021551Z Post job cleanup.
build	Post Checkout code	﻿2026-02-18T05:06:38.3830290Z Post job cleanup.
build	Post Checkout code	2026-02-18T05:06:38.4839357Z [command]/usr/bin/git version
build	Post Checkout code	2026-02-18T05:06:38.4886672Z git version 2.52.0
build	Post Checkout code	2026-02-18T05:06:38.4932349Z Temporarily overriding HOME='/home/runner/work/_temp/68a3b0ec-9e93-4e94-a67c-358e722d45af' before making global git config changes
build	Post Checkout code	2026-02-18T05:06:38.4934006Z Adding repository directory to the temporary git global config as a safe directory
build	Post Checkout code	2026-02-18T05:06:38.4946719Z [command]/usr/bin/git config --global --add safe.directory /home/runner/work/opencode-android-apk/opencode-android-apk
build	Post Checkout code	2026-02-18T05:06:38.4983023Z [command]/usr/bin/git config --local --name-only --get-regexp core\.sshCommand
build	Post Checkout code	2026-02-18T05:06:38.5025041Z [command]/usr/bin/git submodule foreach --recursive sh -c "git config --local --name-only --get-regexp 'core\.sshCommand' && git config --local --unset-all 'core.sshCommand' || :"
build	Post Checkout code	2026-02-18T05:06:38.5287531Z [command]/usr/bin/git config --local --name-only --get-regexp http\.https\:\/\/github\.com\/\.extraheader
build	Post Checkout code	2026-02-18T05:06:38.5309938Z http.https://github.com/.extraheader
build	Post Checkout code	2026-02-18T05:06:38.5323128Z [command]/usr/bin/git config --local --unset-all http.https://github.com/.extraheader
build	Post Checkout code	2026-02-18T05:06:38.5354883Z [command]/usr/bin/git submodule foreach --recursive sh -c "git config --local --name-only --get-regexp 'http\.https\:\/\/github\.com\/\.extraheader' && git config --local --unset-all 'http.https://github.com/.extraheader' || :"
build	Post Checkout code	2026-02-18T05:06:38.5595577Z [command]/usr/bin/git config --local --name-only --get-regexp ^includeIf\.gitdir:
build	Post Checkout code	2026-02-18T05:06:38.5628242Z [command]/usr/bin/git submodule foreach --recursive git config --local --show-origin --name-only --get-regexp remote.origin.url
build	Complete job	﻿2026-02-18T05:06:38.5977971Z Cleaning up orphan processes
